Archive member included to satisfy reference by file (symbol)

c:/st/stm32cubeide_1.10.0/stm32cubeide/plugins/com.st.stm32cube.ide.mcu.externaltools.gnu-tools-for-stm32.10.3-2021.10.win32_1.0.0.202111181127/tools/bin/../lib/gcc/arm-none-eabi/10.3.1/../../../../arm-none-eabi/lib/thumb/v7-m/nofp\libc_nano.a(lib_a-errno.o)
                              ./Core/Src/syscalls.o (__errno)
c:/st/stm32cubeide_1.10.0/stm32cubeide/plugins/com.st.stm32cube.ide.mcu.externaltools.gnu-tools-for-stm32.10.3-2021.10.win32_1.0.0.202111181127/tools/bin/../lib/gcc/arm-none-eabi/10.3.1/../../../../arm-none-eabi/lib/thumb/v7-m/nofp\libc_nano.a(lib_a-exit.o)
                              c:/st/stm32cubeide_1.10.0/stm32cubeide/plugins/com.st.stm32cube.ide.mcu.externaltools.gnu-tools-for-stm32.10.3-2021.10.win32_1.0.0.202111181127/tools/bin/../lib/gcc/arm-none-eabi/10.3.1/../../../../arm-none-eabi/lib/thumb/v7-m/nofp/crt0.o (exit)
c:/st/stm32cubeide_1.10.0/stm32cubeide/plugins/com.st.stm32cube.ide.mcu.externaltools.gnu-tools-for-stm32.10.3-2021.10.win32_1.0.0.202111181127/tools/bin/../lib/gcc/arm-none-eabi/10.3.1/../../../../arm-none-eabi/lib/thumb/v7-m/nofp\libc_nano.a(lib_a-impure.o)
                              c:/st/stm32cubeide_1.10.0/stm32cubeide/plugins/com.st.stm32cube.ide.mcu.externaltools.gnu-tools-for-stm32.10.3-2021.10.win32_1.0.0.202111181127/tools/bin/../lib/gcc/arm-none-eabi/10.3.1/../../../../arm-none-eabi/lib/thumb/v7-m/nofp\libc_nano.a(lib_a-exit.o) (_global_impure_ptr)
c:/st/stm32cubeide_1.10.0/stm32cubeide/plugins/com.st.stm32cube.ide.mcu.externaltools.gnu-tools-for-stm32.10.3-2021.10.win32_1.0.0.202111181127/tools/bin/../lib/gcc/arm-none-eabi/10.3.1/../../../../arm-none-eabi/lib/thumb/v7-m/nofp\libc_nano.a(lib_a-init.o)
                              c:/st/stm32cubeide_1.10.0/stm32cubeide/plugins/com.st.stm32cube.ide.mcu.externaltools.gnu-tools-for-stm32.10.3-2021.10.win32_1.0.0.202111181127/tools/bin/../lib/gcc/arm-none-eabi/10.3.1/../../../../arm-none-eabi/lib/thumb/v7-m/nofp/crt0.o (__libc_init_array)
c:/st/stm32cubeide_1.10.0/stm32cubeide/plugins/com.st.stm32cube.ide.mcu.externaltools.gnu-tools-for-stm32.10.3-2021.10.win32_1.0.0.202111181127/tools/bin/../lib/gcc/arm-none-eabi/10.3.1/../../../../arm-none-eabi/lib/thumb/v7-m/nofp\libc_nano.a(lib_a-memset.o)
                              c:/st/stm32cubeide_1.10.0/stm32cubeide/plugins/com.st.stm32cube.ide.mcu.externaltools.gnu-tools-for-stm32.10.3-2021.10.win32_1.0.0.202111181127/tools/bin/../lib/gcc/arm-none-eabi/10.3.1/../../../../arm-none-eabi/lib/thumb/v7-m/nofp/crt0.o (memset)

Discarded input sections

 .text          0x0000000000000000        0x0 c:/st/stm32cubeide_1.10.0/stm32cubeide/plugins/com.st.stm32cube.ide.mcu.externaltools.gnu-tools-for-stm32.10.3-2021.10.win32_1.0.0.202111181127/tools/bin/../lib/gcc/arm-none-eabi/10.3.1/thumb/v7-m/nofp/crti.o
 .data          0x0000000000000000        0x0 c:/st/stm32cubeide_1.10.0/stm32cubeide/plugins/com.st.stm32cube.ide.mcu.externaltools.gnu-tools-for-stm32.10.3-2021.10.win32_1.0.0.202111181127/tools/bin/../lib/gcc/arm-none-eabi/10.3.1/thumb/v7-m/nofp/crti.o
 .bss           0x0000000000000000        0x0 c:/st/stm32cubeide_1.10.0/stm32cubeide/plugins/com.st.stm32cube.ide.mcu.externaltools.gnu-tools-for-stm32.10.3-2021.10.win32_1.0.0.202111181127/tools/bin/../lib/gcc/arm-none-eabi/10.3.1/thumb/v7-m/nofp/crti.o
 .data          0x0000000000000000        0x4 c:/st/stm32cubeide_1.10.0/stm32cubeide/plugins/com.st.stm32cube.ide.mcu.externaltools.gnu-tools-for-stm32.10.3-2021.10.win32_1.0.0.202111181127/tools/bin/../lib/gcc/arm-none-eabi/10.3.1/thumb/v7-m/nofp/crtbegin.o
 .rodata        0x0000000000000000       0x24 c:/st/stm32cubeide_1.10.0/stm32cubeide/plugins/com.st.stm32cube.ide.mcu.externaltools.gnu-tools-for-stm32.10.3-2021.10.win32_1.0.0.202111181127/tools/bin/../lib/gcc/arm-none-eabi/10.3.1/thumb/v7-m/nofp/crtbegin.o
 .text          0x0000000000000000       0x7c c:/st/stm32cubeide_1.10.0/stm32cubeide/plugins/com.st.stm32cube.ide.mcu.externaltools.gnu-tools-for-stm32.10.3-2021.10.win32_1.0.0.202111181127/tools/bin/../lib/gcc/arm-none-eabi/10.3.1/../../../../arm-none-eabi/lib/thumb/v7-m/nofp/crt0.o
 .data          0x0000000000000000        0x0 c:/st/stm32cubeide_1.10.0/stm32cubeide/plugins/com.st.stm32cube.ide.mcu.externaltools.gnu-tools-for-stm32.10.3-2021.10.win32_1.0.0.202111181127/tools/bin/../lib/gcc/arm-none-eabi/10.3.1/../../../../arm-none-eabi/lib/thumb/v7-m/nofp/crt0.o
 .bss           0x0000000000000000        0x0 c:/st/stm32cubeide_1.10.0/stm32cubeide/plugins/com.st.stm32cube.ide.mcu.externaltools.gnu-tools-for-stm32.10.3-2021.10.win32_1.0.0.202111181127/tools/bin/../lib/gcc/arm-none-eabi/10.3.1/../../../../arm-none-eabi/lib/thumb/v7-m/nofp/crt0.o
 .ARM.extab     0x0000000000000000        0x0 c:/st/stm32cubeide_1.10.0/stm32cubeide/plugins/com.st.stm32cube.ide.mcu.externaltools.gnu-tools-for-stm32.10.3-2021.10.win32_1.0.0.202111181127/tools/bin/../lib/gcc/arm-none-eabi/10.3.1/../../../../arm-none-eabi/lib/thumb/v7-m/nofp/crt0.o
 .ARM.exidx     0x0000000000000000       0x10 c:/st/stm32cubeide_1.10.0/stm32cubeide/plugins/com.st.stm32cube.ide.mcu.externaltools.gnu-tools-for-stm32.10.3-2021.10.win32_1.0.0.202111181127/tools/bin/../lib/gcc/arm-none-eabi/10.3.1/../../../../arm-none-eabi/lib/thumb/v7-m/nofp/crt0.o
 .ARM.attributes
                0x0000000000000000       0x1b c:/st/stm32cubeide_1.10.0/stm32cubeide/plugins/com.st.stm32cube.ide.mcu.externaltools.gnu-tools-for-stm32.10.3-2021.10.win32_1.0.0.202111181127/tools/bin/../lib/gcc/arm-none-eabi/10.3.1/../../../../arm-none-eabi/lib/thumb/v7-m/nofp/crt0.o
 .group         0x0000000000000000        0xc ./Core/Src/adc.o
 .group         0x0000000000000000        0xc ./Core/Src/adc.o
 .group         0x0000000000000000        0xc ./Core/Src/adc.o
 .group         0x0000000000000000        0xc ./Core/Src/adc.o
 .group         0x0000000000000000        0xc ./Core/Src/adc.o
 .group         0x0000000000000000        0xc ./Core/Src/adc.o
 .group         0x0000000000000000        0xc ./Core/Src/adc.o
 .group         0x0000000000000000        0xc ./Core/Src/adc.o
 .group         0x0000000000000000        0xc ./Core/Src/adc.o
 .group         0x0000000000000000        0xc ./Core/Src/adc.o
 .group         0x0000000000000000        0xc ./Core/Src/adc.o
 .group         0x0000000000000000        0xc ./Core/Src/adc.o
 .group         0x0000000000000000        0xc ./Core/Src/adc.o
 .text          0x0000000000000000        0x0 ./Core/Src/adc.o
 .data          0x0000000000000000        0x0 ./Core/Src/adc.o
 .bss           0x0000000000000000        0x0 ./Core/Src/adc.o
 .text.pa1_adc_init
                0x0000000000000000       0x4c ./Core/Src/adc.o
 .text.start_conversion
                0x0000000000000000       0x28 ./Core/Src/adc.o
 .text.adc_read
                0x0000000000000000       0x24 ./Core/Src/adc.o
 .debug_info    0x0000000000000000      0x282 ./Core/Src/adc.o
 .debug_abbrev  0x0000000000000000       0xea ./Core/Src/adc.o
 .debug_aranges
                0x0000000000000000       0x30 ./Core/Src/adc.o
 .debug_ranges  0x0000000000000000       0x20 ./Core/Src/adc.o
 .debug_macro   0x0000000000000000       0xe7 ./Core/Src/adc.o
 .debug_macro   0x0000000000000000      0xa6c ./Core/Src/adc.o
 .debug_macro   0x0000000000000000       0x22 ./Core/Src/adc.o
 .debug_macro   0x0000000000000000       0x8e ./Core/Src/adc.o
 .debug_macro   0x0000000000000000       0x51 ./Core/Src/adc.o
 .debug_macro   0x0000000000000000      0x103 ./Core/Src/adc.o
 .debug_macro   0x0000000000000000       0x6a ./Core/Src/adc.o
 .debug_macro   0x0000000000000000      0x1df ./Core/Src/adc.o
 .debug_macro   0x0000000000000000       0x22 ./Core/Src/adc.o
 .debug_macro   0x0000000000000000       0x1c ./Core/Src/adc.o
 .debug_macro   0x0000000000000000       0x22 ./Core/Src/adc.o
 .debug_macro   0x0000000000000000       0xbd ./Core/Src/adc.o
 .debug_macro   0x0000000000000000      0xd23 ./Core/Src/adc.o
 .debug_macro   0x0000000000000000     0xe09e ./Core/Src/adc.o
 .debug_line    0x0000000000000000      0x49b ./Core/Src/adc.o
 .debug_str     0x0000000000000000    0x53f3b ./Core/Src/adc.o
 .comment       0x0000000000000000       0x51 ./Core/Src/adc.o
 .debug_frame   0x0000000000000000       0x70 ./Core/Src/adc.o
 .ARM.attributes
                0x0000000000000000       0x2d ./Core/Src/adc.o
 .group         0x0000000000000000        0xc ./Core/Src/exti.o
 .group         0x0000000000000000        0xc ./Core/Src/exti.o
 .group         0x0000000000000000        0xc ./Core/Src/exti.o
 .group         0x0000000000000000        0xc ./Core/Src/exti.o
 .group         0x0000000000000000        0xc ./Core/Src/exti.o
 .group         0x0000000000000000        0xc ./Core/Src/exti.o
 .group         0x0000000000000000        0xc ./Core/Src/exti.o
 .group         0x0000000000000000        0xc ./Core/Src/exti.o
 .group         0x0000000000000000        0xc ./Core/Src/exti.o
 .group         0x0000000000000000        0xc ./Core/Src/exti.o
 .group         0x0000000000000000        0xc ./Core/Src/exti.o
 .group         0x0000000000000000        0xc ./Core/Src/exti.o
 .group         0x0000000000000000        0xc ./Core/Src/exti.o
 .text          0x0000000000000000        0x0 ./Core/Src/exti.o
 .data          0x0000000000000000        0x0 ./Core/Src/exti.o
 .bss           0x0000000000000000        0x0 ./Core/Src/exti.o
 .text.__NVIC_EnableIRQ
                0x0000000000000000       0x38 ./Core/Src/exti.o
 .text.pc13_exti_init
                0x0000000000000000       0x7c ./Core/Src/exti.o
 .debug_info    0x0000000000000000      0x5b3 ./Core/Src/exti.o
 .debug_abbrev  0x0000000000000000      0x15d ./Core/Src/exti.o
 .debug_aranges
                0x0000000000000000       0x28 ./Core/Src/exti.o
 .debug_ranges  0x0000000000000000       0x18 ./Core/Src/exti.o
 .debug_macro   0x0000000000000000       0xc9 ./Core/Src/exti.o
 .debug_macro   0x0000000000000000      0xa6c ./Core/Src/exti.o
 .debug_macro   0x0000000000000000       0x22 ./Core/Src/exti.o
 .debug_macro   0x0000000000000000       0x22 ./Core/Src/exti.o
 .debug_macro   0x0000000000000000       0x8e ./Core/Src/exti.o
 .debug_macro   0x0000000000000000       0x51 ./Core/Src/exti.o
 .debug_macro   0x0000000000000000      0x103 ./Core/Src/exti.o
 .debug_macro   0x0000000000000000       0x6a ./Core/Src/exti.o
 .debug_macro   0x0000000000000000      0x1df ./Core/Src/exti.o
 .debug_macro   0x0000000000000000       0x1c ./Core/Src/exti.o
 .debug_macro   0x0000000000000000       0x22 ./Core/Src/exti.o
 .debug_macro   0x0000000000000000       0xbd ./Core/Src/exti.o
 .debug_macro   0x0000000000000000      0xd23 ./Core/Src/exti.o
 .debug_macro   0x0000000000000000     0xe09e ./Core/Src/exti.o
 .debug_line    0x0000000000000000      0x4a2 ./Core/Src/exti.o
 .debug_str     0x0000000000000000    0x5425a ./Core/Src/exti.o
 .comment       0x0000000000000000       0x51 ./Core/Src/exti.o
 .debug_frame   0x0000000000000000       0x54 ./Core/Src/exti.o
 .ARM.attributes
                0x0000000000000000       0x2d ./Core/Src/exti.o
 .group         0x0000000000000000        0xc ./Core/Src/main.o
 .group         0x0000000000000000        0xc ./Core/Src/main.o
 .group         0x0000000000000000        0xc ./Core/Src/main.o
 .group         0x0000000000000000        0xc ./Core/Src/main.o
 .group         0x0000000000000000        0xc ./Core/Src/main.o
 .group         0x0000000000000000        0xc ./Core/Src/main.o
 .group         0x0000000000000000        0xc ./Core/Src/main.o
 .group         0x0000000000000000        0xc ./Core/Src/main.o
 .group         0x0000000000000000        0xc ./Core/Src/main.o
 .group         0x0000000000000000        0xc ./Core/Src/main.o
 .group         0x0000000000000000        0xc ./Core/Src/main.o
 .group         0x0000000000000000        0xc ./Core/Src/main.o
 .group         0x0000000000000000        0xc ./Core/Src/main.o
 .group         0x0000000000000000        0xc ./Core/Src/main.o
 .group         0x0000000000000000        0xc ./Core/Src/main.o
 .group         0x0000000000000000        0xc ./Core/Src/main.o
 .group         0x0000000000000000        0xc ./Core/Src/main.o
 .group         0x0000000000000000        0xc ./Core/Src/main.o
 .group         0x0000000000000000        0xc ./Core/Src/main.o
 .group         0x0000000000000000        0xc ./Core/Src/main.o
 .group         0x0000000000000000        0xc ./Core/Src/main.o
 .group         0x0000000000000000        0xc ./Core/Src/main.o
 .group         0x0000000000000000        0xc ./Core/Src/main.o
 .group         0x0000000000000000        0xc ./Core/Src/main.o
 .group         0x0000000000000000        0xc ./Core/Src/main.o
 .group         0x0000000000000000        0xc ./Core/Src/main.o
 .group         0x0000000000000000        0xc ./Core/Src/main.o
 .group         0x0000000000000000        0xc ./Core/Src/main.o
 .group         0x0000000000000000        0xc ./Core/Src/main.o
 .group         0x0000000000000000        0xc ./Core/Src/main.o
 .group         0x0000000000000000        0xc ./Core/Src/main.o
 .group         0x0000000000000000        0xc ./Core/Src/main.o
 .group         0x0000000000000000        0xc ./Core/Src/main.o
 .group         0x0000000000000000        0xc ./Core/Src/main.o
 .group         0x0000000000000000        0xc ./Core/Src/main.o
 .group         0x0000000000000000        0xc ./Core/Src/main.o
 .group         0x0000000000000000        0xc ./Core/Src/main.o
 .group         0x0000000000000000        0xc ./Core/Src/main.o
 .group         0x0000000000000000        0xc ./Core/Src/main.o
 .group         0x0000000000000000        0xc ./Core/Src/main.o
 .group         0x0000000000000000        0xc ./Core/Src/main.o
 .group         0x0000000000000000        0xc ./Core/Src/main.o
 .group         0x0000000000000000        0xc ./Core/Src/main.o
 .group         0x0000000000000000        0xc ./Core/Src/main.o
 .text          0x0000000000000000        0x0 ./Core/Src/main.o
 .data          0x0000000000000000        0x0 ./Core/Src/main.o
 .bss           0x0000000000000000        0x0 ./Core/Src/main.o
 .debug_macro   0x0000000000000000      0xa6c ./Core/Src/main.o
 .debug_macro   0x0000000000000000       0x22 ./Core/Src/main.o
 .debug_macro   0x0000000000000000       0x6a ./Core/Src/main.o
 .debug_macro   0x0000000000000000      0x103 ./Core/Src/main.o
 .debug_macro   0x0000000000000000      0x1df ./Core/Src/main.o
 .debug_macro   0x0000000000000000       0x22 ./Core/Src/main.o
 .debug_macro   0x0000000000000000       0x1c ./Core/Src/main.o
 .debug_macro   0x0000000000000000       0x22 ./Core/Src/main.o
 .debug_macro   0x0000000000000000       0xbd ./Core/Src/main.o
 .debug_macro   0x0000000000000000      0xd23 ./Core/Src/main.o
 .debug_macro   0x0000000000000000     0xe09e ./Core/Src/main.o
 .group         0x0000000000000000        0xc ./Core/Src/syscalls.o
 .group         0x0000000000000000        0xc ./Core/Src/syscalls.o
 .group         0x0000000000000000        0xc ./Core/Src/syscalls.o
 .group         0x0000000000000000        0xc ./Core/Src/syscalls.o
 .group         0x0000000000000000        0xc ./Core/Src/syscalls.o
 .group         0x0000000000000000        0xc ./Core/Src/syscalls.o
 .group         0x0000000000000000        0xc ./Core/Src/syscalls.o
 .group         0x0000000000000000        0xc ./Core/Src/syscalls.o
 .group         0x0000000000000000        0xc ./Core/Src/syscalls.o
 .group         0x0000000000000000        0xc ./Core/Src/syscalls.o
 .group         0x0000000000000000        0xc ./Core/Src/syscalls.o
 .group         0x0000000000000000        0xc ./Core/Src/syscalls.o
 .group         0x0000000000000000        0xc ./Core/Src/syscalls.o
 .group         0x0000000000000000        0xc ./Core/Src/syscalls.o
 .group         0x0000000000000000        0xc ./Core/Src/syscalls.o
 .group         0x0000000000000000        0xc ./Core/Src/syscalls.o
 .group         0x0000000000000000        0xc ./Core/Src/syscalls.o
 .group         0x0000000000000000        0xc ./Core/Src/syscalls.o
 .group         0x0000000000000000        0xc ./Core/Src/syscalls.o
 .group         0x0000000000000000        0xc ./Core/Src/syscalls.o
 .group         0x0000000000000000        0xc ./Core/Src/syscalls.o
 .group         0x0000000000000000        0xc ./Core/Src/syscalls.o
 .group         0x0000000000000000        0xc ./Core/Src/syscalls.o
 .group         0x0000000000000000        0xc ./Core/Src/syscalls.o
 .group         0x0000000000000000        0xc ./Core/Src/syscalls.o
 .group         0x0000000000000000        0xc ./Core/Src/syscalls.o
 .group         0x0000000000000000        0xc ./Core/Src/syscalls.o
 .group         0x0000000000000000        0xc ./Core/Src/syscalls.o
 .group         0x0000000000000000        0xc ./Core/Src/syscalls.o
 .group         0x0000000000000000        0xc ./Core/Src/syscalls.o
 .group         0x0000000000000000        0xc ./Core/Src/syscalls.o
 .group         0x0000000000000000        0xc ./Core/Src/syscalls.o
 .group         0x0000000000000000        0xc ./Core/Src/syscalls.o
 .group         0x0000000000000000        0xc ./Core/Src/syscalls.o
 .group         0x0000000000000000        0xc ./Core/Src/syscalls.o
 .group         0x0000000000000000        0xc ./Core/Src/syscalls.o
 .group         0x0000000000000000        0xc ./Core/Src/syscalls.o
 .group         0x0000000000000000        0xc ./Core/Src/syscalls.o
 .group         0x0000000000000000        0xc ./Core/Src/syscalls.o
 .group         0x0000000000000000        0xc ./Core/Src/syscalls.o
 .group         0x0000000000000000        0xc ./Core/Src/syscalls.o
 .group         0x0000000000000000        0xc ./Core/Src/syscalls.o
 .group         0x0000000000000000        0xc ./Core/Src/syscalls.o
 .group         0x0000000000000000        0xc ./Core/Src/syscalls.o
 .group         0x0000000000000000        0xc ./Core/Src/syscalls.o
 .group         0x0000000000000000        0xc ./Core/Src/syscalls.o
 .group         0x0000000000000000        0xc ./Core/Src/syscalls.o
 .text          0x0000000000000000        0x0 ./Core/Src/syscalls.o
 .data          0x0000000000000000        0x0 ./Core/Src/syscalls.o
 .bss           0x0000000000000000        0x0 ./Core/Src/syscalls.o
 .bss.__env     0x0000000000000000        0x4 ./Core/Src/syscalls.o
 .data.environ  0x0000000000000000        0x4 ./Core/Src/syscalls.o
 .text.initialise_monitor_handles
                0x0000000000000000        0xc ./Core/Src/syscalls.o
 .text._getpid  0x0000000000000000        0xe ./Core/Src/syscalls.o
 .text._kill    0x0000000000000000       0x20 ./Core/Src/syscalls.o
 .text._exit    0x0000000000000000       0x14 ./Core/Src/syscalls.o
 .text._read    0x0000000000000000       0x3a ./Core/Src/syscalls.o
 .text._write   0x0000000000000000       0x38 ./Core/Src/syscalls.o
 .text._close   0x0000000000000000       0x16 ./Core/Src/syscalls.o
 .text._fstat   0x0000000000000000       0x1e ./Core/Src/syscalls.o
 .text._isatty  0x0000000000000000       0x14 ./Core/Src/syscalls.o
 .text._lseek   0x0000000000000000       0x18 ./Core/Src/syscalls.o
 .text._open    0x0000000000000000       0x1a ./Core/Src/syscalls.o
 .text._wait    0x0000000000000000       0x1e ./Core/Src/syscalls.o
 .text._unlink  0x0000000000000000       0x1e ./Core/Src/syscalls.o
 .text._times   0x0000000000000000       0x16 ./Core/Src/syscalls.o
 .text._stat    0x0000000000000000       0x1e ./Core/Src/syscalls.o
 .text._link    0x0000000000000000       0x20 ./Core/Src/syscalls.o
 .text._fork    0x0000000000000000       0x16 ./Core/Src/syscalls.o
 .text._execve  0x0000000000000000       0x22 ./Core/Src/syscalls.o
 .debug_info    0x0000000000000000      0x6e0 ./Core/Src/syscalls.o
 .debug_abbrev  0x0000000000000000      0x1b3 ./Core/Src/syscalls.o
 .debug_aranges
                0x0000000000000000       0xa8 ./Core/Src/syscalls.o
 .debug_ranges  0x0000000000000000       0x98 ./Core/Src/syscalls.o
 .debug_macro   0x0000000000000000      0x24c ./Core/Src/syscalls.o
 .debug_macro   0x0000000000000000      0xa6c ./Core/Src/syscalls.o
 .debug_macro   0x0000000000000000       0x22 ./Core/Src/syscalls.o
 .debug_macro   0x0000000000000000       0x4c ./Core/Src/syscalls.o
 .debug_macro   0x0000000000000000       0x18 ./Core/Src/syscalls.o
 .debug_macro   0x0000000000000000       0x94 ./Core/Src/syscalls.o
 .debug_macro   0x0000000000000000       0x3c ./Core/Src/syscalls.o
 .debug_macro   0x0000000000000000       0x34 ./Core/Src/syscalls.o
 .debug_macro   0x0000000000000000       0x57 ./Core/Src/syscalls.o
 .debug_macro   0x0000000000000000      0x174 ./Core/Src/syscalls.o
 .debug_macro   0x0000000000000000      0x341 ./Core/Src/syscalls.o
 .debug_macro   0x0000000000000000       0x16 ./Core/Src/syscalls.o
 .debug_macro   0x0000000000000000       0x43 ./Core/Src/syscalls.o
 .debug_macro   0x0000000000000000       0x34 ./Core/Src/syscalls.o
 .debug_macro   0x0000000000000000       0x10 ./Core/Src/syscalls.o
 .debug_macro   0x0000000000000000       0x58 ./Core/Src/syscalls.o
 .debug_macro   0x0000000000000000       0x71 ./Core/Src/syscalls.o
 .debug_macro   0x0000000000000000       0x1c ./Core/Src/syscalls.o
 .debug_macro   0x0000000000000000      0x12a ./Core/Src/syscalls.o
 .debug_macro   0x0000000000000000       0x10 ./Core/Src/syscalls.o
 .debug_macro   0x0000000000000000       0x35 ./Core/Src/syscalls.o
 .debug_macro   0x0000000000000000       0x10 ./Core/Src/syscalls.o
 .debug_macro   0x0000000000000000       0x10 ./Core/Src/syscalls.o
 .debug_macro   0x0000000000000000       0x10 ./Core/Src/syscalls.o
 .debug_macro   0x0000000000000000       0x6a ./Core/Src/syscalls.o
 .debug_macro   0x0000000000000000       0x1c ./Core/Src/syscalls.o
 .debug_macro   0x0000000000000000       0x52 ./Core/Src/syscalls.o
 .debug_macro   0x0000000000000000       0x22 ./Core/Src/syscalls.o
 .debug_macro   0x0000000000000000       0x10 ./Core/Src/syscalls.o
 .debug_macro   0x0000000000000000       0x52 ./Core/Src/syscalls.o
 .debug_macro   0x0000000000000000       0xd5 ./Core/Src/syscalls.o
 .debug_macro   0x0000000000000000       0x1c ./Core/Src/syscalls.o
 .debug_macro   0x0000000000000000       0x3d ./Core/Src/syscalls.o
 .debug_macro   0x0000000000000000       0x35 ./Core/Src/syscalls.o
 .debug_macro   0x0000000000000000      0x12c ./Core/Src/syscalls.o
 .debug_macro   0x0000000000000000       0x16 ./Core/Src/syscalls.o
 .debug_macro   0x0000000000000000       0x16 ./Core/Src/syscalls.o
 .debug_macro   0x0000000000000000       0x29 ./Core/Src/syscalls.o
 .debug_macro   0x0000000000000000       0x10 ./Core/Src/syscalls.o
 .debug_macro   0x0000000000000000      0x241 ./Core/Src/syscalls.o
 .debug_macro   0x0000000000000000       0x1c ./Core/Src/syscalls.o
 .debug_macro   0x0000000000000000       0x10 ./Core/Src/syscalls.o
 .debug_macro   0x0000000000000000       0x10 ./Core/Src/syscalls.o
 .debug_macro   0x0000000000000000       0x16 ./Core/Src/syscalls.o
 .debug_macro   0x0000000000000000      0x145 ./Core/Src/syscalls.o
 .debug_macro   0x0000000000000000      0x189 ./Core/Src/syscalls.o
 .debug_macro   0x0000000000000000       0x16 ./Core/Src/syscalls.o
 .debug_macro   0x0000000000000000       0xce ./Core/Src/syscalls.o
 .debug_line    0x0000000000000000      0x7f4 ./Core/Src/syscalls.o
 .debug_str     0x0000000000000000     0x8a2b ./Core/Src/syscalls.o
 .comment       0x0000000000000000       0x51 ./Core/Src/syscalls.o
 .debug_frame   0x0000000000000000      0x2ac ./Core/Src/syscalls.o
 .ARM.attributes
                0x0000000000000000       0x2d ./Core/Src/syscalls.o
 .group         0x0000000000000000        0xc ./Core/Src/sysmem.o
 .group         0x0000000000000000        0xc ./Core/Src/sysmem.o
 .group         0x0000000000000000        0xc ./Core/Src/sysmem.o
 .group         0x0000000000000000        0xc ./Core/Src/sysmem.o
 .group         0x0000000000000000        0xc ./Core/Src/sysmem.o
 .group         0x0000000000000000        0xc ./Core/Src/sysmem.o
 .group         0x0000000000000000        0xc ./Core/Src/sysmem.o
 .group         0x0000000000000000        0xc ./Core/Src/sysmem.o
 .group         0x0000000000000000        0xc ./Core/Src/sysmem.o
 .group         0x0000000000000000        0xc ./Core/Src/sysmem.o
 .group         0x0000000000000000        0xc ./Core/Src/sysmem.o
 .group         0x0000000000000000        0xc ./Core/Src/sysmem.o
 .group         0x0000000000000000        0xc ./Core/Src/sysmem.o
 .group         0x0000000000000000        0xc ./Core/Src/sysmem.o
 .group         0x0000000000000000        0xc ./Core/Src/sysmem.o
 .group         0x0000000000000000        0xc ./Core/Src/sysmem.o
 .group         0x0000000000000000        0xc ./Core/Src/sysmem.o
 .group         0x0000000000000000        0xc ./Core/Src/sysmem.o
 .group         0x0000000000000000        0xc ./Core/Src/sysmem.o
 .group         0x0000000000000000        0xc ./Core/Src/sysmem.o
 .group         0x0000000000000000        0xc ./Core/Src/sysmem.o
 .group         0x0000000000000000        0xc ./Core/Src/sysmem.o
 .text          0x0000000000000000        0x0 ./Core/Src/sysmem.o
 .data          0x0000000000000000        0x0 ./Core/Src/sysmem.o
 .bss           0x0000000000000000        0x0 ./Core/Src/sysmem.o
 .bss.__sbrk_heap_end
                0x0000000000000000        0x4 ./Core/Src/sysmem.o
 .text._sbrk    0x0000000000000000       0x6c ./Core/Src/sysmem.o
 .debug_info    0x0000000000000000      0x171 ./Core/Src/sysmem.o
 .debug_abbrev  0x0000000000000000       0xbb ./Core/Src/sysmem.o
 .debug_aranges
                0x0000000000000000       0x20 ./Core/Src/sysmem.o
 .debug_ranges  0x0000000000000000       0x10 ./Core/Src/sysmem.o
 .debug_macro   0x0000000000000000       0xff ./Core/Src/sysmem.o
 .debug_macro   0x0000000000000000      0xa6c ./Core/Src/sysmem.o
 .debug_macro   0x0000000000000000       0x10 ./Core/Src/sysmem.o
 .debug_macro   0x0000000000000000       0x22 ./Core/Src/sysmem.o
 .debug_macro   0x0000000000000000       0x4c ./Core/Src/sysmem.o
 .debug_macro   0x0000000000000000       0x18 ./Core/Src/sysmem.o
 .debug_macro   0x0000000000000000       0x94 ./Core/Src/sysmem.o
 .debug_macro   0x0000000000000000       0x3c ./Core/Src/sysmem.o
 .debug_macro   0x0000000000000000       0x34 ./Core/Src/sysmem.o
 .debug_macro   0x0000000000000000      0x174 ./Core/Src/sysmem.o
 .debug_macro   0x0000000000000000       0x16 ./Core/Src/sysmem.o
 .debug_macro   0x0000000000000000       0x43 ./Core/Src/sysmem.o
 .debug_macro   0x0000000000000000       0x57 ./Core/Src/sysmem.o
 .debug_macro   0x0000000000000000       0x34 ./Core/Src/sysmem.o
 .debug_macro   0x0000000000000000       0x10 ./Core/Src/sysmem.o
 .debug_macro   0x0000000000000000       0x58 ./Core/Src/sysmem.o
 .debug_macro   0x0000000000000000       0x71 ./Core/Src/sysmem.o
 .debug_macro   0x0000000000000000       0x1c ./Core/Src/sysmem.o
 .debug_macro   0x0000000000000000      0x12a ./Core/Src/sysmem.o
 .debug_macro   0x0000000000000000      0x23b ./Core/Src/sysmem.o
 .debug_macro   0x0000000000000000      0x103 ./Core/Src/sysmem.o
 .debug_macro   0x0000000000000000       0x6a ./Core/Src/sysmem.o
 .debug_macro   0x0000000000000000      0x1df ./Core/Src/sysmem.o
 .debug_line    0x0000000000000000      0x4ea ./Core/Src/sysmem.o
 .debug_str     0x0000000000000000     0x5d67 ./Core/Src/sysmem.o
 .comment       0x0000000000000000       0x51 ./Core/Src/sysmem.o
 .debug_frame   0x0000000000000000       0x34 ./Core/Src/sysmem.o
 .ARM.attributes
                0x0000000000000000       0x2d ./Core/Src/sysmem.o
 .group         0x0000000000000000        0xc ./Core/Src/system_stm32f1xx.o
 .group         0x0000000000000000        0xc ./Core/Src/system_stm32f1xx.o
 .group         0x0000000000000000        0xc ./Core/Src/system_stm32f1xx.o
 .group         0x0000000000000000        0xc ./Core/Src/system_stm32f1xx.o
 .group         0x0000000000000000        0xc ./Core/Src/system_stm32f1xx.o
 .group         0x0000000000000000        0xc ./Core/Src/system_stm32f1xx.o
 .group         0x0000000000000000        0xc ./Core/Src/system_stm32f1xx.o
 .group         0x0000000000000000        0xc ./Core/Src/system_stm32f1xx.o
 .group         0x0000000000000000        0xc ./Core/Src/system_stm32f1xx.o
 .group         0x0000000000000000        0xc ./Core/Src/system_stm32f1xx.o
 .group         0x0000000000000000        0xc ./Core/Src/system_stm32f1xx.o
 .group         0x0000000000000000        0xc ./Core/Src/system_stm32f1xx.o
 .group         0x0000000000000000        0xc ./Core/Src/system_stm32f1xx.o
 .group         0x0000000000000000        0xc ./Core/Src/system_stm32f1xx.o
 .group         0x0000000000000000        0xc ./Core/Src/system_stm32f1xx.o
 .text          0x0000000000000000        0x0 ./Core/Src/system_stm32f1xx.o
 .data          0x0000000000000000        0x0 ./Core/Src/system_stm32f1xx.o
 .bss           0x0000000000000000        0x0 ./Core/Src/system_stm32f1xx.o
 .data.SystemCoreClock
                0x0000000000000000        0x4 ./Core/Src/system_stm32f1xx.o
 .rodata.AHBPrescTable
                0x0000000000000000       0x10 ./Core/Src/system_stm32f1xx.o
 .rodata.APBPrescTable
                0x0000000000000000        0x8 ./Core/Src/system_stm32f1xx.o
 .text.SystemCoreClockUpdate
                0x0000000000000000       0xe4 ./Core/Src/system_stm32f1xx.o
 .debug_macro   0x0000000000000000      0xa6c ./Core/Src/system_stm32f1xx.o
 .debug_macro   0x0000000000000000       0x22 ./Core/Src/system_stm32f1xx.o
 .debug_macro   0x0000000000000000       0x22 ./Core/Src/system_stm32f1xx.o
 .debug_macro   0x0000000000000000       0x8e ./Core/Src/system_stm32f1xx.o
 .debug_macro   0x0000000000000000       0x51 ./Core/Src/system_stm32f1xx.o
 .debug_macro   0x0000000000000000      0x103 ./Core/Src/system_stm32f1xx.o
 .debug_macro   0x0000000000000000       0x6a ./Core/Src/system_stm32f1xx.o
 .debug_macro   0x0000000000000000      0x1df ./Core/Src/system_stm32f1xx.o
 .debug_macro   0x0000000000000000       0x1c ./Core/Src/system_stm32f1xx.o
 .debug_macro   0x0000000000000000       0x22 ./Core/Src/system_stm32f1xx.o
 .debug_macro   0x0000000000000000       0xbd ./Core/Src/system_stm32f1xx.o
 .debug_macro   0x0000000000000000      0xd23 ./Core/Src/system_stm32f1xx.o
 .debug_macro   0x0000000000000000     0xe09e ./Core/Src/system_stm32f1xx.o
 .group         0x0000000000000000        0xc ./Core/Src/systick.o
 .group         0x0000000000000000        0xc ./Core/Src/systick.o
 .group         0x0000000000000000        0xc ./Core/Src/systick.o
 .group         0x0000000000000000        0xc ./Core/Src/systick.o
 .group         0x0000000000000000        0xc ./Core/Src/systick.o
 .group         0x0000000000000000        0xc ./Core/Src/systick.o
 .group         0x0000000000000000        0xc ./Core/Src/systick.o
 .group         0x0000000000000000        0xc ./Core/Src/systick.o
 .group         0x0000000000000000        0xc ./Core/Src/systick.o
 .group         0x0000000000000000        0xc ./Core/Src/systick.o
 .group         0x0000000000000000        0xc ./Core/Src/systick.o
 .group         0x0000000000000000        0xc ./Core/Src/systick.o
 .group         0x0000000000000000        0xc ./Core/Src/systick.o
 .text          0x0000000000000000        0x0 ./Core/Src/systick.o
 .data          0x0000000000000000        0x0 ./Core/Src/systick.o
 .bss           0x0000000000000000        0x0 ./Core/Src/systick.o
 .text.systickDelayMS
                0x0000000000000000       0x54 ./Core/Src/systick.o
 .debug_info    0x0000000000000000      0x11b ./Core/Src/systick.o
 .debug_abbrev  0x0000000000000000       0xcf ./Core/Src/systick.o
 .debug_aranges
                0x0000000000000000       0x20 ./Core/Src/systick.o
 .debug_ranges  0x0000000000000000       0x10 ./Core/Src/systick.o
 .debug_macro   0x0000000000000000       0xc5 ./Core/Src/systick.o
 .debug_macro   0x0000000000000000      0xa6c ./Core/Src/systick.o
 .debug_macro   0x0000000000000000       0x22 ./Core/Src/systick.o
 .debug_macro   0x0000000000000000       0x22 ./Core/Src/systick.o
 .debug_macro   0x0000000000000000       0x8e ./Core/Src/systick.o
 .debug_macro   0x0000000000000000       0x51 ./Core/Src/systick.o
 .debug_macro   0x0000000000000000      0x103 ./Core/Src/systick.o
 .debug_macro   0x0000000000000000       0x6a ./Core/Src/systick.o
 .debug_macro   0x0000000000000000      0x1df ./Core/Src/systick.o
 .debug_macro   0x0000000000000000       0x1c ./Core/Src/systick.o
 .debug_macro   0x0000000000000000       0x22 ./Core/Src/systick.o
 .debug_macro   0x0000000000000000       0xbd ./Core/Src/systick.o
 .debug_macro   0x0000000000000000      0xd23 ./Core/Src/systick.o
 .debug_macro   0x0000000000000000     0xe09e ./Core/Src/systick.o
 .debug_line    0x0000000000000000      0x473 ./Core/Src/systick.o
 .debug_str     0x0000000000000000    0x53e6c ./Core/Src/systick.o
 .comment       0x0000000000000000       0x51 ./Core/Src/systick.o
 .debug_frame   0x0000000000000000       0x38 ./Core/Src/systick.o
 .ARM.attributes
                0x0000000000000000       0x2d ./Core/Src/systick.o
 .group         0x0000000000000000        0xc ./Core/Src/tim.o
 .group         0x0000000000000000        0xc ./Core/Src/tim.o
 .group         0x0000000000000000        0xc ./Core/Src/tim.o
 .group         0x0000000000000000        0xc ./Core/Src/tim.o
 .group         0x0000000000000000        0xc ./Core/Src/tim.o
 .group         0x0000000000000000        0xc ./Core/Src/tim.o
 .group         0x0000000000000000        0xc ./Core/Src/tim.o
 .group         0x0000000000000000        0xc ./Core/Src/tim.o
 .group         0x0000000000000000        0xc ./Core/Src/tim.o
 .group         0x0000000000000000        0xc ./Core/Src/tim.o
 .group         0x0000000000000000        0xc ./Core/Src/tim.o
 .group         0x0000000000000000        0xc ./Core/Src/tim.o
 .group         0x0000000000000000        0xc ./Core/Src/tim.o
 .group         0x0000000000000000        0xc ./Core/Src/tim.o
 .text          0x0000000000000000        0x0 ./Core/Src/tim.o
 .data          0x0000000000000000        0x0 ./Core/Src/tim.o
 .bss           0x0000000000000000        0x0 ./Core/Src/tim.o
 .text.tim2_1hz_int
                0x0000000000000000       0x40 ./Core/Src/tim.o
 .text.tim2_pa0_output_compare
                0x0000000000000000       0xa0 ./Core/Src/tim.o
 .text.tim3_input_capture
                0x0000000000000000       0x88 ./Core/Src/tim.o
 .debug_info    0x0000000000000000      0x31c ./Core/Src/tim.o
 .debug_abbrev  0x0000000000000000       0x9d ./Core/Src/tim.o
 .debug_aranges
                0x0000000000000000       0x30 ./Core/Src/tim.o
 .debug_ranges  0x0000000000000000       0x20 ./Core/Src/tim.o
 .debug_macro   0x0000000000000000       0xec ./Core/Src/tim.o
 .debug_macro   0x0000000000000000      0xa6c ./Core/Src/tim.o
 .debug_macro   0x0000000000000000       0x22 ./Core/Src/tim.o
 .debug_macro   0x0000000000000000       0x22 ./Core/Src/tim.o
 .debug_macro   0x0000000000000000       0x8e ./Core/Src/tim.o
 .debug_macro   0x0000000000000000       0x51 ./Core/Src/tim.o
 .debug_macro   0x0000000000000000      0x103 ./Core/Src/tim.o
 .debug_macro   0x0000000000000000       0x6a ./Core/Src/tim.o
 .debug_macro   0x0000000000000000      0x1df ./Core/Src/tim.o
 .debug_macro   0x0000000000000000       0x1c ./Core/Src/tim.o
 .debug_macro   0x0000000000000000       0x22 ./Core/Src/tim.o
 .debug_macro   0x0000000000000000       0xbd ./Core/Src/tim.o
 .debug_macro   0x0000000000000000      0xd23 ./Core/Src/tim.o
 .debug_macro   0x0000000000000000     0xe09e ./Core/Src/tim.o
 .debug_macro   0x0000000000000000       0x16 ./Core/Src/tim.o
 .debug_line    0x0000000000000000      0x4cc ./Core/Src/tim.o
 .debug_str     0x0000000000000000    0x53f89 ./Core/Src/tim.o
 .comment       0x0000000000000000       0x51 ./Core/Src/tim.o
 .debug_frame   0x0000000000000000       0x70 ./Core/Src/tim.o
 .ARM.attributes
                0x0000000000000000       0x2d ./Core/Src/tim.o
 .group         0x0000000000000000        0xc ./Core/Src/uart.o
 .group         0x0000000000000000        0xc ./Core/Src/uart.o
 .group         0x0000000000000000        0xc ./Core/Src/uart.o
 .group         0x0000000000000000        0xc ./Core/Src/uart.o
 .group         0x0000000000000000        0xc ./Core/Src/uart.o
 .group         0x0000000000000000        0xc ./Core/Src/uart.o
 .group         0x0000000000000000        0xc ./Core/Src/uart.o
 .group         0x0000000000000000        0xc ./Core/Src/uart.o
 .group         0x0000000000000000        0xc ./Core/Src/uart.o
 .group         0x0000000000000000        0xc ./Core/Src/uart.o
 .group         0x0000000000000000        0xc ./Core/Src/uart.o
 .group         0x0000000000000000        0xc ./Core/Src/uart.o
 .group         0x0000000000000000        0xc ./Core/Src/uart.o
 .text          0x0000000000000000        0x0 ./Core/Src/uart.o
 .data          0x0000000000000000        0x0 ./Core/Src/uart.o
 .bss           0x0000000000000000        0x0 ./Core/Src/uart.o
 .text.__io_putchar
                0x0000000000000000       0x18 ./Core/Src/uart.o
 .text.uart2_rxtx_init
                0x0000000000000000       0xb4 ./Core/Src/uart.o
 .text.uart2_rx_interrupt_init
                0x0000000000000000       0xc8 ./Core/Src/uart.o
 .text.uart2_read
                0x0000000000000000       0x24 ./Core/Src/uart.o
 .text.uart2_write
                0x0000000000000000       0x2c ./Core/Src/uart.o
 .debug_macro   0x0000000000000000      0xa6c ./Core/Src/uart.o
 .debug_macro   0x0000000000000000       0x22 ./Core/Src/uart.o
 .debug_macro   0x0000000000000000       0x8e ./Core/Src/uart.o
 .debug_macro   0x0000000000000000       0x51 ./Core/Src/uart.o
 .debug_macro   0x0000000000000000      0x103 ./Core/Src/uart.o
 .debug_macro   0x0000000000000000       0x6a ./Core/Src/uart.o
 .debug_macro   0x0000000000000000      0x1df ./Core/Src/uart.o
 .debug_macro   0x0000000000000000       0x22 ./Core/Src/uart.o
 .debug_macro   0x0000000000000000       0x1c ./Core/Src/uart.o
 .debug_macro   0x0000000000000000       0x22 ./Core/Src/uart.o
 .debug_macro   0x0000000000000000       0xbd ./Core/Src/uart.o
 .debug_macro   0x0000000000000000      0xd23 ./Core/Src/uart.o
 .debug_macro   0x0000000000000000     0xe09e ./Core/Src/uart.o
 .text          0x0000000000000000       0x14 ./Core/Startup/startup_stm32f103rbtx.o
 .data          0x0000000000000000        0x0 ./Core/Startup/startup_stm32f103rbtx.o
 .bss           0x0000000000000000        0x0 ./Core/Startup/startup_stm32f103rbtx.o
 .text          0x0000000000000000        0x0 c:/st/stm32cubeide_1.10.0/stm32cubeide/plugins/com.st.stm32cube.ide.mcu.externaltools.gnu-tools-for-stm32.10.3-2021.10.win32_1.0.0.202111181127/tools/bin/../lib/gcc/arm-none-eabi/10.3.1/../../../../arm-none-eabi/lib/thumb/v7-m/nofp\libc_nano.a(lib_a-errno.o)
 .data          0x0000000000000000        0x0 c:/st/stm32cubeide_1.10.0/stm32cubeide/plugins/com.st.stm32cube.ide.mcu.externaltools.gnu-tools-for-stm32.10.3-2021.10.win32_1.0.0.202111181127/tools/bin/../lib/gcc/arm-none-eabi/10.3.1/../../../../arm-none-eabi/lib/thumb/v7-m/nofp\libc_nano.a(lib_a-errno.o)
 .bss           0x0000000000000000        0x0 c:/st/stm32cubeide_1.10.0/stm32cubeide/plugins/com.st.stm32cube.ide.mcu.externaltools.gnu-tools-for-stm32.10.3-2021.10.win32_1.0.0.202111181127/tools/bin/../lib/gcc/arm-none-eabi/10.3.1/../../../../arm-none-eabi/lib/thumb/v7-m/nofp\libc_nano.a(lib_a-errno.o)
 .text.__errno  0x0000000000000000        0xc c:/st/stm32cubeide_1.10.0/stm32cubeide/plugins/com.st.stm32cube.ide.mcu.externaltools.gnu-tools-for-stm32.10.3-2021.10.win32_1.0.0.202111181127/tools/bin/../lib/gcc/arm-none-eabi/10.3.1/../../../../arm-none-eabi/lib/thumb/v7-m/nofp\libc_nano.a(lib_a-errno.o)
 .debug_frame   0x0000000000000000       0x20 c:/st/stm32cubeide_1.10.0/stm32cubeide/plugins/com.st.stm32cube.ide.mcu.externaltools.gnu-tools-for-stm32.10.3-2021.10.win32_1.0.0.202111181127/tools/bin/../lib/gcc/arm-none-eabi/10.3.1/../../../../arm-none-eabi/lib/thumb/v7-m/nofp\libc_nano.a(lib_a-errno.o)
 .ARM.attributes
                0x0000000000000000       0x2d c:/st/stm32cubeide_1.10.0/stm32cubeide/plugins/com.st.stm32cube.ide.mcu.externaltools.gnu-tools-for-stm32.10.3-2021.10.win32_1.0.0.202111181127/tools/bin/../lib/gcc/arm-none-eabi/10.3.1/../../../../arm-none-eabi/lib/thumb/v7-m/nofp\libc_nano.a(lib_a-errno.o)
 .text          0x0000000000000000        0x0 c:/st/stm32cubeide_1.10.0/stm32cubeide/plugins/com.st.stm32cube.ide.mcu.externaltools.gnu-tools-for-stm32.10.3-2021.10.win32_1.0.0.202111181127/tools/bin/../lib/gcc/arm-none-eabi/10.3.1/../../../../arm-none-eabi/lib/thumb/v7-m/nofp\libc_nano.a(lib_a-exit.o)
 .data          0x0000000000000000        0x0 c:/st/stm32cubeide_1.10.0/stm32cubeide/plugins/com.st.stm32cube.ide.mcu.externaltools.gnu-tools-for-stm32.10.3-2021.10.win32_1.0.0.202111181127/tools/bin/../lib/gcc/arm-none-eabi/10.3.1/../../../../arm-none-eabi/lib/thumb/v7-m/nofp\libc_nano.a(lib_a-exit.o)
 .bss           0x0000000000000000        0x0 c:/st/stm32cubeide_1.10.0/stm32cubeide/plugins/com.st.stm32cube.ide.mcu.externaltools.gnu-tools-for-stm32.10.3-2021.10.win32_1.0.0.202111181127/tools/bin/../lib/gcc/arm-none-eabi/10.3.1/../../../../arm-none-eabi/lib/thumb/v7-m/nofp\libc_nano.a(lib_a-exit.o)
 .text.exit     0x0000000000000000       0x28 c:/st/stm32cubeide_1.10.0/stm32cubeide/plugins/com.st.stm32cube.ide.mcu.externaltools.gnu-tools-for-stm32.10.3-2021.10.win32_1.0.0.202111181127/tools/bin/../lib/gcc/arm-none-eabi/10.3.1/../../../../arm-none-eabi/lib/thumb/v7-m/nofp\libc_nano.a(lib_a-exit.o)
 .debug_frame   0x0000000000000000       0x28 c:/st/stm32cubeide_1.10.0/stm32cubeide/plugins/com.st.stm32cube.ide.mcu.externaltools.gnu-tools-for-stm32.10.3-2021.10.win32_1.0.0.202111181127/tools/bin/../lib/gcc/arm-none-eabi/10.3.1/../../../../arm-none-eabi/lib/thumb/v7-m/nofp\libc_nano.a(lib_a-exit.o)
 .ARM.attributes
                0x0000000000000000       0x2d c:/st/stm32cubeide_1.10.0/stm32cubeide/plugins/com.st.stm32cube.ide.mcu.externaltools.gnu-tools-for-stm32.10.3-2021.10.win32_1.0.0.202111181127/tools/bin/../lib/gcc/arm-none-eabi/10.3.1/../../../../arm-none-eabi/lib/thumb/v7-m/nofp\libc_nano.a(lib_a-exit.o)
 .text          0x0000000000000000        0x0 c:/st/stm32cubeide_1.10.0/stm32cubeide/plugins/com.st.stm32cube.ide.mcu.externaltools.gnu-tools-for-stm32.10.3-2021.10.win32_1.0.0.202111181127/tools/bin/../lib/gcc/arm-none-eabi/10.3.1/../../../../arm-none-eabi/lib/thumb/v7-m/nofp\libc_nano.a(lib_a-impure.o)
 .data          0x0000000000000000        0x0 c:/st/stm32cubeide_1.10.0/stm32cubeide/plugins/com.st.stm32cube.ide.mcu.externaltools.gnu-tools-for-stm32.10.3-2021.10.win32_1.0.0.202111181127/tools/bin/../lib/gcc/arm-none-eabi/10.3.1/../../../../arm-none-eabi/lib/thumb/v7-m/nofp\libc_nano.a(lib_a-impure.o)
 .bss           0x0000000000000000        0x0 c:/st/stm32cubeide_1.10.0/stm32cubeide/plugins/com.st.stm32cube.ide.mcu.externaltools.gnu-tools-for-stm32.10.3-2021.10.win32_1.0.0.202111181127/tools/bin/../lib/gcc/arm-none-eabi/10.3.1/../../../../arm-none-eabi/lib/thumb/v7-m/nofp\libc_nano.a(lib_a-impure.o)
 .data._impure_ptr
                0x0000000000000000        0x4 c:/st/stm32cubeide_1.10.0/stm32cubeide/plugins/com.st.stm32cube.ide.mcu.externaltools.gnu-tools-for-stm32.10.3-2021.10.win32_1.0.0.202111181127/tools/bin/../lib/gcc/arm-none-eabi/10.3.1/../../../../arm-none-eabi/lib/thumb/v7-m/nofp\libc_nano.a(lib_a-impure.o)
 .data.impure_data
                0x0000000000000000       0x60 c:/st/stm32cubeide_1.10.0/stm32cubeide/plugins/com.st.stm32cube.ide.mcu.externaltools.gnu-tools-for-stm32.10.3-2021.10.win32_1.0.0.202111181127/tools/bin/../lib/gcc/arm-none-eabi/10.3.1/../../../../arm-none-eabi/lib/thumb/v7-m/nofp\libc_nano.a(lib_a-impure.o)
 .rodata._global_impure_ptr
                0x0000000000000000        0x4 c:/st/stm32cubeide_1.10.0/stm32cubeide/plugins/com.st.stm32cube.ide.mcu.externaltools.gnu-tools-for-stm32.10.3-2021.10.win32_1.0.0.202111181127/tools/bin/../lib/gcc/arm-none-eabi/10.3.1/../../../../arm-none-eabi/lib/thumb/v7-m/nofp\libc_nano.a(lib_a-impure.o)
 .ARM.attributes
                0x0000000000000000       0x2d c:/st/stm32cubeide_1.10.0/stm32cubeide/plugins/com.st.stm32cube.ide.mcu.externaltools.gnu-tools-for-stm32.10.3-2021.10.win32_1.0.0.202111181127/tools/bin/../lib/gcc/arm-none-eabi/10.3.1/../../../../arm-none-eabi/lib/thumb/v7-m/nofp\libc_nano.a(lib_a-impure.o)
 .text          0x0000000000000000        0x0 c:/st/stm32cubeide_1.10.0/stm32cubeide/plugins/com.st.stm32cube.ide.mcu.externaltools.gnu-tools-for-stm32.10.3-2021.10.win32_1.0.0.202111181127/tools/bin/../lib/gcc/arm-none-eabi/10.3.1/../../../../arm-none-eabi/lib/thumb/v7-m/nofp\libc_nano.a(lib_a-init.o)
 .data          0x0000000000000000        0x0 c:/st/stm32cubeide_1.10.0/stm32cubeide/plugins/com.st.stm32cube.ide.mcu.externaltools.gnu-tools-for-stm32.10.3-2021.10.win32_1.0.0.202111181127/tools/bin/../lib/gcc/arm-none-eabi/10.3.1/../../../../arm-none-eabi/lib/thumb/v7-m/nofp\libc_nano.a(lib_a-init.o)
 .bss           0x0000000000000000        0x0 c:/st/stm32cubeide_1.10.0/stm32cubeide/plugins/com.st.stm32cube.ide.mcu.externaltools.gnu-tools-for-stm32.10.3-2021.10.win32_1.0.0.202111181127/tools/bin/../lib/gcc/arm-none-eabi/10.3.1/../../../../arm-none-eabi/lib/thumb/v7-m/nofp\libc_nano.a(lib_a-init.o)
 .text          0x0000000000000000        0x0 c:/st/stm32cubeide_1.10.0/stm32cubeide/plugins/com.st.stm32cube.ide.mcu.externaltools.gnu-tools-for-stm32.10.3-2021.10.win32_1.0.0.202111181127/tools/bin/../lib/gcc/arm-none-eabi/10.3.1/../../../../arm-none-eabi/lib/thumb/v7-m/nofp\libc_nano.a(lib_a-memset.o)
 .data          0x0000000000000000        0x0 c:/st/stm32cubeide_1.10.0/stm32cubeide/plugins/com.st.stm32cube.ide.mcu.externaltools.gnu-tools-for-stm32.10.3-2021.10.win32_1.0.0.202111181127/tools/bin/../lib/gcc/arm-none-eabi/10.3.1/../../../../arm-none-eabi/lib/thumb/v7-m/nofp\libc_nano.a(lib_a-memset.o)
 .bss           0x0000000000000000        0x0 c:/st/stm32cubeide_1.10.0/stm32cubeide/plugins/com.st.stm32cube.ide.mcu.externaltools.gnu-tools-for-stm32.10.3-2021.10.win32_1.0.0.202111181127/tools/bin/../lib/gcc/arm-none-eabi/10.3.1/../../../../arm-none-eabi/lib/thumb/v7-m/nofp\libc_nano.a(lib_a-memset.o)
 .text.memset   0x0000000000000000       0x10 c:/st/stm32cubeide_1.10.0/stm32cubeide/plugins/com.st.stm32cube.ide.mcu.externaltools.gnu-tools-for-stm32.10.3-2021.10.win32_1.0.0.202111181127/tools/bin/../lib/gcc/arm-none-eabi/10.3.1/../../../../arm-none-eabi/lib/thumb/v7-m/nofp\libc_nano.a(lib_a-memset.o)
 .debug_frame   0x0000000000000000       0x20 c:/st/stm32cubeide_1.10.0/stm32cubeide/plugins/com.st.stm32cube.ide.mcu.externaltools.gnu-tools-for-stm32.10.3-2021.10.win32_1.0.0.202111181127/tools/bin/../lib/gcc/arm-none-eabi/10.3.1/../../../../arm-none-eabi/lib/thumb/v7-m/nofp\libc_nano.a(lib_a-memset.o)
 .ARM.attributes
                0x0000000000000000       0x2d c:/st/stm32cubeide_1.10.0/stm32cubeide/plugins/com.st.stm32cube.ide.mcu.externaltools.gnu-tools-for-stm32.10.3-2021.10.win32_1.0.0.202111181127/tools/bin/../lib/gcc/arm-none-eabi/10.3.1/../../../../arm-none-eabi/lib/thumb/v7-m/nofp\libc_nano.a(lib_a-memset.o)
 .text          0x0000000000000000        0x0 c:/st/stm32cubeide_1.10.0/stm32cubeide/plugins/com.st.stm32cube.ide.mcu.externaltools.gnu-tools-for-stm32.10.3-2021.10.win32_1.0.0.202111181127/tools/bin/../lib/gcc/arm-none-eabi/10.3.1/thumb/v7-m/nofp/crtend.o
 .data          0x0000000000000000        0x0 c:/st/stm32cubeide_1.10.0/stm32cubeide/plugins/com.st.stm32cube.ide.mcu.externaltools.gnu-tools-for-stm32.10.3-2021.10.win32_1.0.0.202111181127/tools/bin/../lib/gcc/arm-none-eabi/10.3.1/thumb/v7-m/nofp/crtend.o
 .bss           0x0000000000000000        0x0 c:/st/stm32cubeide_1.10.0/stm32cubeide/plugins/com.st.stm32cube.ide.mcu.externaltools.gnu-tools-for-stm32.10.3-2021.10.win32_1.0.0.202111181127/tools/bin/../lib/gcc/arm-none-eabi/10.3.1/thumb/v7-m/nofp/crtend.o
 .rodata        0x0000000000000000       0x24 c:/st/stm32cubeide_1.10.0/stm32cubeide/plugins/com.st.stm32cube.ide.mcu.externaltools.gnu-tools-for-stm32.10.3-2021.10.win32_1.0.0.202111181127/tools/bin/../lib/gcc/arm-none-eabi/10.3.1/thumb/v7-m/nofp/crtend.o
 .eh_frame      0x0000000000000000        0x4 c:/st/stm32cubeide_1.10.0/stm32cubeide/plugins/com.st.stm32cube.ide.mcu.externaltools.gnu-tools-for-stm32.10.3-2021.10.win32_1.0.0.202111181127/tools/bin/../lib/gcc/arm-none-eabi/10.3.1/thumb/v7-m/nofp/crtend.o
 .ARM.attributes
                0x0000000000000000       0x2d c:/st/stm32cubeide_1.10.0/stm32cubeide/plugins/com.st.stm32cube.ide.mcu.externaltools.gnu-tools-for-stm32.10.3-2021.10.win32_1.0.0.202111181127/tools/bin/../lib/gcc/arm-none-eabi/10.3.1/thumb/v7-m/nofp/crtend.o
 .text          0x0000000000000000        0x0 c:/st/stm32cubeide_1.10.0/stm32cubeide/plugins/com.st.stm32cube.ide.mcu.externaltools.gnu-tools-for-stm32.10.3-2021.10.win32_1.0.0.202111181127/tools/bin/../lib/gcc/arm-none-eabi/10.3.1/thumb/v7-m/nofp/crtn.o
 .data          0x0000000000000000        0x0 c:/st/stm32cubeide_1.10.0/stm32cubeide/plugins/com.st.stm32cube.ide.mcu.externaltools.gnu-tools-for-stm32.10.3-2021.10.win32_1.0.0.202111181127/tools/bin/../lib/gcc/arm-none-eabi/10.3.1/thumb/v7-m/nofp/crtn.o
 .bss           0x0000000000000000        0x0 c:/st/stm32cubeide_1.10.0/stm32cubeide/plugins/com.st.stm32cube.ide.mcu.externaltools.gnu-tools-for-stm32.10.3-2021.10.win32_1.0.0.202111181127/tools/bin/../lib/gcc/arm-none-eabi/10.3.1/thumb/v7-m/nofp/crtn.o

Memory Configuration

Name             Origin             Length             Attributes
RAM              0x0000000020000000 0x0000000000005000 xrw
FLASH            0x0000000008000000 0x0000000000020000 xr
*default*        0x0000000000000000 0xffffffffffffffff

Linker script and memory map

LOAD c:/st/stm32cubeide_1.10.0/stm32cubeide/plugins/com.st.stm32cube.ide.mcu.externaltools.gnu-tools-for-stm32.10.3-2021.10.win32_1.0.0.202111181127/tools/bin/../lib/gcc/arm-none-eabi/10.3.1/thumb/v7-m/nofp/crti.o
LOAD c:/st/stm32cubeide_1.10.0/stm32cubeide/plugins/com.st.stm32cube.ide.mcu.externaltools.gnu-tools-for-stm32.10.3-2021.10.win32_1.0.0.202111181127/tools/bin/../lib/gcc/arm-none-eabi/10.3.1/thumb/v7-m/nofp/crtbegin.o
LOAD c:/st/stm32cubeide_1.10.0/stm32cubeide/plugins/com.st.stm32cube.ide.mcu.externaltools.gnu-tools-for-stm32.10.3-2021.10.win32_1.0.0.202111181127/tools/bin/../lib/gcc/arm-none-eabi/10.3.1/../../../../arm-none-eabi/lib/thumb/v7-m/nofp/crt0.o
LOAD ./Core/Src/adc.o
LOAD ./Core/Src/exti.o
LOAD ./Core/Src/main.o
LOAD ./Core/Src/syscalls.o
LOAD ./Core/Src/sysmem.o
LOAD ./Core/Src/system_stm32f1xx.o
LOAD ./Core/Src/systick.o
LOAD ./Core/Src/tim.o
LOAD ./Core/Src/uart.o
LOAD ./Core/Startup/startup_stm32f103rbtx.o
START GROUP
LOAD c:/st/stm32cubeide_1.10.0/stm32cubeide/plugins/com.st.stm32cube.ide.mcu.externaltools.gnu-tools-for-stm32.10.3-2021.10.win32_1.0.0.202111181127/tools/bin/../lib/gcc/arm-none-eabi/10.3.1/../../../../arm-none-eabi/lib/thumb/v7-m/nofp\libc_nano.a
LOAD c:/st/stm32cubeide_1.10.0/stm32cubeide/plugins/com.st.stm32cube.ide.mcu.externaltools.gnu-tools-for-stm32.10.3-2021.10.win32_1.0.0.202111181127/tools/bin/../lib/gcc/arm-none-eabi/10.3.1/../../../../arm-none-eabi/lib/thumb/v7-m/nofp\libm.a
END GROUP
START GROUP
LOAD c:/st/stm32cubeide_1.10.0/stm32cubeide/plugins/com.st.stm32cube.ide.mcu.externaltools.gnu-tools-for-stm32.10.3-2021.10.win32_1.0.0.202111181127/tools/bin/../lib/gcc/arm-none-eabi/10.3.1/thumb/v7-m/nofp\libgcc.a
LOAD c:/st/stm32cubeide_1.10.0/stm32cubeide/plugins/com.st.stm32cube.ide.mcu.externaltools.gnu-tools-for-stm32.10.3-2021.10.win32_1.0.0.202111181127/tools/bin/../lib/gcc/arm-none-eabi/10.3.1/../../../../arm-none-eabi/lib/thumb/v7-m/nofp\libc_nano.a
END GROUP
START GROUP
LOAD c:/st/stm32cubeide_1.10.0/stm32cubeide/plugins/com.st.stm32cube.ide.mcu.externaltools.gnu-tools-for-stm32.10.3-2021.10.win32_1.0.0.202111181127/tools/bin/../lib/gcc/arm-none-eabi/10.3.1/thumb/v7-m/nofp\libgcc.a
LOAD c:/st/stm32cubeide_1.10.0/stm32cubeide/plugins/com.st.stm32cube.ide.mcu.externaltools.gnu-tools-for-stm32.10.3-2021.10.win32_1.0.0.202111181127/tools/bin/../lib/gcc/arm-none-eabi/10.3.1/../../../../arm-none-eabi/lib/thumb/v7-m/nofp\libc_nano.a
LOAD c:/st/stm32cubeide_1.10.0/stm32cubeide/plugins/com.st.stm32cube.ide.mcu.externaltools.gnu-tools-for-stm32.10.3-2021.10.win32_1.0.0.202111181127/tools/bin/../lib/gcc/arm-none-eabi/10.3.1/../../../../arm-none-eabi/lib/thumb/v7-m/nofp\libnosys.a
END GROUP
START GROUP
LOAD c:/st/stm32cubeide_1.10.0/stm32cubeide/plugins/com.st.stm32cube.ide.mcu.externaltools.gnu-tools-for-stm32.10.3-2021.10.win32_1.0.0.202111181127/tools/bin/../lib/gcc/arm-none-eabi/10.3.1/thumb/v7-m/nofp\libgcc.a
LOAD c:/st/stm32cubeide_1.10.0/stm32cubeide/plugins/com.st.stm32cube.ide.mcu.externaltools.gnu-tools-for-stm32.10.3-2021.10.win32_1.0.0.202111181127/tools/bin/../lib/gcc/arm-none-eabi/10.3.1/../../../../arm-none-eabi/lib/thumb/v7-m/nofp\libc_nano.a
LOAD c:/st/stm32cubeide_1.10.0/stm32cubeide/plugins/com.st.stm32cube.ide.mcu.externaltools.gnu-tools-for-stm32.10.3-2021.10.win32_1.0.0.202111181127/tools/bin/../lib/gcc/arm-none-eabi/10.3.1/../../../../arm-none-eabi/lib/thumb/v7-m/nofp\libnosys.a
END GROUP
LOAD c:/st/stm32cubeide_1.10.0/stm32cubeide/plugins/com.st.stm32cube.ide.mcu.externaltools.gnu-tools-for-stm32.10.3-2021.10.win32_1.0.0.202111181127/tools/bin/../lib/gcc/arm-none-eabi/10.3.1/thumb/v7-m/nofp/crtend.o
LOAD c:/st/stm32cubeide_1.10.0/stm32cubeide/plugins/com.st.stm32cube.ide.mcu.externaltools.gnu-tools-for-stm32.10.3-2021.10.win32_1.0.0.202111181127/tools/bin/../lib/gcc/arm-none-eabi/10.3.1/thumb/v7-m/nofp/crtn.o
                0x0000000020005000                _estack = (ORIGIN (RAM) + LENGTH (RAM))
                0x0000000000000200                _Min_Heap_Size = 0x200
                0x0000000000000400                _Min_Stack_Size = 0x400

.isr_vector     0x0000000008000000      0x10c
                0x0000000008000000                . = ALIGN (0x4)
 *(.isr_vector)
 .isr_vector    0x0000000008000000      0x10c ./Core/Startup/startup_stm32f103rbtx.o
                0x0000000008000000                g_pfnVectors
                0x000000000800010c                . = ALIGN (0x4)

.text           0x000000000800010c      0x394
                0x000000000800010c                . = ALIGN (0x4)
 *(.text)
 .text          0x000000000800010c       0x40 c:/st/stm32cubeide_1.10.0/stm32cubeide/plugins/com.st.stm32cube.ide.mcu.externaltools.gnu-tools-for-stm32.10.3-2021.10.win32_1.0.0.202111181127/tools/bin/../lib/gcc/arm-none-eabi/10.3.1/thumb/v7-m/nofp/crtbegin.o
 *(.text*)
 .text.main     0x000000000800014c       0x7c ./Core/Src/main.o
                0x000000000800014c                main
 .text.dma_callback
                0x00000000080001c8       0x1c ./Core/Src/main.o
 .text.DMA1_Channel7_IRQHandler
                0x00000000080001e4       0x28 ./Core/Src/main.o
                0x00000000080001e4                DMA1_Channel7_IRQHandler
 .text.SystemInit
                0x000000000800020c        0xc ./Core/Src/system_stm32f1xx.o
                0x000000000800020c                SystemInit
 .text.__NVIC_EnableIRQ
                0x0000000008000218       0x38 ./Core/Src/uart.o
 .text.dma1_ch7_init
                0x0000000008000250       0xa8 ./Core/Src/uart.o
                0x0000000008000250                dma1_ch7_init
 .text.uart2_tx_init
                0x00000000080002f8       0xb4 ./Core/Src/uart.o
                0x00000000080002f8                uart2_tx_init
 .text.uart_set_baudrate
                0x00000000080003ac       0x24 ./Core/Src/uart.o
 .text.compute_uart_bd
                0x00000000080003d0       0x24 ./Core/Src/uart.o
 .text.Reset_Handler
                0x00000000080003f4       0x48 ./Core/Startup/startup_stm32f103rbtx.o
                0x00000000080003f4                Reset_Handler
 .text.Default_Handler
                0x000000000800043c        0x2 ./Core/Startup/startup_stm32f103rbtx.o
                0x000000000800043c                RTC_Alarm_IRQHandler
                0x000000000800043c                EXTI2_IRQHandler
                0x000000000800043c                DebugMon_Handler
                0x000000000800043c                TIM1_CC_IRQHandler
                0x000000000800043c                HardFault_Handler
                0x000000000800043c                SysTick_Handler
                0x000000000800043c                PVD_IRQHandler
                0x000000000800043c                PendSV_Handler
                0x000000000800043c                NMI_Handler
                0x000000000800043c                EXTI3_IRQHandler
                0x000000000800043c                EXTI0_IRQHandler
                0x000000000800043c                I2C2_EV_IRQHandler
                0x000000000800043c                UsageFault_Handler
                0x000000000800043c                ADC1_2_IRQHandler
                0x000000000800043c                SPI1_IRQHandler
                0x000000000800043c                TAMPER_IRQHandler
                0x000000000800043c                DMA1_Channel4_IRQHandler
                0x000000000800043c                USART3_IRQHandler
                0x000000000800043c                RTC_IRQHandler
                0x000000000800043c                CAN1_RX1_IRQHandler
                0x000000000800043c                TIM4_IRQHandler
                0x000000000800043c                I2C1_EV_IRQHandler
                0x000000000800043c                DMA1_Channel6_IRQHandler
                0x000000000800043c                TIM3_IRQHandler
                0x000000000800043c                RCC_IRQHandler
                0x000000000800043c                TIM1_TRG_COM_IRQHandler
                0x000000000800043c                DMA1_Channel1_IRQHandler
                0x000000000800043c                Default_Handler
                0x000000000800043c                EXTI15_10_IRQHandler
                0x000000000800043c                EXTI9_5_IRQHandler
                0x000000000800043c                SPI2_IRQHandler
                0x000000000800043c                MemManage_Handler
                0x000000000800043c                SVC_Handler
                0x000000000800043c                DMA1_Channel5_IRQHandler
                0x000000000800043c                EXTI4_IRQHandler
                0x000000000800043c                USB_LP_CAN1_RX0_IRQHandler
                0x000000000800043c                USB_HP_CAN1_TX_IRQHandler
                0x000000000800043c                DMA1_Channel3_IRQHandler
                0x000000000800043c                TIM1_UP_IRQHandler
                0x000000000800043c                WWDG_IRQHandler
                0x000000000800043c                TIM2_IRQHandler
                0x000000000800043c                TIM1_BRK_IRQHandler
                0x000000000800043c                EXTI1_IRQHandler
                0x000000000800043c                USART2_IRQHandler
                0x000000000800043c                I2C2_ER_IRQHandler
                0x000000000800043c                DMA1_Channel2_IRQHandler
                0x000000000800043c                CAN1_SCE_IRQHandler
                0x000000000800043c                FLASH_IRQHandler
                0x000000000800043c                BusFault_Handler
                0x000000000800043c                USART1_IRQHandler
                0x000000000800043c                I2C1_ER_IRQHandler
                0x000000000800043c                USBWakeUp_IRQHandler
 *fill*         0x000000000800043e        0x2 
 .text.__libc_init_array
                0x0000000008000440       0x48 c:/st/stm32cubeide_1.10.0/stm32cubeide/plugins/com.st.stm32cube.ide.mcu.externaltools.gnu-tools-for-stm32.10.3-2021.10.win32_1.0.0.202111181127/tools/bin/../lib/gcc/arm-none-eabi/10.3.1/../../../../arm-none-eabi/lib/thumb/v7-m/nofp\libc_nano.a(lib_a-init.o)
                0x0000000008000440                __libc_init_array
 *(.glue_7)
 .glue_7        0x0000000008000488        0x0 linker stubs
 *(.glue_7t)
 .glue_7t       0x0000000008000488        0x0 linker stubs
 *(.eh_frame)
 .eh_frame      0x0000000008000488        0x0 c:/st/stm32cubeide_1.10.0/stm32cubeide/plugins/com.st.stm32cube.ide.mcu.externaltools.gnu-tools-for-stm32.10.3-2021.10.win32_1.0.0.202111181127/tools/bin/../lib/gcc/arm-none-eabi/10.3.1/thumb/v7-m/nofp/crtbegin.o
 *(.init)
 .init          0x0000000008000488        0x4 c:/st/stm32cubeide_1.10.0/stm32cubeide/plugins/com.st.stm32cube.ide.mcu.externaltools.gnu-tools-for-stm32.10.3-2021.10.win32_1.0.0.202111181127/tools/bin/../lib/gcc/arm-none-eabi/10.3.1/thumb/v7-m/nofp/crti.o
                0x0000000008000488                _init
 .init          0x000000000800048c        0x8 c:/st/stm32cubeide_1.10.0/stm32cubeide/plugins/com.st.stm32cube.ide.mcu.externaltools.gnu-tools-for-stm32.10.3-2021.10.win32_1.0.0.202111181127/tools/bin/../lib/gcc/arm-none-eabi/10.3.1/thumb/v7-m/nofp/crtn.o
 *(.fini)
 .fini          0x0000000008000494        0x4 c:/st/stm32cubeide_1.10.0/stm32cubeide/plugins/com.st.stm32cube.ide.mcu.externaltools.gnu-tools-for-stm32.10.3-2021.10.win32_1.0.0.202111181127/tools/bin/../lib/gcc/arm-none-eabi/10.3.1/thumb/v7-m/nofp/crti.o
                0x0000000008000494                _fini
 .fini          0x0000000008000498        0x8 c:/st/stm32cubeide_1.10.0/stm32cubeide/plugins/com.st.stm32cube.ide.mcu.externaltools.gnu-tools-for-stm32.10.3-2021.10.win32_1.0.0.202111181127/tools/bin/../lib/gcc/arm-none-eabi/10.3.1/thumb/v7-m/nofp/crtn.o
                0x00000000080004a0                . = ALIGN (0x4)
                0x00000000080004a0                _etext = .

.vfp11_veneer   0x00000000080004a0        0x0
 .vfp11_veneer  0x00000000080004a0        0x0 linker stubs

.v4_bx          0x00000000080004a0        0x0
 .v4_bx         0x00000000080004a0        0x0 linker stubs

.iplt           0x00000000080004a0        0x0
 .iplt          0x00000000080004a0        0x0 c:/st/stm32cubeide_1.10.0/stm32cubeide/plugins/com.st.stm32cube.ide.mcu.externaltools.gnu-tools-for-stm32.10.3-2021.10.win32_1.0.0.202111181127/tools/bin/../lib/gcc/arm-none-eabi/10.3.1/thumb/v7-m/nofp/crtbegin.o

.rodata         0x00000000080004a0       0x20
                0x00000000080004a0                . = ALIGN (0x4)
 *(.rodata)
 .rodata        0x00000000080004a0       0x1f ./Core/Src/main.o
 *(.rodata*)
                0x00000000080004c0                . = ALIGN (0x4)
 *fill*         0x00000000080004bf        0x1 

.rel.dyn        0x00000000080004c0        0x0
 .rel.iplt      0x00000000080004c0        0x0 c:/st/stm32cubeide_1.10.0/stm32cubeide/plugins/com.st.stm32cube.ide.mcu.externaltools.gnu-tools-for-stm32.10.3-2021.10.win32_1.0.0.202111181127/tools/bin/../lib/gcc/arm-none-eabi/10.3.1/thumb/v7-m/nofp/crtbegin.o

.ARM.extab      0x00000000080004c0        0x0
                0x00000000080004c0                . = ALIGN (0x4)
 *(.ARM.extab* .gnu.linkonce.armextab.*)
                0x00000000080004c0                . = ALIGN (0x4)

.ARM            0x00000000080004c0        0x0
                0x00000000080004c0                . = ALIGN (0x4)
                0x00000000080004c0                __exidx_start = .
 *(.ARM.exidx*)
                0x00000000080004c0                __exidx_end = .
                0x00000000080004c0                . = ALIGN (0x4)

.preinit_array  0x00000000080004c0        0x0
                0x00000000080004c0                . = ALIGN (0x4)
                0x00000000080004c0                PROVIDE (__preinit_array_start = .)
 *(.preinit_array*)
                0x00000000080004c0                PROVIDE (__preinit_array_end = .)
                0x00000000080004c0                . = ALIGN (0x4)

.init_array     0x00000000080004c0        0x4
                0x00000000080004c0                . = ALIGN (0x4)
                0x00000000080004c0                PROVIDE (__init_array_start = .)
 *(SORT_BY_NAME(.init_array.*))
 *(.init_array*)
 .init_array    0x00000000080004c0        0x4 c:/st/stm32cubeide_1.10.0/stm32cubeide/plugins/com.st.stm32cube.ide.mcu.externaltools.gnu-tools-for-stm32.10.3-2021.10.win32_1.0.0.202111181127/tools/bin/../lib/gcc/arm-none-eabi/10.3.1/thumb/v7-m/nofp/crtbegin.o
                0x00000000080004c4                PROVIDE (__init_array_end = .)
                0x00000000080004c4                . = ALIGN (0x4)

.fini_array     0x00000000080004c4        0x4
                0x00000000080004c4                . = ALIGN (0x4)
                [!provide]                        PROVIDE (__fini_array_start = .)
 *(SORT_BY_NAME(.fini_array.*))
 *(.fini_array*)
 .fini_array    0x00000000080004c4        0x4 c:/st/stm32cubeide_1.10.0/stm32cubeide/plugins/com.st.stm32cube.ide.mcu.externaltools.gnu-tools-for-stm32.10.3-2021.10.win32_1.0.0.202111181127/tools/bin/../lib/gcc/arm-none-eabi/10.3.1/thumb/v7-m/nofp/crtbegin.o
                [!provide]                        PROVIDE (__fini_array_end = .)
                0x00000000080004c8                . = ALIGN (0x4)
                0x00000000080004c8                _sidata = LOADADDR (.data)

.data           0x0000000020000000        0x0 load address 0x00000000080004c8
                0x0000000020000000                . = ALIGN (0x4)
                0x0000000020000000                _sdata = .
 *(.data)
 *(.data*)
 *(.RamFunc)
 *(.RamFunc*)
                0x0000000020000000                . = ALIGN (0x4)
                0x0000000020000000                _edata = .

.igot.plt       0x0000000020000000        0x0 load address 0x00000000080004c8
 .igot.plt      0x0000000020000000        0x0 c:/st/stm32cubeide_1.10.0/stm32cubeide/plugins/com.st.stm32cube.ide.mcu.externaltools.gnu-tools-for-stm32.10.3-2021.10.win32_1.0.0.202111181127/tools/bin/../lib/gcc/arm-none-eabi/10.3.1/thumb/v7-m/nofp/crtbegin.o
                0x0000000020000000                . = ALIGN (0x4)

.bss            0x0000000020000000       0x1c load address 0x00000000080004c8
                0x0000000020000000                _sbss = .
                0x0000000020000000                __bss_start__ = _sbss
 *(.bss)
 .bss           0x0000000020000000       0x1c c:/st/stm32cubeide_1.10.0/stm32cubeide/plugins/com.st.stm32cube.ide.mcu.externaltools.gnu-tools-for-stm32.10.3-2021.10.win32_1.0.0.202111181127/tools/bin/../lib/gcc/arm-none-eabi/10.3.1/thumb/v7-m/nofp/crtbegin.o
 *(.bss*)
 *(COMMON)
                0x000000002000001c                . = ALIGN (0x4)
                0x000000002000001c                _ebss = .
                0x000000002000001c                __bss_end__ = _ebss

._user_heap_stack
                0x000000002000001c      0x604 load address 0x00000000080004c8
                0x0000000020000020                . = ALIGN (0x8)
 *fill*         0x000000002000001c        0x4 
                [!provide]                        PROVIDE (end = .)
                0x0000000020000020                PROVIDE (_end = .)
                0x0000000020000220                . = (. + _Min_Heap_Size)
 *fill*         0x0000000020000020      0x200 
                0x0000000020000620                . = (. + _Min_Stack_Size)
 *fill*         0x0000000020000220      0x400 
                0x0000000020000620                . = ALIGN (0x8)

/DISCARD/
 libc.a(*)
 libm.a(*)
 libgcc.a(*)

.ARM.attributes
                0x0000000000000000       0x29
 *(.ARM.attributes)
 .ARM.attributes
                0x0000000000000000       0x1d c:/st/stm32cubeide_1.10.0/stm32cubeide/plugins/com.st.stm32cube.ide.mcu.externaltools.gnu-tools-for-stm32.10.3-2021.10.win32_1.0.0.202111181127/tools/bin/../lib/gcc/arm-none-eabi/10.3.1/thumb/v7-m/nofp/crti.o
 .ARM.attributes
                0x000000000000001d       0x2d c:/st/stm32cubeide_1.10.0/stm32cubeide/plugins/com.st.stm32cube.ide.mcu.externaltools.gnu-tools-for-stm32.10.3-2021.10.win32_1.0.0.202111181127/tools/bin/../lib/gcc/arm-none-eabi/10.3.1/thumb/v7-m/nofp/crtbegin.o
 .ARM.attributes
                0x000000000000004a       0x2d ./Core/Src/main.o
 .ARM.attributes
                0x0000000000000077       0x2d ./Core/Src/system_stm32f1xx.o
 .ARM.attributes
                0x00000000000000a4       0x2d ./Core/Src/uart.o
 .ARM.attributes
                0x00000000000000d1       0x21 ./Core/Startup/startup_stm32f103rbtx.o
 .ARM.attributes
                0x00000000000000f2       0x2d c:/st/stm32cubeide_1.10.0/stm32cubeide/plugins/com.st.stm32cube.ide.mcu.externaltools.gnu-tools-for-stm32.10.3-2021.10.win32_1.0.0.202111181127/tools/bin/../lib/gcc/arm-none-eabi/10.3.1/../../../../arm-none-eabi/lib/thumb/v7-m/nofp\libc_nano.a(lib_a-init.o)
 .ARM.attributes
                0x000000000000011f       0x1d c:/st/stm32cubeide_1.10.0/stm32cubeide/plugins/com.st.stm32cube.ide.mcu.externaltools.gnu-tools-for-stm32.10.3-2021.10.win32_1.0.0.202111181127/tools/bin/../lib/gcc/arm-none-eabi/10.3.1/thumb/v7-m/nofp/crtn.o
OUTPUT(20_UART_tx_dma.elf elf32-littlearm)
LOAD linker stubs
LOAD c:/st/stm32cubeide_1.10.0/stm32cubeide/plugins/com.st.stm32cube.ide.mcu.externaltools.gnu-tools-for-stm32.10.3-2021.10.win32_1.0.0.202111181127/tools/bin/../lib/gcc/arm-none-eabi/10.3.1/../../../../arm-none-eabi/lib/thumb/v7-m/nofp\libc.a
LOAD c:/st/stm32cubeide_1.10.0/stm32cubeide/plugins/com.st.stm32cube.ide.mcu.externaltools.gnu-tools-for-stm32.10.3-2021.10.win32_1.0.0.202111181127/tools/bin/../lib/gcc/arm-none-eabi/10.3.1/../../../../arm-none-eabi/lib/thumb/v7-m/nofp\libm.a
LOAD c:/st/stm32cubeide_1.10.0/stm32cubeide/plugins/com.st.stm32cube.ide.mcu.externaltools.gnu-tools-for-stm32.10.3-2021.10.win32_1.0.0.202111181127/tools/bin/../lib/gcc/arm-none-eabi/10.3.1/thumb/v7-m/nofp\libgcc.a

.debug_info     0x0000000000000000      0xc3e
 .debug_info    0x0000000000000000      0x2e2 ./Core/Src/main.o
 .debug_info    0x00000000000002e2      0x236 ./Core/Src/system_stm32f1xx.o
 .debug_info    0x0000000000000518      0x704 ./Core/Src/uart.o
 .debug_info    0x0000000000000c1c       0x22 ./Core/Startup/startup_stm32f103rbtx.o

.debug_abbrev   0x0000000000000000      0x47a
 .debug_abbrev  0x0000000000000000      0x123 ./Core/Src/main.o
 .debug_abbrev  0x0000000000000123      0x13b ./Core/Src/system_stm32f1xx.o
 .debug_abbrev  0x000000000000025e      0x20a ./Core/Src/uart.o
 .debug_abbrev  0x0000000000000468       0x12 ./Core/Startup/startup_stm32f103rbtx.o

.debug_aranges  0x0000000000000000       0xe8
 .debug_aranges
                0x0000000000000000       0x30 ./Core/Src/main.o
 .debug_aranges
                0x0000000000000030       0x28 ./Core/Src/system_stm32f1xx.o
 .debug_aranges
                0x0000000000000058       0x68 ./Core/Src/uart.o
 .debug_aranges
                0x00000000000000c0       0x28 ./Core/Startup/startup_stm32f103rbtx.o

.debug_ranges   0x0000000000000000       0xb0
 .debug_ranges  0x0000000000000000       0x20 ./Core/Src/main.o
 .debug_ranges  0x0000000000000020       0x18 ./Core/Src/system_stm32f1xx.o
 .debug_ranges  0x0000000000000038       0x58 ./Core/Src/uart.o
 .debug_ranges  0x0000000000000090       0x20 ./Core/Startup/startup_stm32f103rbtx.o

.debug_macro    0x0000000000000000     0x11cf
 .debug_macro   0x0000000000000000      0x24c ./Core/Src/main.o
 .debug_macro   0x000000000000024c       0x4c ./Core/Src/main.o
 .debug_macro   0x0000000000000298       0x18 ./Core/Src/main.o
 .debug_macro   0x00000000000002b0       0x94 ./Core/Src/main.o
 .debug_macro   0x0000000000000344       0x3c ./Core/Src/main.o
 .debug_macro   0x0000000000000380       0x34 ./Core/Src/main.o
 .debug_macro   0x00000000000003b4       0x16 ./Core/Src/main.o
 .debug_macro   0x00000000000003ca       0x57 ./Core/Src/main.o
 .debug_macro   0x0000000000000421       0x97 ./Core/Src/main.o
 .debug_macro   0x00000000000004b8      0x341 ./Core/Src/main.o
 .debug_macro   0x00000000000007f9       0xfd ./Core/Src/main.o
 .debug_macro   0x00000000000008f6       0x10 ./Core/Src/main.o
 .debug_macro   0x0000000000000906       0x16 ./Core/Src/main.o
 .debug_macro   0x000000000000091c       0x43 ./Core/Src/main.o
 .debug_macro   0x000000000000095f       0x34 ./Core/Src/main.o
 .debug_macro   0x0000000000000993       0x10 ./Core/Src/main.o
 .debug_macro   0x00000000000009a3       0x58 ./Core/Src/main.o
 .debug_macro   0x00000000000009fb       0x71 ./Core/Src/main.o
 .debug_macro   0x0000000000000a6c       0x1c ./Core/Src/main.o
 .debug_macro   0x0000000000000a88      0x12a ./Core/Src/main.o
 .debug_macro   0x0000000000000bb2       0x10 ./Core/Src/main.o
 .debug_macro   0x0000000000000bc2       0x1c ./Core/Src/main.o
 .debug_macro   0x0000000000000bde       0x52 ./Core/Src/main.o
 .debug_macro   0x0000000000000c30       0x22 ./Core/Src/main.o
 .debug_macro   0x0000000000000c52       0x10 ./Core/Src/main.o
 .debug_macro   0x0000000000000c62       0x52 ./Core/Src/main.o
 .debug_macro   0x0000000000000cb4       0xd5 ./Core/Src/main.o
 .debug_macro   0x0000000000000d89       0x1c ./Core/Src/main.o
 .debug_macro   0x0000000000000da5       0x3d ./Core/Src/main.o
 .debug_macro   0x0000000000000de2       0x16 ./Core/Src/main.o
 .debug_macro   0x0000000000000df8      0x145 ./Core/Src/main.o
 .debug_macro   0x0000000000000f3d       0x10 ./Core/Src/main.o
 .debug_macro   0x0000000000000f4d       0x16 ./Core/Src/main.o
 .debug_macro   0x0000000000000f63       0x10 ./Core/Src/main.o
 .debug_macro   0x0000000000000f73       0xc8 ./Core/Src/system_stm32f1xx.o
 .debug_macro   0x000000000000103b       0x2e ./Core/Src/system_stm32f1xx.o
 .debug_macro   0x0000000000001069       0x6d ./Core/Src/system_stm32f1xx.o
 .debug_macro   0x00000000000010d6       0xf9 ./Core/Src/uart.o

.debug_line     0x0000000000000000     0x11eb
 .debug_line    0x0000000000000000      0x6a3 ./Core/Src/main.o
 .debug_line    0x00000000000006a3      0x4d5 ./Core/Src/system_stm32f1xx.o
 .debug_line    0x0000000000000b78      0x5ec ./Core/Src/uart.o
 .debug_line    0x0000000000001164       0x87 ./Core/Startup/startup_stm32f103rbtx.o

.debug_str      0x0000000000000000    0x589c6
 .debug_str     0x0000000000000000    0x57d32 ./Core/Src/main.o
                                      0x57fdb (size before relaxing)
 .debug_str     0x0000000000057d32      0x813 ./Core/Src/system_stm32f1xx.o
                                      0x545d7 (size before relaxing)
 .debug_str     0x0000000000058545      0x44b ./Core/Src/uart.o
                                      0x54381 (size before relaxing)
 .debug_str     0x0000000000058990       0x36 ./Core/Startup/startup_stm32f103rbtx.o
                                         0x81 (size before relaxing)

.comment        0x0000000000000000       0x50
 .comment       0x0000000000000000       0x50 ./Core/Src/main.o
                                         0x51 (size before relaxing)
 .comment       0x0000000000000050       0x51 ./Core/Src/system_stm32f1xx.o
 .comment       0x0000000000000050       0x51 ./Core/Src/uart.o

.debug_frame    0x0000000000000000      0x25c
 .debug_frame   0x0000000000000000       0x70 ./Core/Src/main.o
 .debug_frame   0x0000000000000070       0x58 ./Core/Src/system_stm32f1xx.o
 .debug_frame   0x00000000000000c8      0x168 ./Core/Src/uart.o
 .debug_frame   0x0000000000000230       0x2c c:/st/stm32cubeide_1.10.0/stm32cubeide/plugins/com.st.stm32cube.ide.mcu.externaltools.gnu-tools-for-stm32.10.3-2021.10.win32_1.0.0.202111181127/tools/bin/../lib/gcc/arm-none-eabi/10.3.1/../../../../arm-none-eabi/lib/thumb/v7-m/nofp\libc_nano.a(lib_a-init.o)
