Archive member included to satisfy reference by file (symbol)

c:/st/stm32cubeide_1.10.0/stm32cubeide/plugins/com.st.stm32cube.ide.mcu.externaltools.gnu-tools-for-stm32.10.3-2021.10.win32_1.0.0.202111181127/tools/bin/../lib/gcc/arm-none-eabi/10.3.1/../../../../arm-none-eabi/lib/thumb/v7-m/nofp\libc_nano.a(lib_a-errno.o)
                              ./Core/Src/syscalls.o (__errno)
c:/st/stm32cubeide_1.10.0/stm32cubeide/plugins/com.st.stm32cube.ide.mcu.externaltools.gnu-tools-for-stm32.10.3-2021.10.win32_1.0.0.202111181127/tools/bin/../lib/gcc/arm-none-eabi/10.3.1/../../../../arm-none-eabi/lib/thumb/v7-m/nofp\libc_nano.a(lib_a-exit.o)
                              c:/st/stm32cubeide_1.10.0/stm32cubeide/plugins/com.st.stm32cube.ide.mcu.externaltools.gnu-tools-for-stm32.10.3-2021.10.win32_1.0.0.202111181127/tools/bin/../lib/gcc/arm-none-eabi/10.3.1/../../../../arm-none-eabi/lib/thumb/v7-m/nofp/crt0.o (exit)
c:/st/stm32cubeide_1.10.0/stm32cubeide/plugins/com.st.stm32cube.ide.mcu.externaltools.gnu-tools-for-stm32.10.3-2021.10.win32_1.0.0.202111181127/tools/bin/../lib/gcc/arm-none-eabi/10.3.1/../../../../arm-none-eabi/lib/thumb/v7-m/nofp\libc_nano.a(lib_a-impure.o)
                              c:/st/stm32cubeide_1.10.0/stm32cubeide/plugins/com.st.stm32cube.ide.mcu.externaltools.gnu-tools-for-stm32.10.3-2021.10.win32_1.0.0.202111181127/tools/bin/../lib/gcc/arm-none-eabi/10.3.1/../../../../arm-none-eabi/lib/thumb/v7-m/nofp\libc_nano.a(lib_a-exit.o) (_global_impure_ptr)
c:/st/stm32cubeide_1.10.0/stm32cubeide/plugins/com.st.stm32cube.ide.mcu.externaltools.gnu-tools-for-stm32.10.3-2021.10.win32_1.0.0.202111181127/tools/bin/../lib/gcc/arm-none-eabi/10.3.1/../../../../arm-none-eabi/lib/thumb/v7-m/nofp\libc_nano.a(lib_a-init.o)
                              c:/st/stm32cubeide_1.10.0/stm32cubeide/plugins/com.st.stm32cube.ide.mcu.externaltools.gnu-tools-for-stm32.10.3-2021.10.win32_1.0.0.202111181127/tools/bin/../lib/gcc/arm-none-eabi/10.3.1/../../../../arm-none-eabi/lib/thumb/v7-m/nofp/crt0.o (__libc_init_array)
c:/st/stm32cubeide_1.10.0/stm32cubeide/plugins/com.st.stm32cube.ide.mcu.externaltools.gnu-tools-for-stm32.10.3-2021.10.win32_1.0.0.202111181127/tools/bin/../lib/gcc/arm-none-eabi/10.3.1/../../../../arm-none-eabi/lib/thumb/v7-m/nofp\libc_nano.a(lib_a-memset.o)
                              c:/st/stm32cubeide_1.10.0/stm32cubeide/plugins/com.st.stm32cube.ide.mcu.externaltools.gnu-tools-for-stm32.10.3-2021.10.win32_1.0.0.202111181127/tools/bin/../lib/gcc/arm-none-eabi/10.3.1/../../../../arm-none-eabi/lib/thumb/v7-m/nofp/crt0.o (memset)
c:/st/stm32cubeide_1.10.0/stm32cubeide/plugins/com.st.stm32cube.ide.mcu.externaltools.gnu-tools-for-stm32.10.3-2021.10.win32_1.0.0.202111181127/tools/bin/../lib/gcc/arm-none-eabi/10.3.1/thumb/v7-m/nofp\libgcc.a(_arm_addsubdf3.o)
                              ./Core/Src/main.o (__aeabi_i2d)
c:/st/stm32cubeide_1.10.0/stm32cubeide/plugins/com.st.stm32cube.ide.mcu.externaltools.gnu-tools-for-stm32.10.3-2021.10.win32_1.0.0.202111181127/tools/bin/../lib/gcc/arm-none-eabi/10.3.1/thumb/v7-m/nofp\libgcc.a(_arm_muldivdf3.o)
                              ./Core/Src/main.o (__aeabi_ddiv)
c:/st/stm32cubeide_1.10.0/stm32cubeide/plugins/com.st.stm32cube.ide.mcu.externaltools.gnu-tools-for-stm32.10.3-2021.10.win32_1.0.0.202111181127/tools/bin/../lib/gcc/arm-none-eabi/10.3.1/thumb/v7-m/nofp\libgcc.a(_arm_truncdfsf2.o)
                              ./Core/Src/main.o (__aeabi_d2f)

Discarded input sections

 .text          0x0000000000000000        0x0 c:/st/stm32cubeide_1.10.0/stm32cubeide/plugins/com.st.stm32cube.ide.mcu.externaltools.gnu-tools-for-stm32.10.3-2021.10.win32_1.0.0.202111181127/tools/bin/../lib/gcc/arm-none-eabi/10.3.1/thumb/v7-m/nofp/crti.o
 .data          0x0000000000000000        0x0 c:/st/stm32cubeide_1.10.0/stm32cubeide/plugins/com.st.stm32cube.ide.mcu.externaltools.gnu-tools-for-stm32.10.3-2021.10.win32_1.0.0.202111181127/tools/bin/../lib/gcc/arm-none-eabi/10.3.1/thumb/v7-m/nofp/crti.o
 .bss           0x0000000000000000        0x0 c:/st/stm32cubeide_1.10.0/stm32cubeide/plugins/com.st.stm32cube.ide.mcu.externaltools.gnu-tools-for-stm32.10.3-2021.10.win32_1.0.0.202111181127/tools/bin/../lib/gcc/arm-none-eabi/10.3.1/thumb/v7-m/nofp/crti.o
 .data          0x0000000000000000        0x4 c:/st/stm32cubeide_1.10.0/stm32cubeide/plugins/com.st.stm32cube.ide.mcu.externaltools.gnu-tools-for-stm32.10.3-2021.10.win32_1.0.0.202111181127/tools/bin/../lib/gcc/arm-none-eabi/10.3.1/thumb/v7-m/nofp/crtbegin.o
 .rodata        0x0000000000000000       0x24 c:/st/stm32cubeide_1.10.0/stm32cubeide/plugins/com.st.stm32cube.ide.mcu.externaltools.gnu-tools-for-stm32.10.3-2021.10.win32_1.0.0.202111181127/tools/bin/../lib/gcc/arm-none-eabi/10.3.1/thumb/v7-m/nofp/crtbegin.o
 .text          0x0000000000000000       0x7c c:/st/stm32cubeide_1.10.0/stm32cubeide/plugins/com.st.stm32cube.ide.mcu.externaltools.gnu-tools-for-stm32.10.3-2021.10.win32_1.0.0.202111181127/tools/bin/../lib/gcc/arm-none-eabi/10.3.1/../../../../arm-none-eabi/lib/thumb/v7-m/nofp/crt0.o
 .data          0x0000000000000000        0x0 c:/st/stm32cubeide_1.10.0/stm32cubeide/plugins/com.st.stm32cube.ide.mcu.externaltools.gnu-tools-for-stm32.10.3-2021.10.win32_1.0.0.202111181127/tools/bin/../lib/gcc/arm-none-eabi/10.3.1/../../../../arm-none-eabi/lib/thumb/v7-m/nofp/crt0.o
 .bss           0x0000000000000000        0x0 c:/st/stm32cubeide_1.10.0/stm32cubeide/plugins/com.st.stm32cube.ide.mcu.externaltools.gnu-tools-for-stm32.10.3-2021.10.win32_1.0.0.202111181127/tools/bin/../lib/gcc/arm-none-eabi/10.3.1/../../../../arm-none-eabi/lib/thumb/v7-m/nofp/crt0.o
 .ARM.extab     0x0000000000000000        0x0 c:/st/stm32cubeide_1.10.0/stm32cubeide/plugins/com.st.stm32cube.ide.mcu.externaltools.gnu-tools-for-stm32.10.3-2021.10.win32_1.0.0.202111181127/tools/bin/../lib/gcc/arm-none-eabi/10.3.1/../../../../arm-none-eabi/lib/thumb/v7-m/nofp/crt0.o
 .ARM.exidx     0x0000000000000000       0x10 c:/st/stm32cubeide_1.10.0/stm32cubeide/plugins/com.st.stm32cube.ide.mcu.externaltools.gnu-tools-for-stm32.10.3-2021.10.win32_1.0.0.202111181127/tools/bin/../lib/gcc/arm-none-eabi/10.3.1/../../../../arm-none-eabi/lib/thumb/v7-m/nofp/crt0.o
 .ARM.attributes
                0x0000000000000000       0x1b c:/st/stm32cubeide_1.10.0/stm32cubeide/plugins/com.st.stm32cube.ide.mcu.externaltools.gnu-tools-for-stm32.10.3-2021.10.win32_1.0.0.202111181127/tools/bin/../lib/gcc/arm-none-eabi/10.3.1/../../../../arm-none-eabi/lib/thumb/v7-m/nofp/crt0.o
 .group         0x0000000000000000        0xc ./Core/Src/MPU6050.o
 .group         0x0000000000000000        0xc ./Core/Src/MPU6050.o
 .group         0x0000000000000000        0xc ./Core/Src/MPU6050.o
 .group         0x0000000000000000        0xc ./Core/Src/MPU6050.o
 .group         0x0000000000000000        0xc ./Core/Src/MPU6050.o
 .group         0x0000000000000000        0xc ./Core/Src/MPU6050.o
 .group         0x0000000000000000        0xc ./Core/Src/MPU6050.o
 .group         0x0000000000000000        0xc ./Core/Src/MPU6050.o
 .group         0x0000000000000000        0xc ./Core/Src/MPU6050.o
 .group         0x0000000000000000        0xc ./Core/Src/MPU6050.o
 .group         0x0000000000000000        0xc ./Core/Src/MPU6050.o
 .group         0x0000000000000000        0xc ./Core/Src/MPU6050.o
 .group         0x0000000000000000        0xc ./Core/Src/MPU6050.o
 .group         0x0000000000000000        0xc ./Core/Src/MPU6050.o
 .text          0x0000000000000000        0x0 ./Core/Src/MPU6050.o
 .data          0x0000000000000000        0x0 ./Core/Src/MPU6050.o
 .bss           0x0000000000000000        0x0 ./Core/Src/MPU6050.o
 .group         0x0000000000000000        0xc ./Core/Src/adc.o
 .group         0x0000000000000000        0xc ./Core/Src/adc.o
 .group         0x0000000000000000        0xc ./Core/Src/adc.o
 .group         0x0000000000000000        0xc ./Core/Src/adc.o
 .group         0x0000000000000000        0xc ./Core/Src/adc.o
 .group         0x0000000000000000        0xc ./Core/Src/adc.o
 .group         0x0000000000000000        0xc ./Core/Src/adc.o
 .group         0x0000000000000000        0xc ./Core/Src/adc.o
 .group         0x0000000000000000        0xc ./Core/Src/adc.o
 .group         0x0000000000000000        0xc ./Core/Src/adc.o
 .group         0x0000000000000000        0xc ./Core/Src/adc.o
 .group         0x0000000000000000        0xc ./Core/Src/adc.o
 .group         0x0000000000000000        0xc ./Core/Src/adc.o
 .text          0x0000000000000000        0x0 ./Core/Src/adc.o
 .data          0x0000000000000000        0x0 ./Core/Src/adc.o
 .bss           0x0000000000000000        0x0 ./Core/Src/adc.o
 .text.pa1_adc_init
                0x0000000000000000       0x4c ./Core/Src/adc.o
 .text.start_conversion
                0x0000000000000000       0x28 ./Core/Src/adc.o
 .text.adc_read
                0x0000000000000000       0x24 ./Core/Src/adc.o
 .debug_info    0x0000000000000000      0x282 ./Core/Src/adc.o
 .debug_abbrev  0x0000000000000000       0xea ./Core/Src/adc.o
 .debug_aranges
                0x0000000000000000       0x30 ./Core/Src/adc.o
 .debug_ranges  0x0000000000000000       0x20 ./Core/Src/adc.o
 .debug_macro   0x0000000000000000       0xe7 ./Core/Src/adc.o
 .debug_macro   0x0000000000000000      0xa6c ./Core/Src/adc.o
 .debug_macro   0x0000000000000000       0x22 ./Core/Src/adc.o
 .debug_macro   0x0000000000000000       0x8e ./Core/Src/adc.o
 .debug_macro   0x0000000000000000       0x51 ./Core/Src/adc.o
 .debug_macro   0x0000000000000000      0x103 ./Core/Src/adc.o
 .debug_macro   0x0000000000000000       0x6a ./Core/Src/adc.o
 .debug_macro   0x0000000000000000      0x1df ./Core/Src/adc.o
 .debug_macro   0x0000000000000000       0x22 ./Core/Src/adc.o
 .debug_macro   0x0000000000000000       0x1c ./Core/Src/adc.o
 .debug_macro   0x0000000000000000       0x22 ./Core/Src/adc.o
 .debug_macro   0x0000000000000000       0xbd ./Core/Src/adc.o
 .debug_macro   0x0000000000000000      0xd23 ./Core/Src/adc.o
 .debug_macro   0x0000000000000000     0xe09e ./Core/Src/adc.o
 .debug_line    0x0000000000000000      0x49b ./Core/Src/adc.o
 .debug_str     0x0000000000000000    0x53f37 ./Core/Src/adc.o
 .comment       0x0000000000000000       0x51 ./Core/Src/adc.o
 .debug_frame   0x0000000000000000       0x70 ./Core/Src/adc.o
 .ARM.attributes
                0x0000000000000000       0x2d ./Core/Src/adc.o
 .group         0x0000000000000000        0xc ./Core/Src/exti.o
 .group         0x0000000000000000        0xc ./Core/Src/exti.o
 .group         0x0000000000000000        0xc ./Core/Src/exti.o
 .group         0x0000000000000000        0xc ./Core/Src/exti.o
 .group         0x0000000000000000        0xc ./Core/Src/exti.o
 .group         0x0000000000000000        0xc ./Core/Src/exti.o
 .group         0x0000000000000000        0xc ./Core/Src/exti.o
 .group         0x0000000000000000        0xc ./Core/Src/exti.o
 .group         0x0000000000000000        0xc ./Core/Src/exti.o
 .group         0x0000000000000000        0xc ./Core/Src/exti.o
 .group         0x0000000000000000        0xc ./Core/Src/exti.o
 .group         0x0000000000000000        0xc ./Core/Src/exti.o
 .group         0x0000000000000000        0xc ./Core/Src/exti.o
 .text          0x0000000000000000        0x0 ./Core/Src/exti.o
 .data          0x0000000000000000        0x0 ./Core/Src/exti.o
 .bss           0x0000000000000000        0x0 ./Core/Src/exti.o
 .text.__NVIC_EnableIRQ
                0x0000000000000000       0x38 ./Core/Src/exti.o
 .text.pc13_exti_init
                0x0000000000000000       0x7c ./Core/Src/exti.o
 .debug_info    0x0000000000000000      0x5b3 ./Core/Src/exti.o
 .debug_abbrev  0x0000000000000000      0x15d ./Core/Src/exti.o
 .debug_aranges
                0x0000000000000000       0x28 ./Core/Src/exti.o
 .debug_ranges  0x0000000000000000       0x18 ./Core/Src/exti.o
 .debug_macro   0x0000000000000000       0xc9 ./Core/Src/exti.o
 .debug_macro   0x0000000000000000      0xa6c ./Core/Src/exti.o
 .debug_macro   0x0000000000000000       0x22 ./Core/Src/exti.o
 .debug_macro   0x0000000000000000       0x22 ./Core/Src/exti.o
 .debug_macro   0x0000000000000000       0x8e ./Core/Src/exti.o
 .debug_macro   0x0000000000000000       0x51 ./Core/Src/exti.o
 .debug_macro   0x0000000000000000      0x103 ./Core/Src/exti.o
 .debug_macro   0x0000000000000000       0x6a ./Core/Src/exti.o
 .debug_macro   0x0000000000000000      0x1df ./Core/Src/exti.o
 .debug_macro   0x0000000000000000       0x1c ./Core/Src/exti.o
 .debug_macro   0x0000000000000000       0x22 ./Core/Src/exti.o
 .debug_macro   0x0000000000000000       0xbd ./Core/Src/exti.o
 .debug_macro   0x0000000000000000      0xd23 ./Core/Src/exti.o
 .debug_macro   0x0000000000000000     0xe09e ./Core/Src/exti.o
 .debug_line    0x0000000000000000      0x4a2 ./Core/Src/exti.o
 .debug_str     0x0000000000000000    0x54256 ./Core/Src/exti.o
 .comment       0x0000000000000000       0x51 ./Core/Src/exti.o
 .debug_frame   0x0000000000000000       0x54 ./Core/Src/exti.o
 .ARM.attributes
                0x0000000000000000       0x2d ./Core/Src/exti.o
 .group         0x0000000000000000        0xc ./Core/Src/i2c.o
 .group         0x0000000000000000        0xc ./Core/Src/i2c.o
 .group         0x0000000000000000        0xc ./Core/Src/i2c.o
 .group         0x0000000000000000        0xc ./Core/Src/i2c.o
 .group         0x0000000000000000        0xc ./Core/Src/i2c.o
 .group         0x0000000000000000        0xc ./Core/Src/i2c.o
 .group         0x0000000000000000        0xc ./Core/Src/i2c.o
 .group         0x0000000000000000        0xc ./Core/Src/i2c.o
 .group         0x0000000000000000        0xc ./Core/Src/i2c.o
 .group         0x0000000000000000        0xc ./Core/Src/i2c.o
 .group         0x0000000000000000        0xc ./Core/Src/i2c.o
 .group         0x0000000000000000        0xc ./Core/Src/i2c.o
 .group         0x0000000000000000        0xc ./Core/Src/i2c.o
 .text          0x0000000000000000        0x0 ./Core/Src/i2c.o
 .data          0x0000000000000000        0x0 ./Core/Src/i2c.o
 .bss           0x0000000000000000        0x0 ./Core/Src/i2c.o
 .debug_macro   0x0000000000000000      0xa6c ./Core/Src/i2c.o
 .debug_macro   0x0000000000000000       0x22 ./Core/Src/i2c.o
 .debug_macro   0x0000000000000000       0x22 ./Core/Src/i2c.o
 .debug_macro   0x0000000000000000       0x8e ./Core/Src/i2c.o
 .debug_macro   0x0000000000000000       0x51 ./Core/Src/i2c.o
 .debug_macro   0x0000000000000000      0x103 ./Core/Src/i2c.o
 .debug_macro   0x0000000000000000       0x6a ./Core/Src/i2c.o
 .debug_macro   0x0000000000000000      0x1df ./Core/Src/i2c.o
 .debug_macro   0x0000000000000000       0x1c ./Core/Src/i2c.o
 .debug_macro   0x0000000000000000       0x22 ./Core/Src/i2c.o
 .debug_macro   0x0000000000000000       0xbd ./Core/Src/i2c.o
 .debug_macro   0x0000000000000000      0xd23 ./Core/Src/i2c.o
 .debug_macro   0x0000000000000000     0xe09e ./Core/Src/i2c.o
 .group         0x0000000000000000        0xc ./Core/Src/main.o
 .group         0x0000000000000000        0xc ./Core/Src/main.o
 .group         0x0000000000000000        0xc ./Core/Src/main.o
 .group         0x0000000000000000        0xc ./Core/Src/main.o
 .group         0x0000000000000000        0xc ./Core/Src/main.o
 .group         0x0000000000000000        0xc ./Core/Src/main.o
 .group         0x0000000000000000        0xc ./Core/Src/main.o
 .group         0x0000000000000000        0xc ./Core/Src/main.o
 .group         0x0000000000000000        0xc ./Core/Src/main.o
 .group         0x0000000000000000        0xc ./Core/Src/main.o
 .group         0x0000000000000000        0xc ./Core/Src/main.o
 .group         0x0000000000000000        0xc ./Core/Src/main.o
 .group         0x0000000000000000        0xc ./Core/Src/main.o
 .group         0x0000000000000000        0xc ./Core/Src/main.o
 .group         0x0000000000000000        0xc ./Core/Src/main.o
 .group         0x0000000000000000        0xc ./Core/Src/main.o
 .group         0x0000000000000000        0xc ./Core/Src/main.o
 .group         0x0000000000000000        0xc ./Core/Src/main.o
 .group         0x0000000000000000        0xc ./Core/Src/main.o
 .group         0x0000000000000000        0xc ./Core/Src/main.o
 .group         0x0000000000000000        0xc ./Core/Src/main.o
 .group         0x0000000000000000        0xc ./Core/Src/main.o
 .group         0x0000000000000000        0xc ./Core/Src/main.o
 .group         0x0000000000000000        0xc ./Core/Src/main.o
 .group         0x0000000000000000        0xc ./Core/Src/main.o
 .group         0x0000000000000000        0xc ./Core/Src/main.o
 .group         0x0000000000000000        0xc ./Core/Src/main.o
 .group         0x0000000000000000        0xc ./Core/Src/main.o
 .group         0x0000000000000000        0xc ./Core/Src/main.o
 .group         0x0000000000000000        0xc ./Core/Src/main.o
 .group         0x0000000000000000        0xc ./Core/Src/main.o
 .group         0x0000000000000000        0xc ./Core/Src/main.o
 .group         0x0000000000000000        0xc ./Core/Src/main.o
 .group         0x0000000000000000        0xc ./Core/Src/main.o
 .group         0x0000000000000000        0xc ./Core/Src/main.o
 .group         0x0000000000000000        0xc ./Core/Src/main.o
 .group         0x0000000000000000        0xc ./Core/Src/main.o
 .group         0x0000000000000000        0xc ./Core/Src/main.o
 .group         0x0000000000000000        0xc ./Core/Src/main.o
 .group         0x0000000000000000        0xc ./Core/Src/main.o
 .group         0x0000000000000000        0xc ./Core/Src/main.o
 .group         0x0000000000000000        0xc ./Core/Src/main.o
 .group         0x0000000000000000        0xc ./Core/Src/main.o
 .group         0x0000000000000000        0xc ./Core/Src/main.o
 .group         0x0000000000000000        0xc ./Core/Src/main.o
 .text          0x0000000000000000        0x0 ./Core/Src/main.o
 .data          0x0000000000000000        0x0 ./Core/Src/main.o
 .bss           0x0000000000000000        0x0 ./Core/Src/main.o
 .debug_macro   0x0000000000000000      0xa6c ./Core/Src/main.o
 .debug_macro   0x0000000000000000       0x22 ./Core/Src/main.o
 .debug_macro   0x0000000000000000       0x6a ./Core/Src/main.o
 .debug_macro   0x0000000000000000      0x103 ./Core/Src/main.o
 .debug_macro   0x0000000000000000      0x1df ./Core/Src/main.o
 .debug_macro   0x0000000000000000       0x22 ./Core/Src/main.o
 .debug_macro   0x0000000000000000       0x1c ./Core/Src/main.o
 .debug_macro   0x0000000000000000       0x22 ./Core/Src/main.o
 .debug_macro   0x0000000000000000       0xbd ./Core/Src/main.o
 .debug_macro   0x0000000000000000      0xd23 ./Core/Src/main.o
 .debug_macro   0x0000000000000000     0xe09e ./Core/Src/main.o
 .debug_macro   0x0000000000000000       0x64 ./Core/Src/main.o
 .group         0x0000000000000000        0xc ./Core/Src/syscalls.o
 .group         0x0000000000000000        0xc ./Core/Src/syscalls.o
 .group         0x0000000000000000        0xc ./Core/Src/syscalls.o
 .group         0x0000000000000000        0xc ./Core/Src/syscalls.o
 .group         0x0000000000000000        0xc ./Core/Src/syscalls.o
 .group         0x0000000000000000        0xc ./Core/Src/syscalls.o
 .group         0x0000000000000000        0xc ./Core/Src/syscalls.o
 .group         0x0000000000000000        0xc ./Core/Src/syscalls.o
 .group         0x0000000000000000        0xc ./Core/Src/syscalls.o
 .group         0x0000000000000000        0xc ./Core/Src/syscalls.o
 .group         0x0000000000000000        0xc ./Core/Src/syscalls.o
 .group         0x0000000000000000        0xc ./Core/Src/syscalls.o
 .group         0x0000000000000000        0xc ./Core/Src/syscalls.o
 .group         0x0000000000000000        0xc ./Core/Src/syscalls.o
 .group         0x0000000000000000        0xc ./Core/Src/syscalls.o
 .group         0x0000000000000000        0xc ./Core/Src/syscalls.o
 .group         0x0000000000000000        0xc ./Core/Src/syscalls.o
 .group         0x0000000000000000        0xc ./Core/Src/syscalls.o
 .group         0x0000000000000000        0xc ./Core/Src/syscalls.o
 .group         0x0000000000000000        0xc ./Core/Src/syscalls.o
 .group         0x0000000000000000        0xc ./Core/Src/syscalls.o
 .group         0x0000000000000000        0xc ./Core/Src/syscalls.o
 .group         0x0000000000000000        0xc ./Core/Src/syscalls.o
 .group         0x0000000000000000        0xc ./Core/Src/syscalls.o
 .group         0x0000000000000000        0xc ./Core/Src/syscalls.o
 .group         0x0000000000000000        0xc ./Core/Src/syscalls.o
 .group         0x0000000000000000        0xc ./Core/Src/syscalls.o
 .group         0x0000000000000000        0xc ./Core/Src/syscalls.o
 .group         0x0000000000000000        0xc ./Core/Src/syscalls.o
 .group         0x0000000000000000        0xc ./Core/Src/syscalls.o
 .group         0x0000000000000000        0xc ./Core/Src/syscalls.o
 .group         0x0000000000000000        0xc ./Core/Src/syscalls.o
 .group         0x0000000000000000        0xc ./Core/Src/syscalls.o
 .group         0x0000000000000000        0xc ./Core/Src/syscalls.o
 .group         0x0000000000000000        0xc ./Core/Src/syscalls.o
 .group         0x0000000000000000        0xc ./Core/Src/syscalls.o
 .group         0x0000000000000000        0xc ./Core/Src/syscalls.o
 .group         0x0000000000000000        0xc ./Core/Src/syscalls.o
 .group         0x0000000000000000        0xc ./Core/Src/syscalls.o
 .group         0x0000000000000000        0xc ./Core/Src/syscalls.o
 .group         0x0000000000000000        0xc ./Core/Src/syscalls.o
 .group         0x0000000000000000        0xc ./Core/Src/syscalls.o
 .group         0x0000000000000000        0xc ./Core/Src/syscalls.o
 .group         0x0000000000000000        0xc ./Core/Src/syscalls.o
 .group         0x0000000000000000        0xc ./Core/Src/syscalls.o
 .group         0x0000000000000000        0xc ./Core/Src/syscalls.o
 .group         0x0000000000000000        0xc ./Core/Src/syscalls.o
 .text          0x0000000000000000        0x0 ./Core/Src/syscalls.o
 .data          0x0000000000000000        0x0 ./Core/Src/syscalls.o
 .bss           0x0000000000000000        0x0 ./Core/Src/syscalls.o
 .bss.__env     0x0000000000000000        0x4 ./Core/Src/syscalls.o
 .data.environ  0x0000000000000000        0x4 ./Core/Src/syscalls.o
 .text.initialise_monitor_handles
                0x0000000000000000        0xc ./Core/Src/syscalls.o
 .text._getpid  0x0000000000000000        0xe ./Core/Src/syscalls.o
 .text._kill    0x0000000000000000       0x20 ./Core/Src/syscalls.o
 .text._exit    0x0000000000000000       0x14 ./Core/Src/syscalls.o
 .text._read    0x0000000000000000       0x3a ./Core/Src/syscalls.o
 .text._write   0x0000000000000000       0x38 ./Core/Src/syscalls.o
 .text._close   0x0000000000000000       0x16 ./Core/Src/syscalls.o
 .text._fstat   0x0000000000000000       0x1e ./Core/Src/syscalls.o
 .text._isatty  0x0000000000000000       0x14 ./Core/Src/syscalls.o
 .text._lseek   0x0000000000000000       0x18 ./Core/Src/syscalls.o
 .text._open    0x0000000000000000       0x1a ./Core/Src/syscalls.o
 .text._wait    0x0000000000000000       0x1e ./Core/Src/syscalls.o
 .text._unlink  0x0000000000000000       0x1e ./Core/Src/syscalls.o
 .text._times   0x0000000000000000       0x16 ./Core/Src/syscalls.o
 .text._stat    0x0000000000000000       0x1e ./Core/Src/syscalls.o
 .text._link    0x0000000000000000       0x20 ./Core/Src/syscalls.o
 .text._fork    0x0000000000000000       0x16 ./Core/Src/syscalls.o
 .text._execve  0x0000000000000000       0x22 ./Core/Src/syscalls.o
 .debug_info    0x0000000000000000      0x6e0 ./Core/Src/syscalls.o
 .debug_abbrev  0x0000000000000000      0x1b3 ./Core/Src/syscalls.o
 .debug_aranges
                0x0000000000000000       0xa8 ./Core/Src/syscalls.o
 .debug_ranges  0x0000000000000000       0x98 ./Core/Src/syscalls.o
 .debug_macro   0x0000000000000000      0x24c ./Core/Src/syscalls.o
 .debug_macro   0x0000000000000000      0xa6c ./Core/Src/syscalls.o
 .debug_macro   0x0000000000000000       0x22 ./Core/Src/syscalls.o
 .debug_macro   0x0000000000000000       0x4c ./Core/Src/syscalls.o
 .debug_macro   0x0000000000000000       0x18 ./Core/Src/syscalls.o
 .debug_macro   0x0000000000000000       0x94 ./Core/Src/syscalls.o
 .debug_macro   0x0000000000000000       0x3c ./Core/Src/syscalls.o
 .debug_macro   0x0000000000000000       0x34 ./Core/Src/syscalls.o
 .debug_macro   0x0000000000000000       0x57 ./Core/Src/syscalls.o
 .debug_macro   0x0000000000000000      0x174 ./Core/Src/syscalls.o
 .debug_macro   0x0000000000000000      0x341 ./Core/Src/syscalls.o
 .debug_macro   0x0000000000000000       0x16 ./Core/Src/syscalls.o
 .debug_macro   0x0000000000000000       0x43 ./Core/Src/syscalls.o
 .debug_macro   0x0000000000000000       0x34 ./Core/Src/syscalls.o
 .debug_macro   0x0000000000000000       0x10 ./Core/Src/syscalls.o
 .debug_macro   0x0000000000000000       0x58 ./Core/Src/syscalls.o
 .debug_macro   0x0000000000000000       0x71 ./Core/Src/syscalls.o
 .debug_macro   0x0000000000000000       0x1c ./Core/Src/syscalls.o
 .debug_macro   0x0000000000000000      0x12a ./Core/Src/syscalls.o
 .debug_macro   0x0000000000000000       0x10 ./Core/Src/syscalls.o
 .debug_macro   0x0000000000000000       0x35 ./Core/Src/syscalls.o
 .debug_macro   0x0000000000000000       0x10 ./Core/Src/syscalls.o
 .debug_macro   0x0000000000000000       0x10 ./Core/Src/syscalls.o
 .debug_macro   0x0000000000000000       0x10 ./Core/Src/syscalls.o
 .debug_macro   0x0000000000000000       0x6a ./Core/Src/syscalls.o
 .debug_macro   0x0000000000000000       0x1c ./Core/Src/syscalls.o
 .debug_macro   0x0000000000000000       0x52 ./Core/Src/syscalls.o
 .debug_macro   0x0000000000000000       0x22 ./Core/Src/syscalls.o
 .debug_macro   0x0000000000000000       0x10 ./Core/Src/syscalls.o
 .debug_macro   0x0000000000000000       0x52 ./Core/Src/syscalls.o
 .debug_macro   0x0000000000000000       0xd5 ./Core/Src/syscalls.o
 .debug_macro   0x0000000000000000       0x1c ./Core/Src/syscalls.o
 .debug_macro   0x0000000000000000       0x3d ./Core/Src/syscalls.o
 .debug_macro   0x0000000000000000       0x35 ./Core/Src/syscalls.o
 .debug_macro   0x0000000000000000      0x12c ./Core/Src/syscalls.o
 .debug_macro   0x0000000000000000       0x16 ./Core/Src/syscalls.o
 .debug_macro   0x0000000000000000       0x16 ./Core/Src/syscalls.o
 .debug_macro   0x0000000000000000       0x29 ./Core/Src/syscalls.o
 .debug_macro   0x0000000000000000       0x10 ./Core/Src/syscalls.o
 .debug_macro   0x0000000000000000      0x241 ./Core/Src/syscalls.o
 .debug_macro   0x0000000000000000       0x1c ./Core/Src/syscalls.o
 .debug_macro   0x0000000000000000       0x10 ./Core/Src/syscalls.o
 .debug_macro   0x0000000000000000       0x10 ./Core/Src/syscalls.o
 .debug_macro   0x0000000000000000       0x16 ./Core/Src/syscalls.o
 .debug_macro   0x0000000000000000      0x145 ./Core/Src/syscalls.o
 .debug_macro   0x0000000000000000      0x189 ./Core/Src/syscalls.o
 .debug_macro   0x0000000000000000       0x16 ./Core/Src/syscalls.o
 .debug_macro   0x0000000000000000       0xce ./Core/Src/syscalls.o
 .debug_line    0x0000000000000000      0x7f4 ./Core/Src/syscalls.o
 .debug_str     0x0000000000000000     0x8a27 ./Core/Src/syscalls.o
 .comment       0x0000000000000000       0x51 ./Core/Src/syscalls.o
 .debug_frame   0x0000000000000000      0x2ac ./Core/Src/syscalls.o
 .ARM.attributes
                0x0000000000000000       0x2d ./Core/Src/syscalls.o
 .group         0x0000000000000000        0xc ./Core/Src/sysmem.o
 .group         0x0000000000000000        0xc ./Core/Src/sysmem.o
 .group         0x0000000000000000        0xc ./Core/Src/sysmem.o
 .group         0x0000000000000000        0xc ./Core/Src/sysmem.o
 .group         0x0000000000000000        0xc ./Core/Src/sysmem.o
 .group         0x0000000000000000        0xc ./Core/Src/sysmem.o
 .group         0x0000000000000000        0xc ./Core/Src/sysmem.o
 .group         0x0000000000000000        0xc ./Core/Src/sysmem.o
 .group         0x0000000000000000        0xc ./Core/Src/sysmem.o
 .group         0x0000000000000000        0xc ./Core/Src/sysmem.o
 .group         0x0000000000000000        0xc ./Core/Src/sysmem.o
 .group         0x0000000000000000        0xc ./Core/Src/sysmem.o
 .group         0x0000000000000000        0xc ./Core/Src/sysmem.o
 .group         0x0000000000000000        0xc ./Core/Src/sysmem.o
 .group         0x0000000000000000        0xc ./Core/Src/sysmem.o
 .group         0x0000000000000000        0xc ./Core/Src/sysmem.o
 .group         0x0000000000000000        0xc ./Core/Src/sysmem.o
 .group         0x0000000000000000        0xc ./Core/Src/sysmem.o
 .group         0x0000000000000000        0xc ./Core/Src/sysmem.o
 .group         0x0000000000000000        0xc ./Core/Src/sysmem.o
 .group         0x0000000000000000        0xc ./Core/Src/sysmem.o
 .group         0x0000000000000000        0xc ./Core/Src/sysmem.o
 .text          0x0000000000000000        0x0 ./Core/Src/sysmem.o
 .data          0x0000000000000000        0x0 ./Core/Src/sysmem.o
 .bss           0x0000000000000000        0x0 ./Core/Src/sysmem.o
 .bss.__sbrk_heap_end
                0x0000000000000000        0x4 ./Core/Src/sysmem.o
 .text._sbrk    0x0000000000000000       0x6c ./Core/Src/sysmem.o
 .debug_info    0x0000000000000000      0x171 ./Core/Src/sysmem.o
 .debug_abbrev  0x0000000000000000       0xbb ./Core/Src/sysmem.o
 .debug_aranges
                0x0000000000000000       0x20 ./Core/Src/sysmem.o
 .debug_ranges  0x0000000000000000       0x10 ./Core/Src/sysmem.o
 .debug_macro   0x0000000000000000       0xff ./Core/Src/sysmem.o
 .debug_macro   0x0000000000000000      0xa6c ./Core/Src/sysmem.o
 .debug_macro   0x0000000000000000       0x10 ./Core/Src/sysmem.o
 .debug_macro   0x0000000000000000       0x22 ./Core/Src/sysmem.o
 .debug_macro   0x0000000000000000       0x4c ./Core/Src/sysmem.o
 .debug_macro   0x0000000000000000       0x18 ./Core/Src/sysmem.o
 .debug_macro   0x0000000000000000       0x94 ./Core/Src/sysmem.o
 .debug_macro   0x0000000000000000       0x3c ./Core/Src/sysmem.o
 .debug_macro   0x0000000000000000       0x34 ./Core/Src/sysmem.o
 .debug_macro   0x0000000000000000      0x174 ./Core/Src/sysmem.o
 .debug_macro   0x0000000000000000       0x16 ./Core/Src/sysmem.o
 .debug_macro   0x0000000000000000       0x43 ./Core/Src/sysmem.o
 .debug_macro   0x0000000000000000       0x57 ./Core/Src/sysmem.o
 .debug_macro   0x0000000000000000       0x34 ./Core/Src/sysmem.o
 .debug_macro   0x0000000000000000       0x10 ./Core/Src/sysmem.o
 .debug_macro   0x0000000000000000       0x58 ./Core/Src/sysmem.o
 .debug_macro   0x0000000000000000       0x71 ./Core/Src/sysmem.o
 .debug_macro   0x0000000000000000       0x1c ./Core/Src/sysmem.o
 .debug_macro   0x0000000000000000      0x12a ./Core/Src/sysmem.o
 .debug_macro   0x0000000000000000      0x23b ./Core/Src/sysmem.o
 .debug_macro   0x0000000000000000      0x103 ./Core/Src/sysmem.o
 .debug_macro   0x0000000000000000       0x6a ./Core/Src/sysmem.o
 .debug_macro   0x0000000000000000      0x1df ./Core/Src/sysmem.o
 .debug_line    0x0000000000000000      0x4ea ./Core/Src/sysmem.o
 .debug_str     0x0000000000000000     0x5d63 ./Core/Src/sysmem.o
 .comment       0x0000000000000000       0x51 ./Core/Src/sysmem.o
 .debug_frame   0x0000000000000000       0x34 ./Core/Src/sysmem.o
 .ARM.attributes
                0x0000000000000000       0x2d ./Core/Src/sysmem.o
 .group         0x0000000000000000        0xc ./Core/Src/system_stm32f1xx.o
 .group         0x0000000000000000        0xc ./Core/Src/system_stm32f1xx.o
 .group         0x0000000000000000        0xc ./Core/Src/system_stm32f1xx.o
 .group         0x0000000000000000        0xc ./Core/Src/system_stm32f1xx.o
 .group         0x0000000000000000        0xc ./Core/Src/system_stm32f1xx.o
 .group         0x0000000000000000        0xc ./Core/Src/system_stm32f1xx.o
 .group         0x0000000000000000        0xc ./Core/Src/system_stm32f1xx.o
 .group         0x0000000000000000        0xc ./Core/Src/system_stm32f1xx.o
 .group         0x0000000000000000        0xc ./Core/Src/system_stm32f1xx.o
 .group         0x0000000000000000        0xc ./Core/Src/system_stm32f1xx.o
 .group         0x0000000000000000        0xc ./Core/Src/system_stm32f1xx.o
 .group         0x0000000000000000        0xc ./Core/Src/system_stm32f1xx.o
 .group         0x0000000000000000        0xc ./Core/Src/system_stm32f1xx.o
 .group         0x0000000000000000        0xc ./Core/Src/system_stm32f1xx.o
 .group         0x0000000000000000        0xc ./Core/Src/system_stm32f1xx.o
 .text          0x0000000000000000        0x0 ./Core/Src/system_stm32f1xx.o
 .data          0x0000000000000000        0x0 ./Core/Src/system_stm32f1xx.o
 .bss           0x0000000000000000        0x0 ./Core/Src/system_stm32f1xx.o
 .data.SystemCoreClock
                0x0000000000000000        0x4 ./Core/Src/system_stm32f1xx.o
 .rodata.AHBPrescTable
                0x0000000000000000       0x10 ./Core/Src/system_stm32f1xx.o
 .rodata.APBPrescTable
                0x0000000000000000        0x8 ./Core/Src/system_stm32f1xx.o
 .text.SystemCoreClockUpdate
                0x0000000000000000       0xe4 ./Core/Src/system_stm32f1xx.o
 .debug_macro   0x0000000000000000      0xa6c ./Core/Src/system_stm32f1xx.o
 .debug_macro   0x0000000000000000       0x22 ./Core/Src/system_stm32f1xx.o
 .debug_macro   0x0000000000000000       0x22 ./Core/Src/system_stm32f1xx.o
 .debug_macro   0x0000000000000000       0x8e ./Core/Src/system_stm32f1xx.o
 .debug_macro   0x0000000000000000       0x51 ./Core/Src/system_stm32f1xx.o
 .debug_macro   0x0000000000000000      0x103 ./Core/Src/system_stm32f1xx.o
 .debug_macro   0x0000000000000000       0x6a ./Core/Src/system_stm32f1xx.o
 .debug_macro   0x0000000000000000      0x1df ./Core/Src/system_stm32f1xx.o
 .debug_macro   0x0000000000000000       0x1c ./Core/Src/system_stm32f1xx.o
 .debug_macro   0x0000000000000000       0x22 ./Core/Src/system_stm32f1xx.o
 .debug_macro   0x0000000000000000       0xbd ./Core/Src/system_stm32f1xx.o
 .debug_macro   0x0000000000000000      0xd23 ./Core/Src/system_stm32f1xx.o
 .debug_macro   0x0000000000000000     0xe09e ./Core/Src/system_stm32f1xx.o
 .group         0x0000000000000000        0xc ./Core/Src/systick.o
 .group         0x0000000000000000        0xc ./Core/Src/systick.o
 .group         0x0000000000000000        0xc ./Core/Src/systick.o
 .group         0x0000000000000000        0xc ./Core/Src/systick.o
 .group         0x0000000000000000        0xc ./Core/Src/systick.o
 .group         0x0000000000000000        0xc ./Core/Src/systick.o
 .group         0x0000000000000000        0xc ./Core/Src/systick.o
 .group         0x0000000000000000        0xc ./Core/Src/systick.o
 .group         0x0000000000000000        0xc ./Core/Src/systick.o
 .group         0x0000000000000000        0xc ./Core/Src/systick.o
 .group         0x0000000000000000        0xc ./Core/Src/systick.o
 .group         0x0000000000000000        0xc ./Core/Src/systick.o
 .group         0x0000000000000000        0xc ./Core/Src/systick.o
 .text          0x0000000000000000        0x0 ./Core/Src/systick.o
 .data          0x0000000000000000        0x0 ./Core/Src/systick.o
 .bss           0x0000000000000000        0x0 ./Core/Src/systick.o
 .text.systickDelayMS
                0x0000000000000000       0x54 ./Core/Src/systick.o
 .debug_info    0x0000000000000000      0x11b ./Core/Src/systick.o
 .debug_abbrev  0x0000000000000000       0xcf ./Core/Src/systick.o
 .debug_aranges
                0x0000000000000000       0x20 ./Core/Src/systick.o
 .debug_ranges  0x0000000000000000       0x10 ./Core/Src/systick.o
 .debug_macro   0x0000000000000000       0xc5 ./Core/Src/systick.o
 .debug_macro   0x0000000000000000      0xa6c ./Core/Src/systick.o
 .debug_macro   0x0000000000000000       0x22 ./Core/Src/systick.o
 .debug_macro   0x0000000000000000       0x22 ./Core/Src/systick.o
 .debug_macro   0x0000000000000000       0x8e ./Core/Src/systick.o
 .debug_macro   0x0000000000000000       0x51 ./Core/Src/systick.o
 .debug_macro   0x0000000000000000      0x103 ./Core/Src/systick.o
 .debug_macro   0x0000000000000000       0x6a ./Core/Src/systick.o
 .debug_macro   0x0000000000000000      0x1df ./Core/Src/systick.o
 .debug_macro   0x0000000000000000       0x1c ./Core/Src/systick.o
 .debug_macro   0x0000000000000000       0x22 ./Core/Src/systick.o
 .debug_macro   0x0000000000000000       0xbd ./Core/Src/systick.o
 .debug_macro   0x0000000000000000      0xd23 ./Core/Src/systick.o
 .debug_macro   0x0000000000000000     0xe09e ./Core/Src/systick.o
 .debug_line    0x0000000000000000      0x473 ./Core/Src/systick.o
 .debug_str     0x0000000000000000    0x53e68 ./Core/Src/systick.o
 .comment       0x0000000000000000       0x51 ./Core/Src/systick.o
 .debug_frame   0x0000000000000000       0x38 ./Core/Src/systick.o
 .ARM.attributes
                0x0000000000000000       0x2d ./Core/Src/systick.o
 .group         0x0000000000000000        0xc ./Core/Src/tim.o
 .group         0x0000000000000000        0xc ./Core/Src/tim.o
 .group         0x0000000000000000        0xc ./Core/Src/tim.o
 .group         0x0000000000000000        0xc ./Core/Src/tim.o
 .group         0x0000000000000000        0xc ./Core/Src/tim.o
 .group         0x0000000000000000        0xc ./Core/Src/tim.o
 .group         0x0000000000000000        0xc ./Core/Src/tim.o
 .group         0x0000000000000000        0xc ./Core/Src/tim.o
 .group         0x0000000000000000        0xc ./Core/Src/tim.o
 .group         0x0000000000000000        0xc ./Core/Src/tim.o
 .group         0x0000000000000000        0xc ./Core/Src/tim.o
 .group         0x0000000000000000        0xc ./Core/Src/tim.o
 .group         0x0000000000000000        0xc ./Core/Src/tim.o
 .group         0x0000000000000000        0xc ./Core/Src/tim.o
 .text          0x0000000000000000        0x0 ./Core/Src/tim.o
 .data          0x0000000000000000        0x0 ./Core/Src/tim.o
 .bss           0x0000000000000000        0x0 ./Core/Src/tim.o
 .text.tim2_1hz_int
                0x0000000000000000       0x40 ./Core/Src/tim.o
 .text.tim2_pa0_output_compare
                0x0000000000000000       0xa0 ./Core/Src/tim.o
 .text.tim3_input_capture
                0x0000000000000000       0x88 ./Core/Src/tim.o
 .debug_info    0x0000000000000000      0x31c ./Core/Src/tim.o
 .debug_abbrev  0x0000000000000000       0x9d ./Core/Src/tim.o
 .debug_aranges
                0x0000000000000000       0x30 ./Core/Src/tim.o
 .debug_ranges  0x0000000000000000       0x20 ./Core/Src/tim.o
 .debug_macro   0x0000000000000000       0xec ./Core/Src/tim.o
 .debug_macro   0x0000000000000000      0xa6c ./Core/Src/tim.o
 .debug_macro   0x0000000000000000       0x22 ./Core/Src/tim.o
 .debug_macro   0x0000000000000000       0x22 ./Core/Src/tim.o
 .debug_macro   0x0000000000000000       0x8e ./Core/Src/tim.o
 .debug_macro   0x0000000000000000       0x51 ./Core/Src/tim.o
 .debug_macro   0x0000000000000000      0x103 ./Core/Src/tim.o
 .debug_macro   0x0000000000000000       0x6a ./Core/Src/tim.o
 .debug_macro   0x0000000000000000      0x1df ./Core/Src/tim.o
 .debug_macro   0x0000000000000000       0x1c ./Core/Src/tim.o
 .debug_macro   0x0000000000000000       0x22 ./Core/Src/tim.o
 .debug_macro   0x0000000000000000       0xbd ./Core/Src/tim.o
 .debug_macro   0x0000000000000000      0xd23 ./Core/Src/tim.o
 .debug_macro   0x0000000000000000     0xe09e ./Core/Src/tim.o
 .debug_macro   0x0000000000000000       0x16 ./Core/Src/tim.o
 .debug_line    0x0000000000000000      0x4cc ./Core/Src/tim.o
 .debug_str     0x0000000000000000    0x53f85 ./Core/Src/tim.o
 .comment       0x0000000000000000       0x51 ./Core/Src/tim.o
 .debug_frame   0x0000000000000000       0x70 ./Core/Src/tim.o
 .ARM.attributes
                0x0000000000000000       0x2d ./Core/Src/tim.o
 .group         0x0000000000000000        0xc ./Core/Src/uart.o
 .group         0x0000000000000000        0xc ./Core/Src/uart.o
 .group         0x0000000000000000        0xc ./Core/Src/uart.o
 .group         0x0000000000000000        0xc ./Core/Src/uart.o
 .group         0x0000000000000000        0xc ./Core/Src/uart.o
 .group         0x0000000000000000        0xc ./Core/Src/uart.o
 .group         0x0000000000000000        0xc ./Core/Src/uart.o
 .group         0x0000000000000000        0xc ./Core/Src/uart.o
 .group         0x0000000000000000        0xc ./Core/Src/uart.o
 .group         0x0000000000000000        0xc ./Core/Src/uart.o
 .group         0x0000000000000000        0xc ./Core/Src/uart.o
 .group         0x0000000000000000        0xc ./Core/Src/uart.o
 .group         0x0000000000000000        0xc ./Core/Src/uart.o
 .text          0x0000000000000000        0x0 ./Core/Src/uart.o
 .data          0x0000000000000000        0x0 ./Core/Src/uart.o
 .bss           0x0000000000000000        0x0 ./Core/Src/uart.o
 .text.__NVIC_EnableIRQ
                0x0000000000000000       0x38 ./Core/Src/uart.o
 .text.__io_putchar
                0x0000000000000000       0x18 ./Core/Src/uart.o
 .text.dma1_ch7_init
                0x0000000000000000       0xa8 ./Core/Src/uart.o
 .text.uart2_rxtx_init
                0x0000000000000000       0xb4 ./Core/Src/uart.o
 .text.uart2_rx_interrupt_init
                0x0000000000000000       0xc8 ./Core/Src/uart.o
 .text.uart2_tx_init
                0x0000000000000000       0xb4 ./Core/Src/uart.o
 .text.uart2_read
                0x0000000000000000       0x24 ./Core/Src/uart.o
 .text.uart2_write
                0x0000000000000000       0x2c ./Core/Src/uart.o
 .text.uart_set_baudrate
                0x0000000000000000       0x24 ./Core/Src/uart.o
 .text.compute_uart_bd
                0x0000000000000000       0x24 ./Core/Src/uart.o
 .debug_info    0x0000000000000000      0x704 ./Core/Src/uart.o
 .debug_abbrev  0x0000000000000000      0x20a ./Core/Src/uart.o
 .debug_aranges
                0x0000000000000000       0x68 ./Core/Src/uart.o
 .debug_ranges  0x0000000000000000       0x58 ./Core/Src/uart.o
 .debug_macro   0x0000000000000000       0xf9 ./Core/Src/uart.o
 .debug_macro   0x0000000000000000      0xa6c ./Core/Src/uart.o
 .debug_macro   0x0000000000000000       0x22 ./Core/Src/uart.o
 .debug_macro   0x0000000000000000       0x8e ./Core/Src/uart.o
 .debug_macro   0x0000000000000000       0x51 ./Core/Src/uart.o
 .debug_macro   0x0000000000000000      0x103 ./Core/Src/uart.o
 .debug_macro   0x0000000000000000       0x6a ./Core/Src/uart.o
 .debug_macro   0x0000000000000000      0x1df ./Core/Src/uart.o
 .debug_macro   0x0000000000000000       0x22 ./Core/Src/uart.o
 .debug_macro   0x0000000000000000       0x1c ./Core/Src/uart.o
 .debug_macro   0x0000000000000000       0x22 ./Core/Src/uart.o
 .debug_macro   0x0000000000000000       0xbd ./Core/Src/uart.o
 .debug_macro   0x0000000000000000      0xd23 ./Core/Src/uart.o
 .debug_macro   0x0000000000000000     0xe09e ./Core/Src/uart.o
 .debug_line    0x0000000000000000      0x5ec ./Core/Src/uart.o
 .debug_str     0x0000000000000000    0x54380 ./Core/Src/uart.o
 .comment       0x0000000000000000       0x51 ./Core/Src/uart.o
 .debug_frame   0x0000000000000000      0x168 ./Core/Src/uart.o
 .ARM.attributes
                0x0000000000000000       0x2d ./Core/Src/uart.o
 .text          0x0000000000000000       0x14 ./Core/Startup/startup_stm32f103rbtx.o
 .data          0x0000000000000000        0x0 ./Core/Startup/startup_stm32f103rbtx.o
 .bss           0x0000000000000000        0x0 ./Core/Startup/startup_stm32f103rbtx.o
 .text          0x0000000000000000        0x0 c:/st/stm32cubeide_1.10.0/stm32cubeide/plugins/com.st.stm32cube.ide.mcu.externaltools.gnu-tools-for-stm32.10.3-2021.10.win32_1.0.0.202111181127/tools/bin/../lib/gcc/arm-none-eabi/10.3.1/../../../../arm-none-eabi/lib/thumb/v7-m/nofp\libc_nano.a(lib_a-errno.o)
 .data          0x0000000000000000        0x0 c:/st/stm32cubeide_1.10.0/stm32cubeide/plugins/com.st.stm32cube.ide.mcu.externaltools.gnu-tools-for-stm32.10.3-2021.10.win32_1.0.0.202111181127/tools/bin/../lib/gcc/arm-none-eabi/10.3.1/../../../../arm-none-eabi/lib/thumb/v7-m/nofp\libc_nano.a(lib_a-errno.o)
 .bss           0x0000000000000000        0x0 c:/st/stm32cubeide_1.10.0/stm32cubeide/plugins/com.st.stm32cube.ide.mcu.externaltools.gnu-tools-for-stm32.10.3-2021.10.win32_1.0.0.202111181127/tools/bin/../lib/gcc/arm-none-eabi/10.3.1/../../../../arm-none-eabi/lib/thumb/v7-m/nofp\libc_nano.a(lib_a-errno.o)
 .text.__errno  0x0000000000000000        0xc c:/st/stm32cubeide_1.10.0/stm32cubeide/plugins/com.st.stm32cube.ide.mcu.externaltools.gnu-tools-for-stm32.10.3-2021.10.win32_1.0.0.202111181127/tools/bin/../lib/gcc/arm-none-eabi/10.3.1/../../../../arm-none-eabi/lib/thumb/v7-m/nofp\libc_nano.a(lib_a-errno.o)
 .debug_frame   0x0000000000000000       0x20 c:/st/stm32cubeide_1.10.0/stm32cubeide/plugins/com.st.stm32cube.ide.mcu.externaltools.gnu-tools-for-stm32.10.3-2021.10.win32_1.0.0.202111181127/tools/bin/../lib/gcc/arm-none-eabi/10.3.1/../../../../arm-none-eabi/lib/thumb/v7-m/nofp\libc_nano.a(lib_a-errno.o)
 .ARM.attributes
                0x0000000000000000       0x2d c:/st/stm32cubeide_1.10.0/stm32cubeide/plugins/com.st.stm32cube.ide.mcu.externaltools.gnu-tools-for-stm32.10.3-2021.10.win32_1.0.0.202111181127/tools/bin/../lib/gcc/arm-none-eabi/10.3.1/../../../../arm-none-eabi/lib/thumb/v7-m/nofp\libc_nano.a(lib_a-errno.o)
 .text          0x0000000000000000        0x0 c:/st/stm32cubeide_1.10.0/stm32cubeide/plugins/com.st.stm32cube.ide.mcu.externaltools.gnu-tools-for-stm32.10.3-2021.10.win32_1.0.0.202111181127/tools/bin/../lib/gcc/arm-none-eabi/10.3.1/../../../../arm-none-eabi/lib/thumb/v7-m/nofp\libc_nano.a(lib_a-exit.o)
 .data          0x0000000000000000        0x0 c:/st/stm32cubeide_1.10.0/stm32cubeide/plugins/com.st.stm32cube.ide.mcu.externaltools.gnu-tools-for-stm32.10.3-2021.10.win32_1.0.0.202111181127/tools/bin/../lib/gcc/arm-none-eabi/10.3.1/../../../../arm-none-eabi/lib/thumb/v7-m/nofp\libc_nano.a(lib_a-exit.o)
 .bss           0x0000000000000000        0x0 c:/st/stm32cubeide_1.10.0/stm32cubeide/plugins/com.st.stm32cube.ide.mcu.externaltools.gnu-tools-for-stm32.10.3-2021.10.win32_1.0.0.202111181127/tools/bin/../lib/gcc/arm-none-eabi/10.3.1/../../../../arm-none-eabi/lib/thumb/v7-m/nofp\libc_nano.a(lib_a-exit.o)
 .text.exit     0x0000000000000000       0x28 c:/st/stm32cubeide_1.10.0/stm32cubeide/plugins/com.st.stm32cube.ide.mcu.externaltools.gnu-tools-for-stm32.10.3-2021.10.win32_1.0.0.202111181127/tools/bin/../lib/gcc/arm-none-eabi/10.3.1/../../../../arm-none-eabi/lib/thumb/v7-m/nofp\libc_nano.a(lib_a-exit.o)
 .debug_frame   0x0000000000000000       0x28 c:/st/stm32cubeide_1.10.0/stm32cubeide/plugins/com.st.stm32cube.ide.mcu.externaltools.gnu-tools-for-stm32.10.3-2021.10.win32_1.0.0.202111181127/tools/bin/../lib/gcc/arm-none-eabi/10.3.1/../../../../arm-none-eabi/lib/thumb/v7-m/nofp\libc_nano.a(lib_a-exit.o)
 .ARM.attributes
                0x0000000000000000       0x2d c:/st/stm32cubeide_1.10.0/stm32cubeide/plugins/com.st.stm32cube.ide.mcu.externaltools.gnu-tools-for-stm32.10.3-2021.10.win32_1.0.0.202111181127/tools/bin/../lib/gcc/arm-none-eabi/10.3.1/../../../../arm-none-eabi/lib/thumb/v7-m/nofp\libc_nano.a(lib_a-exit.o)
 .text          0x0000000000000000        0x0 c:/st/stm32cubeide_1.10.0/stm32cubeide/plugins/com.st.stm32cube.ide.mcu.externaltools.gnu-tools-for-stm32.10.3-2021.10.win32_1.0.0.202111181127/tools/bin/../lib/gcc/arm-none-eabi/10.3.1/../../../../arm-none-eabi/lib/thumb/v7-m/nofp\libc_nano.a(lib_a-impure.o)
 .data          0x0000000000000000        0x0 c:/st/stm32cubeide_1.10.0/stm32cubeide/plugins/com.st.stm32cube.ide.mcu.externaltools.gnu-tools-for-stm32.10.3-2021.10.win32_1.0.0.202111181127/tools/bin/../lib/gcc/arm-none-eabi/10.3.1/../../../../arm-none-eabi/lib/thumb/v7-m/nofp\libc_nano.a(lib_a-impure.o)
 .bss           0x0000000000000000        0x0 c:/st/stm32cubeide_1.10.0/stm32cubeide/plugins/com.st.stm32cube.ide.mcu.externaltools.gnu-tools-for-stm32.10.3-2021.10.win32_1.0.0.202111181127/tools/bin/../lib/gcc/arm-none-eabi/10.3.1/../../../../arm-none-eabi/lib/thumb/v7-m/nofp\libc_nano.a(lib_a-impure.o)
 .data._impure_ptr
                0x0000000000000000        0x4 c:/st/stm32cubeide_1.10.0/stm32cubeide/plugins/com.st.stm32cube.ide.mcu.externaltools.gnu-tools-for-stm32.10.3-2021.10.win32_1.0.0.202111181127/tools/bin/../lib/gcc/arm-none-eabi/10.3.1/../../../../arm-none-eabi/lib/thumb/v7-m/nofp\libc_nano.a(lib_a-impure.o)
 .data.impure_data
                0x0000000000000000       0x60 c:/st/stm32cubeide_1.10.0/stm32cubeide/plugins/com.st.stm32cube.ide.mcu.externaltools.gnu-tools-for-stm32.10.3-2021.10.win32_1.0.0.202111181127/tools/bin/../lib/gcc/arm-none-eabi/10.3.1/../../../../arm-none-eabi/lib/thumb/v7-m/nofp\libc_nano.a(lib_a-impure.o)
 .rodata._global_impure_ptr
                0x0000000000000000        0x4 c:/st/stm32cubeide_1.10.0/stm32cubeide/plugins/com.st.stm32cube.ide.mcu.externaltools.gnu-tools-for-stm32.10.3-2021.10.win32_1.0.0.202111181127/tools/bin/../lib/gcc/arm-none-eabi/10.3.1/../../../../arm-none-eabi/lib/thumb/v7-m/nofp\libc_nano.a(lib_a-impure.o)
 .ARM.attributes
                0x0000000000000000       0x2d c:/st/stm32cubeide_1.10.0/stm32cubeide/plugins/com.st.stm32cube.ide.mcu.externaltools.gnu-tools-for-stm32.10.3-2021.10.win32_1.0.0.202111181127/tools/bin/../lib/gcc/arm-none-eabi/10.3.1/../../../../arm-none-eabi/lib/thumb/v7-m/nofp\libc_nano.a(lib_a-impure.o)
 .text          0x0000000000000000        0x0 c:/st/stm32cubeide_1.10.0/stm32cubeide/plugins/com.st.stm32cube.ide.mcu.externaltools.gnu-tools-for-stm32.10.3-2021.10.win32_1.0.0.202111181127/tools/bin/../lib/gcc/arm-none-eabi/10.3.1/../../../../arm-none-eabi/lib/thumb/v7-m/nofp\libc_nano.a(lib_a-init.o)
 .data          0x0000000000000000        0x0 c:/st/stm32cubeide_1.10.0/stm32cubeide/plugins/com.st.stm32cube.ide.mcu.externaltools.gnu-tools-for-stm32.10.3-2021.10.win32_1.0.0.202111181127/tools/bin/../lib/gcc/arm-none-eabi/10.3.1/../../../../arm-none-eabi/lib/thumb/v7-m/nofp\libc_nano.a(lib_a-init.o)
 .bss           0x0000000000000000        0x0 c:/st/stm32cubeide_1.10.0/stm32cubeide/plugins/com.st.stm32cube.ide.mcu.externaltools.gnu-tools-for-stm32.10.3-2021.10.win32_1.0.0.202111181127/tools/bin/../lib/gcc/arm-none-eabi/10.3.1/../../../../arm-none-eabi/lib/thumb/v7-m/nofp\libc_nano.a(lib_a-init.o)
 .text          0x0000000000000000        0x0 c:/st/stm32cubeide_1.10.0/stm32cubeide/plugins/com.st.stm32cube.ide.mcu.externaltools.gnu-tools-for-stm32.10.3-2021.10.win32_1.0.0.202111181127/tools/bin/../lib/gcc/arm-none-eabi/10.3.1/../../../../arm-none-eabi/lib/thumb/v7-m/nofp\libc_nano.a(lib_a-memset.o)
 .data          0x0000000000000000        0x0 c:/st/stm32cubeide_1.10.0/stm32cubeide/plugins/com.st.stm32cube.ide.mcu.externaltools.gnu-tools-for-stm32.10.3-2021.10.win32_1.0.0.202111181127/tools/bin/../lib/gcc/arm-none-eabi/10.3.1/../../../../arm-none-eabi/lib/thumb/v7-m/nofp\libc_nano.a(lib_a-memset.o)
 .bss           0x0000000000000000        0x0 c:/st/stm32cubeide_1.10.0/stm32cubeide/plugins/com.st.stm32cube.ide.mcu.externaltools.gnu-tools-for-stm32.10.3-2021.10.win32_1.0.0.202111181127/tools/bin/../lib/gcc/arm-none-eabi/10.3.1/../../../../arm-none-eabi/lib/thumb/v7-m/nofp\libc_nano.a(lib_a-memset.o)
 .text.memset   0x0000000000000000       0x10 c:/st/stm32cubeide_1.10.0/stm32cubeide/plugins/com.st.stm32cube.ide.mcu.externaltools.gnu-tools-for-stm32.10.3-2021.10.win32_1.0.0.202111181127/tools/bin/../lib/gcc/arm-none-eabi/10.3.1/../../../../arm-none-eabi/lib/thumb/v7-m/nofp\libc_nano.a(lib_a-memset.o)
 .debug_frame   0x0000000000000000       0x20 c:/st/stm32cubeide_1.10.0/stm32cubeide/plugins/com.st.stm32cube.ide.mcu.externaltools.gnu-tools-for-stm32.10.3-2021.10.win32_1.0.0.202111181127/tools/bin/../lib/gcc/arm-none-eabi/10.3.1/../../../../arm-none-eabi/lib/thumb/v7-m/nofp\libc_nano.a(lib_a-memset.o)
 .ARM.attributes
                0x0000000000000000       0x2d c:/st/stm32cubeide_1.10.0/stm32cubeide/plugins/com.st.stm32cube.ide.mcu.externaltools.gnu-tools-for-stm32.10.3-2021.10.win32_1.0.0.202111181127/tools/bin/../lib/gcc/arm-none-eabi/10.3.1/../../../../arm-none-eabi/lib/thumb/v7-m/nofp\libc_nano.a(lib_a-memset.o)
 .data          0x0000000000000000        0x0 c:/st/stm32cubeide_1.10.0/stm32cubeide/plugins/com.st.stm32cube.ide.mcu.externaltools.gnu-tools-for-stm32.10.3-2021.10.win32_1.0.0.202111181127/tools/bin/../lib/gcc/arm-none-eabi/10.3.1/thumb/v7-m/nofp\libgcc.a(_arm_addsubdf3.o)
 .bss           0x0000000000000000        0x0 c:/st/stm32cubeide_1.10.0/stm32cubeide/plugins/com.st.stm32cube.ide.mcu.externaltools.gnu-tools-for-stm32.10.3-2021.10.win32_1.0.0.202111181127/tools/bin/../lib/gcc/arm-none-eabi/10.3.1/thumb/v7-m/nofp\libgcc.a(_arm_addsubdf3.o)
 .data          0x0000000000000000        0x0 c:/st/stm32cubeide_1.10.0/stm32cubeide/plugins/com.st.stm32cube.ide.mcu.externaltools.gnu-tools-for-stm32.10.3-2021.10.win32_1.0.0.202111181127/tools/bin/../lib/gcc/arm-none-eabi/10.3.1/thumb/v7-m/nofp\libgcc.a(_arm_muldivdf3.o)
 .bss           0x0000000000000000        0x0 c:/st/stm32cubeide_1.10.0/stm32cubeide/plugins/com.st.stm32cube.ide.mcu.externaltools.gnu-tools-for-stm32.10.3-2021.10.win32_1.0.0.202111181127/tools/bin/../lib/gcc/arm-none-eabi/10.3.1/thumb/v7-m/nofp\libgcc.a(_arm_muldivdf3.o)
 .data          0x0000000000000000        0x0 c:/st/stm32cubeide_1.10.0/stm32cubeide/plugins/com.st.stm32cube.ide.mcu.externaltools.gnu-tools-for-stm32.10.3-2021.10.win32_1.0.0.202111181127/tools/bin/../lib/gcc/arm-none-eabi/10.3.1/thumb/v7-m/nofp\libgcc.a(_arm_truncdfsf2.o)
 .bss           0x0000000000000000        0x0 c:/st/stm32cubeide_1.10.0/stm32cubeide/plugins/com.st.stm32cube.ide.mcu.externaltools.gnu-tools-for-stm32.10.3-2021.10.win32_1.0.0.202111181127/tools/bin/../lib/gcc/arm-none-eabi/10.3.1/thumb/v7-m/nofp\libgcc.a(_arm_truncdfsf2.o)
 .text          0x0000000000000000        0x0 c:/st/stm32cubeide_1.10.0/stm32cubeide/plugins/com.st.stm32cube.ide.mcu.externaltools.gnu-tools-for-stm32.10.3-2021.10.win32_1.0.0.202111181127/tools/bin/../lib/gcc/arm-none-eabi/10.3.1/thumb/v7-m/nofp/crtend.o
 .data          0x0000000000000000        0x0 c:/st/stm32cubeide_1.10.0/stm32cubeide/plugins/com.st.stm32cube.ide.mcu.externaltools.gnu-tools-for-stm32.10.3-2021.10.win32_1.0.0.202111181127/tools/bin/../lib/gcc/arm-none-eabi/10.3.1/thumb/v7-m/nofp/crtend.o
 .bss           0x0000000000000000        0x0 c:/st/stm32cubeide_1.10.0/stm32cubeide/plugins/com.st.stm32cube.ide.mcu.externaltools.gnu-tools-for-stm32.10.3-2021.10.win32_1.0.0.202111181127/tools/bin/../lib/gcc/arm-none-eabi/10.3.1/thumb/v7-m/nofp/crtend.o
 .rodata        0x0000000000000000       0x24 c:/st/stm32cubeide_1.10.0/stm32cubeide/plugins/com.st.stm32cube.ide.mcu.externaltools.gnu-tools-for-stm32.10.3-2021.10.win32_1.0.0.202111181127/tools/bin/../lib/gcc/arm-none-eabi/10.3.1/thumb/v7-m/nofp/crtend.o
 .eh_frame      0x0000000000000000        0x4 c:/st/stm32cubeide_1.10.0/stm32cubeide/plugins/com.st.stm32cube.ide.mcu.externaltools.gnu-tools-for-stm32.10.3-2021.10.win32_1.0.0.202111181127/tools/bin/../lib/gcc/arm-none-eabi/10.3.1/thumb/v7-m/nofp/crtend.o
 .ARM.attributes
                0x0000000000000000       0x2d c:/st/stm32cubeide_1.10.0/stm32cubeide/plugins/com.st.stm32cube.ide.mcu.externaltools.gnu-tools-for-stm32.10.3-2021.10.win32_1.0.0.202111181127/tools/bin/../lib/gcc/arm-none-eabi/10.3.1/thumb/v7-m/nofp/crtend.o
 .text          0x0000000000000000        0x0 c:/st/stm32cubeide_1.10.0/stm32cubeide/plugins/com.st.stm32cube.ide.mcu.externaltools.gnu-tools-for-stm32.10.3-2021.10.win32_1.0.0.202111181127/tools/bin/../lib/gcc/arm-none-eabi/10.3.1/thumb/v7-m/nofp/crtn.o
 .data          0x0000000000000000        0x0 c:/st/stm32cubeide_1.10.0/stm32cubeide/plugins/com.st.stm32cube.ide.mcu.externaltools.gnu-tools-for-stm32.10.3-2021.10.win32_1.0.0.202111181127/tools/bin/../lib/gcc/arm-none-eabi/10.3.1/thumb/v7-m/nofp/crtn.o
 .bss           0x0000000000000000        0x0 c:/st/stm32cubeide_1.10.0/stm32cubeide/plugins/com.st.stm32cube.ide.mcu.externaltools.gnu-tools-for-stm32.10.3-2021.10.win32_1.0.0.202111181127/tools/bin/../lib/gcc/arm-none-eabi/10.3.1/thumb/v7-m/nofp/crtn.o

Memory Configuration

Name             Origin             Length             Attributes
RAM              0x0000000020000000 0x0000000000005000 xrw
FLASH            0x0000000008000000 0x0000000000020000 xr
*default*        0x0000000000000000 0xffffffffffffffff

Linker script and memory map

LOAD c:/st/stm32cubeide_1.10.0/stm32cubeide/plugins/com.st.stm32cube.ide.mcu.externaltools.gnu-tools-for-stm32.10.3-2021.10.win32_1.0.0.202111181127/tools/bin/../lib/gcc/arm-none-eabi/10.3.1/thumb/v7-m/nofp/crti.o
LOAD c:/st/stm32cubeide_1.10.0/stm32cubeide/plugins/com.st.stm32cube.ide.mcu.externaltools.gnu-tools-for-stm32.10.3-2021.10.win32_1.0.0.202111181127/tools/bin/../lib/gcc/arm-none-eabi/10.3.1/thumb/v7-m/nofp/crtbegin.o
LOAD c:/st/stm32cubeide_1.10.0/stm32cubeide/plugins/com.st.stm32cube.ide.mcu.externaltools.gnu-tools-for-stm32.10.3-2021.10.win32_1.0.0.202111181127/tools/bin/../lib/gcc/arm-none-eabi/10.3.1/../../../../arm-none-eabi/lib/thumb/v7-m/nofp/crt0.o
LOAD ./Core/Src/MPU6050.o
LOAD ./Core/Src/adc.o
LOAD ./Core/Src/exti.o
LOAD ./Core/Src/i2c.o
LOAD ./Core/Src/main.o
LOAD ./Core/Src/syscalls.o
LOAD ./Core/Src/sysmem.o
LOAD ./Core/Src/system_stm32f1xx.o
LOAD ./Core/Src/systick.o
LOAD ./Core/Src/tim.o
LOAD ./Core/Src/uart.o
LOAD ./Core/Startup/startup_stm32f103rbtx.o
START GROUP
LOAD c:/st/stm32cubeide_1.10.0/stm32cubeide/plugins/com.st.stm32cube.ide.mcu.externaltools.gnu-tools-for-stm32.10.3-2021.10.win32_1.0.0.202111181127/tools/bin/../lib/gcc/arm-none-eabi/10.3.1/../../../../arm-none-eabi/lib/thumb/v7-m/nofp\libc_nano.a
LOAD c:/st/stm32cubeide_1.10.0/stm32cubeide/plugins/com.st.stm32cube.ide.mcu.externaltools.gnu-tools-for-stm32.10.3-2021.10.win32_1.0.0.202111181127/tools/bin/../lib/gcc/arm-none-eabi/10.3.1/../../../../arm-none-eabi/lib/thumb/v7-m/nofp\libm.a
END GROUP
START GROUP
LOAD c:/st/stm32cubeide_1.10.0/stm32cubeide/plugins/com.st.stm32cube.ide.mcu.externaltools.gnu-tools-for-stm32.10.3-2021.10.win32_1.0.0.202111181127/tools/bin/../lib/gcc/arm-none-eabi/10.3.1/thumb/v7-m/nofp\libgcc.a
LOAD c:/st/stm32cubeide_1.10.0/stm32cubeide/plugins/com.st.stm32cube.ide.mcu.externaltools.gnu-tools-for-stm32.10.3-2021.10.win32_1.0.0.202111181127/tools/bin/../lib/gcc/arm-none-eabi/10.3.1/../../../../arm-none-eabi/lib/thumb/v7-m/nofp\libc_nano.a
END GROUP
START GROUP
LOAD c:/st/stm32cubeide_1.10.0/stm32cubeide/plugins/com.st.stm32cube.ide.mcu.externaltools.gnu-tools-for-stm32.10.3-2021.10.win32_1.0.0.202111181127/tools/bin/../lib/gcc/arm-none-eabi/10.3.1/thumb/v7-m/nofp\libgcc.a
LOAD c:/st/stm32cubeide_1.10.0/stm32cubeide/plugins/com.st.stm32cube.ide.mcu.externaltools.gnu-tools-for-stm32.10.3-2021.10.win32_1.0.0.202111181127/tools/bin/../lib/gcc/arm-none-eabi/10.3.1/../../../../arm-none-eabi/lib/thumb/v7-m/nofp\libc_nano.a
LOAD c:/st/stm32cubeide_1.10.0/stm32cubeide/plugins/com.st.stm32cube.ide.mcu.externaltools.gnu-tools-for-stm32.10.3-2021.10.win32_1.0.0.202111181127/tools/bin/../lib/gcc/arm-none-eabi/10.3.1/../../../../arm-none-eabi/lib/thumb/v7-m/nofp\libnosys.a
END GROUP
START GROUP
LOAD c:/st/stm32cubeide_1.10.0/stm32cubeide/plugins/com.st.stm32cube.ide.mcu.externaltools.gnu-tools-for-stm32.10.3-2021.10.win32_1.0.0.202111181127/tools/bin/../lib/gcc/arm-none-eabi/10.3.1/thumb/v7-m/nofp\libgcc.a
LOAD c:/st/stm32cubeide_1.10.0/stm32cubeide/plugins/com.st.stm32cube.ide.mcu.externaltools.gnu-tools-for-stm32.10.3-2021.10.win32_1.0.0.202111181127/tools/bin/../lib/gcc/arm-none-eabi/10.3.1/../../../../arm-none-eabi/lib/thumb/v7-m/nofp\libc_nano.a
LOAD c:/st/stm32cubeide_1.10.0/stm32cubeide/plugins/com.st.stm32cube.ide.mcu.externaltools.gnu-tools-for-stm32.10.3-2021.10.win32_1.0.0.202111181127/tools/bin/../lib/gcc/arm-none-eabi/10.3.1/../../../../arm-none-eabi/lib/thumb/v7-m/nofp\libnosys.a
END GROUP
LOAD c:/st/stm32cubeide_1.10.0/stm32cubeide/plugins/com.st.stm32cube.ide.mcu.externaltools.gnu-tools-for-stm32.10.3-2021.10.win32_1.0.0.202111181127/tools/bin/../lib/gcc/arm-none-eabi/10.3.1/thumb/v7-m/nofp/crtend.o
LOAD c:/st/stm32cubeide_1.10.0/stm32cubeide/plugins/com.st.stm32cube.ide.mcu.externaltools.gnu-tools-for-stm32.10.3-2021.10.win32_1.0.0.202111181127/tools/bin/../lib/gcc/arm-none-eabi/10.3.1/thumb/v7-m/nofp/crtn.o
                0x0000000020005000                _estack = (ORIGIN (RAM) + LENGTH (RAM))
                0x0000000000000200                _Min_Heap_Size = 0x200
                0x0000000000000400                _Min_Stack_Size = 0x400

.isr_vector     0x0000000008000000      0x10c
                0x0000000008000000                . = ALIGN (0x4)
 *(.isr_vector)
 .isr_vector    0x0000000008000000      0x10c ./Core/Startup/startup_stm32f103rbtx.o
                0x0000000008000000                g_pfnVectors
                0x000000000800010c                . = ALIGN (0x4)

.text           0x000000000800010c      0xe9c
                0x000000000800010c                . = ALIGN (0x4)
 *(.text)
 .text          0x000000000800010c       0x40 c:/st/stm32cubeide_1.10.0/stm32cubeide/plugins/com.st.stm32cube.ide.mcu.externaltools.gnu-tools-for-stm32.10.3-2021.10.win32_1.0.0.202111181127/tools/bin/../lib/gcc/arm-none-eabi/10.3.1/thumb/v7-m/nofp/crtbegin.o
 .text          0x000000000800014c      0x378 c:/st/stm32cubeide_1.10.0/stm32cubeide/plugins/com.st.stm32cube.ide.mcu.externaltools.gnu-tools-for-stm32.10.3-2021.10.win32_1.0.0.202111181127/tools/bin/../lib/gcc/arm-none-eabi/10.3.1/thumb/v7-m/nofp\libgcc.a(_arm_addsubdf3.o)
                0x000000000800014c                __aeabi_drsub
                0x0000000008000154                __aeabi_dsub
                0x0000000008000154                __subdf3
                0x0000000008000158                __aeabi_dadd
                0x0000000008000158                __adddf3
                0x00000000080003d0                __floatunsidf
                0x00000000080003d0                __aeabi_ui2d
                0x00000000080003f0                __floatsidf
                0x00000000080003f0                __aeabi_i2d
                0x0000000008000414                __aeabi_f2d
                0x0000000008000414                __extendsfdf2
                0x0000000008000458                __floatundidf
                0x0000000008000458                __aeabi_ul2d
                0x0000000008000468                __floatdidf
                0x0000000008000468                __aeabi_l2d
 .text          0x00000000080004c4      0x424 c:/st/stm32cubeide_1.10.0/stm32cubeide/plugins/com.st.stm32cube.ide.mcu.externaltools.gnu-tools-for-stm32.10.3-2021.10.win32_1.0.0.202111181127/tools/bin/../lib/gcc/arm-none-eabi/10.3.1/thumb/v7-m/nofp\libgcc.a(_arm_muldivdf3.o)
                0x00000000080004c4                __aeabi_dmul
                0x00000000080004c4                __muldf3
                0x0000000008000718                __divdf3
                0x0000000008000718                __aeabi_ddiv
 .text          0x00000000080008e8       0xa0 c:/st/stm32cubeide_1.10.0/stm32cubeide/plugins/com.st.stm32cube.ide.mcu.externaltools.gnu-tools-for-stm32.10.3-2021.10.win32_1.0.0.202111181127/tools/bin/../lib/gcc/arm-none-eabi/10.3.1/thumb/v7-m/nofp\libgcc.a(_arm_truncdfsf2.o)
                0x00000000080008e8                __truncdfsf2
                0x00000000080008e8                __aeabi_d2f
 *(.text*)
 .text.MPU6050_read_address
                0x0000000008000988       0x24 ./Core/Src/MPU6050.o
                0x0000000008000988                MPU6050_read_address
 .text.MPU6050_write
                0x00000000080009ac       0x2a ./Core/Src/MPU6050.o
                0x00000000080009ac                MPU6050_write
 *fill*         0x00000000080009d6        0x2 
 .text.MPU6050_read_values
                0x00000000080009d8       0x24 ./Core/Src/MPU6050.o
                0x00000000080009d8                MPU6050_read_values
 .text.MPU6050_init
                0x00000000080009fc       0x4c ./Core/Src/MPU6050.o
                0x00000000080009fc                MPU6050_init
 .text.I2C1_init
                0x0000000008000a48       0xd4 ./Core/Src/i2c.o
                0x0000000008000a48                I2C1_init
 .text.I2C1_byteRead
                0x0000000008000b1c       0xf4 ./Core/Src/i2c.o
                0x0000000008000b1c                I2C1_byteRead
 .text.I2C1_burstRead
                0x0000000008000c10      0x134 ./Core/Src/i2c.o
                0x0000000008000c10                I2C1_burstRead
 .text.I2C1_burstWrite
                0x0000000008000d44       0xc0 ./Core/Src/i2c.o
                0x0000000008000d44                I2C1_burstWrite
 .text.main     0x0000000008000e04       0xec ./Core/Src/main.o
                0x0000000008000e04                main
 .text.SystemInit
                0x0000000008000ef0        0xc ./Core/Src/system_stm32f1xx.o
                0x0000000008000ef0                SystemInit
 .text.Reset_Handler
                0x0000000008000efc       0x48 ./Core/Startup/startup_stm32f103rbtx.o
                0x0000000008000efc                Reset_Handler
 .text.Default_Handler
                0x0000000008000f44        0x2 ./Core/Startup/startup_stm32f103rbtx.o
                0x0000000008000f44                RTC_Alarm_IRQHandler
                0x0000000008000f44                EXTI2_IRQHandler
                0x0000000008000f44                DebugMon_Handler
                0x0000000008000f44                TIM1_CC_IRQHandler
                0x0000000008000f44                HardFault_Handler
                0x0000000008000f44                SysTick_Handler
                0x0000000008000f44                PVD_IRQHandler
                0x0000000008000f44                PendSV_Handler
                0x0000000008000f44                NMI_Handler
                0x0000000008000f44                EXTI3_IRQHandler
                0x0000000008000f44                EXTI0_IRQHandler
                0x0000000008000f44                I2C2_EV_IRQHandler
                0x0000000008000f44                UsageFault_Handler
                0x0000000008000f44                ADC1_2_IRQHandler
                0x0000000008000f44                SPI1_IRQHandler
                0x0000000008000f44                TAMPER_IRQHandler
                0x0000000008000f44                DMA1_Channel4_IRQHandler
                0x0000000008000f44                USART3_IRQHandler
                0x0000000008000f44                RTC_IRQHandler
                0x0000000008000f44                DMA1_Channel7_IRQHandler
                0x0000000008000f44                CAN1_RX1_IRQHandler
                0x0000000008000f44                TIM4_IRQHandler
                0x0000000008000f44                I2C1_EV_IRQHandler
                0x0000000008000f44                DMA1_Channel6_IRQHandler
                0x0000000008000f44                TIM3_IRQHandler
                0x0000000008000f44                RCC_IRQHandler
                0x0000000008000f44                TIM1_TRG_COM_IRQHandler
                0x0000000008000f44                DMA1_Channel1_IRQHandler
                0x0000000008000f44                Default_Handler
                0x0000000008000f44                EXTI15_10_IRQHandler
                0x0000000008000f44                EXTI9_5_IRQHandler
                0x0000000008000f44                SPI2_IRQHandler
                0x0000000008000f44                MemManage_Handler
                0x0000000008000f44                SVC_Handler
                0x0000000008000f44                DMA1_Channel5_IRQHandler
                0x0000000008000f44                EXTI4_IRQHandler
                0x0000000008000f44                USB_LP_CAN1_RX0_IRQHandler
                0x0000000008000f44                USB_HP_CAN1_TX_IRQHandler
                0x0000000008000f44                DMA1_Channel3_IRQHandler
                0x0000000008000f44                TIM1_UP_IRQHandler
                0x0000000008000f44                WWDG_IRQHandler
                0x0000000008000f44                TIM2_IRQHandler
                0x0000000008000f44                TIM1_BRK_IRQHandler
                0x0000000008000f44                EXTI1_IRQHandler
                0x0000000008000f44                USART2_IRQHandler
                0x0000000008000f44                I2C2_ER_IRQHandler
                0x0000000008000f44                DMA1_Channel2_IRQHandler
                0x0000000008000f44                CAN1_SCE_IRQHandler
                0x0000000008000f44                FLASH_IRQHandler
                0x0000000008000f44                BusFault_Handler
                0x0000000008000f44                USART1_IRQHandler
                0x0000000008000f44                I2C1_ER_IRQHandler
                0x0000000008000f44                USBWakeUp_IRQHandler
 *fill*         0x0000000008000f46        0x2 
 .text.__libc_init_array
                0x0000000008000f48       0x48 c:/st/stm32cubeide_1.10.0/stm32cubeide/plugins/com.st.stm32cube.ide.mcu.externaltools.gnu-tools-for-stm32.10.3-2021.10.win32_1.0.0.202111181127/tools/bin/../lib/gcc/arm-none-eabi/10.3.1/../../../../arm-none-eabi/lib/thumb/v7-m/nofp\libc_nano.a(lib_a-init.o)
                0x0000000008000f48                __libc_init_array
 *(.glue_7)
 .glue_7        0x0000000008000f90        0x0 linker stubs
 *(.glue_7t)
 .glue_7t       0x0000000008000f90        0x0 linker stubs
 *(.eh_frame)
 .eh_frame      0x0000000008000f90        0x0 c:/st/stm32cubeide_1.10.0/stm32cubeide/plugins/com.st.stm32cube.ide.mcu.externaltools.gnu-tools-for-stm32.10.3-2021.10.win32_1.0.0.202111181127/tools/bin/../lib/gcc/arm-none-eabi/10.3.1/thumb/v7-m/nofp/crtbegin.o
 *(.init)
 .init          0x0000000008000f90        0x4 c:/st/stm32cubeide_1.10.0/stm32cubeide/plugins/com.st.stm32cube.ide.mcu.externaltools.gnu-tools-for-stm32.10.3-2021.10.win32_1.0.0.202111181127/tools/bin/../lib/gcc/arm-none-eabi/10.3.1/thumb/v7-m/nofp/crti.o
                0x0000000008000f90                _init
 .init          0x0000000008000f94        0x8 c:/st/stm32cubeide_1.10.0/stm32cubeide/plugins/com.st.stm32cube.ide.mcu.externaltools.gnu-tools-for-stm32.10.3-2021.10.win32_1.0.0.202111181127/tools/bin/../lib/gcc/arm-none-eabi/10.3.1/thumb/v7-m/nofp/crtn.o
 *(.fini)
 .fini          0x0000000008000f9c        0x4 c:/st/stm32cubeide_1.10.0/stm32cubeide/plugins/com.st.stm32cube.ide.mcu.externaltools.gnu-tools-for-stm32.10.3-2021.10.win32_1.0.0.202111181127/tools/bin/../lib/gcc/arm-none-eabi/10.3.1/thumb/v7-m/nofp/crti.o
                0x0000000008000f9c                _fini
 .fini          0x0000000008000fa0        0x8 c:/st/stm32cubeide_1.10.0/stm32cubeide/plugins/com.st.stm32cube.ide.mcu.externaltools.gnu-tools-for-stm32.10.3-2021.10.win32_1.0.0.202111181127/tools/bin/../lib/gcc/arm-none-eabi/10.3.1/thumb/v7-m/nofp/crtn.o
                0x0000000008000fa8                . = ALIGN (0x4)
                0x0000000008000fa8                _etext = .

.vfp11_veneer   0x0000000008000fa8        0x0
 .vfp11_veneer  0x0000000008000fa8        0x0 linker stubs

.v4_bx          0x0000000008000fa8        0x0
 .v4_bx         0x0000000008000fa8        0x0 linker stubs

.iplt           0x0000000008000fa8        0x0
 .iplt          0x0000000008000fa8        0x0 c:/st/stm32cubeide_1.10.0/stm32cubeide/plugins/com.st.stm32cube.ide.mcu.externaltools.gnu-tools-for-stm32.10.3-2021.10.win32_1.0.0.202111181127/tools/bin/../lib/gcc/arm-none-eabi/10.3.1/thumb/v7-m/nofp/crtbegin.o

.rel.dyn        0x0000000008000fa8        0x0
 .rel.iplt      0x0000000008000fa8        0x0 c:/st/stm32cubeide_1.10.0/stm32cubeide/plugins/com.st.stm32cube.ide.mcu.externaltools.gnu-tools-for-stm32.10.3-2021.10.win32_1.0.0.202111181127/tools/bin/../lib/gcc/arm-none-eabi/10.3.1/thumb/v7-m/nofp/crtbegin.o

.rodata         0x0000000008000fa8        0x0
                0x0000000008000fa8                . = ALIGN (0x4)
 *(.rodata)
 *(.rodata*)
                0x0000000008000fa8                . = ALIGN (0x4)

.ARM.extab      0x0000000008000fa8        0x0
                0x0000000008000fa8                . = ALIGN (0x4)
 *(.ARM.extab* .gnu.linkonce.armextab.*)
                0x0000000008000fa8                . = ALIGN (0x4)

.ARM            0x0000000008000fa8        0x0
                0x0000000008000fa8                . = ALIGN (0x4)
                0x0000000008000fa8                __exidx_start = .
 *(.ARM.exidx*)
                0x0000000008000fa8                __exidx_end = .
                0x0000000008000fa8                . = ALIGN (0x4)

.preinit_array  0x0000000008000fa8        0x0
                0x0000000008000fa8                . = ALIGN (0x4)
                0x0000000008000fa8                PROVIDE (__preinit_array_start = .)
 *(.preinit_array*)
                0x0000000008000fa8                PROVIDE (__preinit_array_end = .)
                0x0000000008000fa8                . = ALIGN (0x4)

.init_array     0x0000000008000fa8        0x4
                0x0000000008000fa8                . = ALIGN (0x4)
                0x0000000008000fa8                PROVIDE (__init_array_start = .)
 *(SORT_BY_NAME(.init_array.*))
 *(.init_array*)
 .init_array    0x0000000008000fa8        0x4 c:/st/stm32cubeide_1.10.0/stm32cubeide/plugins/com.st.stm32cube.ide.mcu.externaltools.gnu-tools-for-stm32.10.3-2021.10.win32_1.0.0.202111181127/tools/bin/../lib/gcc/arm-none-eabi/10.3.1/thumb/v7-m/nofp/crtbegin.o
                0x0000000008000fac                PROVIDE (__init_array_end = .)
                0x0000000008000fac                . = ALIGN (0x4)

.fini_array     0x0000000008000fac        0x4
                0x0000000008000fac                . = ALIGN (0x4)
                [!provide]                        PROVIDE (__fini_array_start = .)
 *(SORT_BY_NAME(.fini_array.*))
 *(.fini_array*)
 .fini_array    0x0000000008000fac        0x4 c:/st/stm32cubeide_1.10.0/stm32cubeide/plugins/com.st.stm32cube.ide.mcu.externaltools.gnu-tools-for-stm32.10.3-2021.10.win32_1.0.0.202111181127/tools/bin/../lib/gcc/arm-none-eabi/10.3.1/thumb/v7-m/nofp/crtbegin.o
                [!provide]                        PROVIDE (__fini_array_end = .)
                0x0000000008000fb0                . = ALIGN (0x4)
                0x0000000008000fb0                _sidata = LOADADDR (.data)

.data           0x0000000020000000        0x0 load address 0x0000000008000fb0
                0x0000000020000000                . = ALIGN (0x4)
                0x0000000020000000                _sdata = .
 *(.data)
 *(.data*)
 *(.RamFunc)
 *(.RamFunc*)
                0x0000000020000000                . = ALIGN (0x4)
                0x0000000020000000                _edata = .

.igot.plt       0x0000000020000000        0x0 load address 0x0000000008000fb0
 .igot.plt      0x0000000020000000        0x0 c:/st/stm32cubeide_1.10.0/stm32cubeide/plugins/com.st.stm32cube.ide.mcu.externaltools.gnu-tools-for-stm32.10.3-2021.10.win32_1.0.0.202111181127/tools/bin/../lib/gcc/arm-none-eabi/10.3.1/thumb/v7-m/nofp/crtbegin.o
                0x0000000020000000                . = ALIGN (0x4)

.bss            0x0000000020000000       0x38 load address 0x0000000008000fb0
                0x0000000020000000                _sbss = .
                0x0000000020000000                __bss_start__ = _sbss
 *(.bss)
 .bss           0x0000000020000000       0x1c c:/st/stm32cubeide_1.10.0/stm32cubeide/plugins/com.st.stm32cube.ide.mcu.externaltools.gnu-tools-for-stm32.10.3-2021.10.win32_1.0.0.202111181127/tools/bin/../lib/gcc/arm-none-eabi/10.3.1/thumb/v7-m/nofp/crtbegin.o
 *(.bss*)
 .bss.data      0x000000002000001c        0x1 ./Core/Src/MPU6050.o
                0x000000002000001c                data
 *fill*         0x000000002000001d        0x3 
 .bss.data_rec  0x0000000020000020        0x6 ./Core/Src/MPU6050.o
                0x0000000020000020                data_rec
 .bss.Accel_X_RAW
                0x0000000020000026        0x2 ./Core/Src/main.o
                0x0000000020000026                Accel_X_RAW
 .bss.Accel_Y_RAW
                0x0000000020000028        0x2 ./Core/Src/main.o
                0x0000000020000028                Accel_Y_RAW
 .bss.Accel_Z_RAW
                0x000000002000002a        0x2 ./Core/Src/main.o
                0x000000002000002a                Accel_Z_RAW
 .bss.Ax        0x000000002000002c        0x4 ./Core/Src/main.o
                0x000000002000002c                Ax
 .bss.Ay        0x0000000020000030        0x4 ./Core/Src/main.o
                0x0000000020000030                Ay
 .bss.Az        0x0000000020000034        0x4 ./Core/Src/main.o
                0x0000000020000034                Az
 *(COMMON)
                0x0000000020000038                . = ALIGN (0x4)
                0x0000000020000038                _ebss = .
                0x0000000020000038                __bss_end__ = _ebss

._user_heap_stack
                0x0000000020000038      0x600 load address 0x0000000008000fb0
                0x0000000020000038                . = ALIGN (0x8)
                [!provide]                        PROVIDE (end = .)
                0x0000000020000038                PROVIDE (_end = .)
                0x0000000020000238                . = (. + _Min_Heap_Size)
 *fill*         0x0000000020000038      0x200 
                0x0000000020000638                . = (. + _Min_Stack_Size)
 *fill*         0x0000000020000238      0x400 
                0x0000000020000638                . = ALIGN (0x8)

/DISCARD/
 libc.a(*)
 libm.a(*)
 libgcc.a(*)

.ARM.attributes
                0x0000000000000000       0x29
 *(.ARM.attributes)
 .ARM.attributes
                0x0000000000000000       0x1d c:/st/stm32cubeide_1.10.0/stm32cubeide/plugins/com.st.stm32cube.ide.mcu.externaltools.gnu-tools-for-stm32.10.3-2021.10.win32_1.0.0.202111181127/tools/bin/../lib/gcc/arm-none-eabi/10.3.1/thumb/v7-m/nofp/crti.o
 .ARM.attributes
                0x000000000000001d       0x2d c:/st/stm32cubeide_1.10.0/stm32cubeide/plugins/com.st.stm32cube.ide.mcu.externaltools.gnu-tools-for-stm32.10.3-2021.10.win32_1.0.0.202111181127/tools/bin/../lib/gcc/arm-none-eabi/10.3.1/thumb/v7-m/nofp/crtbegin.o
 .ARM.attributes
                0x000000000000004a       0x2d ./Core/Src/MPU6050.o
 .ARM.attributes
                0x0000000000000077       0x2d ./Core/Src/i2c.o
 .ARM.attributes
                0x00000000000000a4       0x2d ./Core/Src/main.o
 .ARM.attributes
                0x00000000000000d1       0x2d ./Core/Src/system_stm32f1xx.o
 .ARM.attributes
                0x00000000000000fe       0x21 ./Core/Startup/startup_stm32f103rbtx.o
 .ARM.attributes
                0x000000000000011f       0x2d c:/st/stm32cubeide_1.10.0/stm32cubeide/plugins/com.st.stm32cube.ide.mcu.externaltools.gnu-tools-for-stm32.10.3-2021.10.win32_1.0.0.202111181127/tools/bin/../lib/gcc/arm-none-eabi/10.3.1/../../../../arm-none-eabi/lib/thumb/v7-m/nofp\libc_nano.a(lib_a-init.o)
 .ARM.attributes
                0x000000000000014c       0x1d c:/st/stm32cubeide_1.10.0/stm32cubeide/plugins/com.st.stm32cube.ide.mcu.externaltools.gnu-tools-for-stm32.10.3-2021.10.win32_1.0.0.202111181127/tools/bin/../lib/gcc/arm-none-eabi/10.3.1/thumb/v7-m/nofp\libgcc.a(_arm_addsubdf3.o)
 .ARM.attributes
                0x0000000000000169       0x1d c:/st/stm32cubeide_1.10.0/stm32cubeide/plugins/com.st.stm32cube.ide.mcu.externaltools.gnu-tools-for-stm32.10.3-2021.10.win32_1.0.0.202111181127/tools/bin/../lib/gcc/arm-none-eabi/10.3.1/thumb/v7-m/nofp\libgcc.a(_arm_muldivdf3.o)
 .ARM.attributes
                0x0000000000000186       0x1d c:/st/stm32cubeide_1.10.0/stm32cubeide/plugins/com.st.stm32cube.ide.mcu.externaltools.gnu-tools-for-stm32.10.3-2021.10.win32_1.0.0.202111181127/tools/bin/../lib/gcc/arm-none-eabi/10.3.1/thumb/v7-m/nofp\libgcc.a(_arm_truncdfsf2.o)
 .ARM.attributes
                0x00000000000001a3       0x1d c:/st/stm32cubeide_1.10.0/stm32cubeide/plugins/com.st.stm32cube.ide.mcu.externaltools.gnu-tools-for-stm32.10.3-2021.10.win32_1.0.0.202111181127/tools/bin/../lib/gcc/arm-none-eabi/10.3.1/thumb/v7-m/nofp/crtn.o
OUTPUT(21_I2C_gy_521.elf elf32-littlearm)
LOAD linker stubs
LOAD c:/st/stm32cubeide_1.10.0/stm32cubeide/plugins/com.st.stm32cube.ide.mcu.externaltools.gnu-tools-for-stm32.10.3-2021.10.win32_1.0.0.202111181127/tools/bin/../lib/gcc/arm-none-eabi/10.3.1/../../../../arm-none-eabi/lib/thumb/v7-m/nofp\libc.a
LOAD c:/st/stm32cubeide_1.10.0/stm32cubeide/plugins/com.st.stm32cube.ide.mcu.externaltools.gnu-tools-for-stm32.10.3-2021.10.win32_1.0.0.202111181127/tools/bin/../lib/gcc/arm-none-eabi/10.3.1/../../../../arm-none-eabi/lib/thumb/v7-m/nofp\libm.a
LOAD c:/st/stm32cubeide_1.10.0/stm32cubeide/plugins/com.st.stm32cube.ide.mcu.externaltools.gnu-tools-for-stm32.10.3-2021.10.win32_1.0.0.202111181127/tools/bin/../lib/gcc/arm-none-eabi/10.3.1/thumb/v7-m/nofp\libgcc.a

.debug_info     0x0000000000000000      0xa7e
 .debug_info    0x0000000000000000      0x317 ./Core/Src/MPU6050.o
 .debug_info    0x0000000000000317      0x3a5 ./Core/Src/i2c.o
 .debug_info    0x00000000000006bc      0x16a ./Core/Src/main.o
 .debug_info    0x0000000000000826      0x236 ./Core/Src/system_stm32f1xx.o
 .debug_info    0x0000000000000a5c       0x22 ./Core/Startup/startup_stm32f103rbtx.o

.debug_abbrev   0x0000000000000000      0x491
 .debug_abbrev  0x0000000000000000      0x163 ./Core/Src/MPU6050.o
 .debug_abbrev  0x0000000000000163      0x10f ./Core/Src/i2c.o
 .debug_abbrev  0x0000000000000272       0xd2 ./Core/Src/main.o
 .debug_abbrev  0x0000000000000344      0x13b ./Core/Src/system_stm32f1xx.o
 .debug_abbrev  0x000000000000047f       0x12 ./Core/Startup/startup_stm32f103rbtx.o

.debug_aranges  0x0000000000000000       0xe0
 .debug_aranges
                0x0000000000000000       0x38 ./Core/Src/MPU6050.o
 .debug_aranges
                0x0000000000000038       0x38 ./Core/Src/i2c.o
 .debug_aranges
                0x0000000000000070       0x20 ./Core/Src/main.o
 .debug_aranges
                0x0000000000000090       0x28 ./Core/Src/system_stm32f1xx.o
 .debug_aranges
                0x00000000000000b8       0x28 ./Core/Startup/startup_stm32f103rbtx.o

.debug_ranges   0x0000000000000000       0x98
 .debug_ranges  0x0000000000000000       0x28 ./Core/Src/MPU6050.o
 .debug_ranges  0x0000000000000028       0x28 ./Core/Src/i2c.o
 .debug_ranges  0x0000000000000050       0x10 ./Core/Src/main.o
 .debug_ranges  0x0000000000000060       0x18 ./Core/Src/system_stm32f1xx.o
 .debug_ranges  0x0000000000000078       0x20 ./Core/Startup/startup_stm32f103rbtx.o

.debug_macro    0x0000000000000000    0x11089
 .debug_macro   0x0000000000000000       0xd8 ./Core/Src/MPU6050.o
 .debug_macro   0x00000000000000d8      0xa6c ./Core/Src/MPU6050.o
 .debug_macro   0x0000000000000b44       0x22 ./Core/Src/MPU6050.o
 .debug_macro   0x0000000000000b66       0x8e ./Core/Src/MPU6050.o
 .debug_macro   0x0000000000000bf4       0x51 ./Core/Src/MPU6050.o
 .debug_macro   0x0000000000000c45      0x103 ./Core/Src/MPU6050.o
 .debug_macro   0x0000000000000d48       0x6a ./Core/Src/MPU6050.o
 .debug_macro   0x0000000000000db2      0x1df ./Core/Src/MPU6050.o
 .debug_macro   0x0000000000000f91       0x64 ./Core/Src/MPU6050.o
 .debug_macro   0x0000000000000ff5       0x22 ./Core/Src/MPU6050.o
 .debug_macro   0x0000000000001017       0x1c ./Core/Src/MPU6050.o
 .debug_macro   0x0000000000001033       0x22 ./Core/Src/MPU6050.o
 .debug_macro   0x0000000000001055       0xbd ./Core/Src/MPU6050.o
 .debug_macro   0x0000000000001112      0xd23 ./Core/Src/MPU6050.o
 .debug_macro   0x0000000000001e35     0xe09e ./Core/Src/MPU6050.o
 .debug_macro   0x000000000000fed3       0xd5 ./Core/Src/i2c.o
 .debug_macro   0x000000000000ffa8      0x257 ./Core/Src/main.o
 .debug_macro   0x00000000000101ff       0x4c ./Core/Src/main.o
 .debug_macro   0x000000000001024b       0x18 ./Core/Src/main.o
 .debug_macro   0x0000000000010263       0x94 ./Core/Src/main.o
 .debug_macro   0x00000000000102f7       0x3c ./Core/Src/main.o
 .debug_macro   0x0000000000010333       0x34 ./Core/Src/main.o
 .debug_macro   0x0000000000010367       0x16 ./Core/Src/main.o
 .debug_macro   0x000000000001037d       0x57 ./Core/Src/main.o
 .debug_macro   0x00000000000103d4       0x97 ./Core/Src/main.o
 .debug_macro   0x000000000001046b      0x341 ./Core/Src/main.o
 .debug_macro   0x00000000000107ac       0xfd ./Core/Src/main.o
 .debug_macro   0x00000000000108a9       0x10 ./Core/Src/main.o
 .debug_macro   0x00000000000108b9       0x16 ./Core/Src/main.o
 .debug_macro   0x00000000000108cf       0x43 ./Core/Src/main.o
 .debug_macro   0x0000000000010912       0x34 ./Core/Src/main.o
 .debug_macro   0x0000000000010946       0x10 ./Core/Src/main.o
 .debug_macro   0x0000000000010956       0x58 ./Core/Src/main.o
 .debug_macro   0x00000000000109ae       0x71 ./Core/Src/main.o
 .debug_macro   0x0000000000010a1f       0x1c ./Core/Src/main.o
 .debug_macro   0x0000000000010a3b      0x12a ./Core/Src/main.o
 .debug_macro   0x0000000000010b65       0x10 ./Core/Src/main.o
 .debug_macro   0x0000000000010b75       0x1c ./Core/Src/main.o
 .debug_macro   0x0000000000010b91       0x52 ./Core/Src/main.o
 .debug_macro   0x0000000000010be3       0x22 ./Core/Src/main.o
 .debug_macro   0x0000000000010c05       0x10 ./Core/Src/main.o
 .debug_macro   0x0000000000010c15       0x52 ./Core/Src/main.o
 .debug_macro   0x0000000000010c67       0xd5 ./Core/Src/main.o
 .debug_macro   0x0000000000010d3c       0x1c ./Core/Src/main.o
 .debug_macro   0x0000000000010d58       0x3d ./Core/Src/main.o
 .debug_macro   0x0000000000010d95       0x16 ./Core/Src/main.o
 .debug_macro   0x0000000000010dab      0x145 ./Core/Src/main.o
 .debug_macro   0x0000000000010ef0       0x10 ./Core/Src/main.o
 .debug_macro   0x0000000000010f00       0x16 ./Core/Src/main.o
 .debug_macro   0x0000000000010f16       0x10 ./Core/Src/main.o
 .debug_macro   0x0000000000010f26       0xc8 ./Core/Src/system_stm32f1xx.o
 .debug_macro   0x0000000000010fee       0x2e ./Core/Src/system_stm32f1xx.o
 .debug_macro   0x000000000001101c       0x6d ./Core/Src/system_stm32f1xx.o

.debug_line     0x0000000000000000     0x18d8
 .debug_line    0x0000000000000000      0x4a8 ./Core/Src/MPU6050.o
 .debug_line    0x00000000000004a8      0x7ae ./Core/Src/i2c.o
 .debug_line    0x0000000000000c56      0x726 ./Core/Src/main.o
 .debug_line    0x000000000000137c      0x4d5 ./Core/Src/system_stm32f1xx.o
 .debug_line    0x0000000000001851       0x87 ./Core/Startup/startup_stm32f103rbtx.o

.debug_str      0x0000000000000000    0x587a2
 .debug_str     0x0000000000000000    0x53e28 ./Core/Src/MPU6050.o
                                      0x54057 (size before relaxing)
 .debug_str     0x0000000000053e28       0x65 ./Core/Src/i2c.o
                                      0x53f07 (size before relaxing)
 .debug_str     0x0000000000053e8d     0x40d6 ./Core/Src/main.o
                                      0x580a4 (size before relaxing)
 .debug_str     0x0000000000057f63      0x7be ./Core/Src/system_stm32f1xx.o
                                      0x545d3 (size before relaxing)
 .debug_str     0x0000000000058721       0x81 ./Core/Startup/startup_stm32f103rbtx.o

.comment        0x0000000000000000       0x50
 .comment       0x0000000000000000       0x50 ./Core/Src/MPU6050.o
                                         0x51 (size before relaxing)
 .comment       0x0000000000000050       0x51 ./Core/Src/i2c.o
 .comment       0x0000000000000050       0x51 ./Core/Src/main.o
 .comment       0x0000000000000050       0x51 ./Core/Src/system_stm32f1xx.o

.debug_frame    0x0000000000000000      0x310
 .debug_frame   0x0000000000000000       0x98 ./Core/Src/MPU6050.o
 .debug_frame   0x0000000000000098       0xa8 ./Core/Src/i2c.o
 .debug_frame   0x0000000000000140       0x2c ./Core/Src/main.o
 .debug_frame   0x000000000000016c       0x58 ./Core/Src/system_stm32f1xx.o
 .debug_frame   0x00000000000001c4       0x2c c:/st/stm32cubeide_1.10.0/stm32cubeide/plugins/com.st.stm32cube.ide.mcu.externaltools.gnu-tools-for-stm32.10.3-2021.10.win32_1.0.0.202111181127/tools/bin/../lib/gcc/arm-none-eabi/10.3.1/../../../../arm-none-eabi/lib/thumb/v7-m/nofp\libc_nano.a(lib_a-init.o)
 .debug_frame   0x00000000000001f0       0xac c:/st/stm32cubeide_1.10.0/stm32cubeide/plugins/com.st.stm32cube.ide.mcu.externaltools.gnu-tools-for-stm32.10.3-2021.10.win32_1.0.0.202111181127/tools/bin/../lib/gcc/arm-none-eabi/10.3.1/thumb/v7-m/nofp\libgcc.a(_arm_addsubdf3.o)
 .debug_frame   0x000000000000029c       0x50 c:/st/stm32cubeide_1.10.0/stm32cubeide/plugins/com.st.stm32cube.ide.mcu.externaltools.gnu-tools-for-stm32.10.3-2021.10.win32_1.0.0.202111181127/tools/bin/../lib/gcc/arm-none-eabi/10.3.1/thumb/v7-m/nofp\libgcc.a(_arm_muldivdf3.o)
 .debug_frame   0x00000000000002ec       0x24 c:/st/stm32cubeide_1.10.0/stm32cubeide/plugins/com.st.stm32cube.ide.mcu.externaltools.gnu-tools-for-stm32.10.3-2021.10.win32_1.0.0.202111181127/tools/bin/../lib/gcc/arm-none-eabi/10.3.1/thumb/v7-m/nofp\libgcc.a(_arm_truncdfsf2.o)
