../Drivers/CMSIS/Include/core_cm3.h:1511:22:__NVIC_EnableIRQ	16	static
../Core/Src/uart.c:24:5:__io_putchar	16	static
../Core/Src/uart.c:29:6:dma1_ch7_init	24	static
../Core/Src/uart.c:79:6:uart2_rxtx_init	8	static
../Core/Src/uart.c:113:6:uart2_rx_interrupt_init	8	static
../Core/Src/uart.c:153:6:uart2_tx_init	8	static
../Core/Src/uart.c:181:6:uart2_read	4	static
../Core/Src/uart.c:188:6:uart2_write	16	static
../Core/Src/uart.c:194:13:uart_set_baudrate	24	static
../Core/Src/uart.c:198:17:compute_uart_bd	16	static
